[2026-03-15 21:41:20] otosan.php - User=Arabe1dayStriksBr status=0 game=LKTEAM endpoint=otosan
[2026-03-15 21:41:28] otosan.php - User=Arabe1dayStriksBr status=0 game=LKTEAM endpoint=otosan
[2026-03-15 22:21:41] otosan.php - User=FCB5zUdbKC status=1 game=LKTEAM endpoint=otosan
[2026-03-15 22:34:46] otosan.php - User=EVELINMODS1 status=1 game=LKTEAM endpoint=otosan
[2026-03-15 22:47:22] otosan.php - User=Arabe1dayStriksBr status=0 game=LKTEAM endpoint=otosan
[2026-03-15 22:47:26] otosan.php - User=Arabe1dayStriksBr status=0 game=LKTEAM endpoint=otosan
[2026-03-15 22:47:35] otosan.php - User=Arabe1dayStriksBr status=0 game=LKTEAM endpoint=otosan
[2026-03-15 23:13:39] otosan.php - User=Guerostricks status=0 game=LKTEAM endpoint=otosan
[2026-03-15 23:16:27] otosan.php - User=Guerostricks status=0 game=LKTEAM endpoint=otosan
[2026-03-15 23:16:31] otosan.php - User=Guerostricks status=0 game=LKTEAM endpoint=otosan
[2026-03-15 23:16:34] otosan.php - User=Guerostricks status=0 game=LKTEAM endpoint=otosan
[2026-03-15 23:16:37] otosan.php - User=Guerostricks status=0 game=LKTEAM endpoint=otosan
[2026-03-15 23:20:12] otosan.php - User=STRICKSTRIALV4 status=0 game=LKTEAM endpoint=otosan
[2026-03-15 23:22:48] otosan.php - User=STRICKSTRIALV4 status=0 game=LKTEAM endpoint=otosan
[2026-03-15 23:22:56] otosan.php - User=STRICKSTRIALV4 status=0 game=LKTEAM endpoint=otosan
[2026-03-15 23:27:05] otosan.php - User=JUANDD status=1 game=LKTEAM endpoint=otosan
[2026-03-15 23:33:24] otosan.php - User=Arabe1dayStriksBr status=0 game=LKTEAM endpoint=otosan
[2026-03-15 23:33:42] otosan.php - User not found: Arabe2dayStriksBr
[2026-03-16 00:03:21] otosan.php - User=JUANDD status=1 game=LKTEAM endpoint=otosan
[2026-03-16 00:53:34] otosan.php - User=Arabe1dayStriksBr status=0 game=LKTEAM endpoint=otosan
[2026-03-16 00:53:41] otosan.php - User=Arabe1dayStriksBr status=0 game=LKTEAM endpoint=otosan
[2026-03-16 00:54:27] otosan.php - User not found: Key:Arabe1dayStriksBr
[2026-03-16 00:54:36] otosan.php - User not found: :Arabe1dayStriksBr
[2026-03-16 00:54:45] otosan.php - User=Arabe1dayStriksBr status=0 game=LKTEAM endpoint=otosan
[2026-03-16 00:56:41] otosan.php - User=JUANDD status=1 game=LKTEAM endpoint=otosan
[2026-03-16 01:34:46] otosan.php - User=Arabe1dayStriksBr status=0 game=LKTEAM endpoint=otosan
[2026-03-16 01:41:14] otosan.php - User=JUANDD status=1 game=LKTEAM endpoint=otosan
[2026-03-16 02:02:56] otosan.php - User=JUANDD status=1 game=LKTEAM endpoint=otosan
[2026-03-16 02:17:54] otosan.php - User=CHUZOMBLES status=1 game=LKTEAM endpoint=otosan
[2026-03-16 02:23:33] otosan.php - User=STRICKSTRIALV4 status=0 game=LKTEAM endpoint=otosan
[2026-03-16 02:23:46] otosan.php - User=STRICKSTRIALV4 status=0 game=LKTEAM endpoint=otosan
[2026-03-16 02:34:46] otosan.php - User=JUANDD status=1 game=LKTEAM endpoint=otosan
[2026-03-16 03:01:05] otosan.php - User=EVELINMODS1 status=1 game=LKTEAM endpoint=otosan
[2026-03-16 03:25:10] otosan.php - User=STRICKSTRIALV4 status=0 game=LKTEAM endpoint=otosan
[2026-03-16 03:26:21] otosan.php - User=STRICKSTRIALV4 status=0 game=LKTEAM endpoint=otosan
[2026-03-16 03:27:00] otosan.php - User=STRICKSTRIALV4 status=0 game=LKTEAM endpoint=otosan
[2026-03-16 03:27:43] otosan.php - User=STRICKSTRIALV4 status=0 game=LKTEAM endpoint=otosan
[2026-03-16 03:27:45] otosan.php - User=STRICKSTRIALV4 status=0 game=LKTEAM endpoint=otosan
[2026-03-16 03:27:48] otosan.php - User=STRICKSTRIALV4 status=0 game=LKTEAM endpoint=otosan
[2026-03-16 03:27:50] otosan.php - User=STRICKSTRIALV4 status=0 game=LKTEAM endpoint=otosan
[2026-03-16 03:28:23] otosan.php - User not found: key:STRICKSTRIALV4
[2026-03-16 05:13:37] otosan.php - User=MJPVIPP status=1 game=LKTEAM endpoint=otosan
[2026-03-16 05:14:07] otosan.php - User=Guerostricks status=0 game=LKTEAM endpoint=otosan
[2026-03-16 05:14:49] otosan.php - User=Guerostricks status=0 game=LKTEAM endpoint=otosan
[2026-03-16 05:14:56] otosan.php - User=Guerostricks status=0 game=LKTEAM endpoint=otosan
[2026-03-16 05:48:55] otosan.php - User=CHUZOMBLES status=1 game=LKTEAM endpoint=otosan
[2026-03-16 06:06:09] otosan.php - User=CRISTIANMODS status=1 game=LKTEAM endpoint=otosan
[2026-03-16 06:11:45] otosan.php - User not found: BEYOND-BYEJDJS
[2026-03-16 06:11:53] otosan.php - User not found: BEYOND-BYEJDJS
[2026-03-16 06:12:42] otosan.php - User=Guerostricks status=0 game=LKTEAM endpoint=otosan
[2026-03-16 06:12:51] otosan.php - User=Guerostricks status=0 game=LKTEAM endpoint=otosan
[2026-03-16 06:15:22] otosan.php - User=Guerostricks status=0 game=LKTEAM endpoint=otosan
[2026-03-16 06:44:35] otosan.php - User not found: Smokmx3
[2026-03-16 06:53:12] otosan.php - User=MARTINMODS21 status=1 game=LKTEAM endpoint=otosan
[2026-03-16 07:34:11] otosan.php - User=CHUZOMBLES status=1 game=LKTEAM endpoint=otosan
[2026-03-16 07:57:43] otosan.php - User=MARTINMODS21 status=1 game=LKTEAM endpoint=otosan
[2026-03-16 08:08:00] otosan.php - User=JUANDD status=1 game=LKTEAM endpoint=otosan
[2026-03-16 08:11:48] otosan.php - User=EVELINMODS1 status=1 game=LKTEAM endpoint=otosan
[2026-03-16 08:26:09] otosan.php - User=CHUZOMBLES status=1 game=LKTEAM endpoint=otosan
[2026-03-16 08:55:44] otosan.php - User=MJPVIPP status=1 game=LKTEAM endpoint=otosan
[2026-03-16 08:59:58] otosan.php - User=PORKYVIP123 status=1 game=LKTEAM endpoint=otosan
[2026-03-16 09:01:45] otosan.php - User=PORKYVIP123 status=1 game=LKTEAM endpoint=otosan
[2026-03-16 09:03:08] otosan.php - User=CHUZOMBLES status=1 game=LKTEAM endpoint=otosan
[2026-03-16 09:27:23] otosan.php - User not found: 2P43D0HSACB4CUW5
[2026-03-16 09:27:25] otosan.php - User not found: 2P43D0HSACB4CUW5
[2026-03-16 09:27:28] otosan.php - User not found: 2P43D0HSACB4CUW5
[2026-03-16 09:27:30] otosan.php - User not found: 2P43D0HSACB4CUW5
[2026-03-16 09:49:00] otosan.php - User not found: andra
[2026-03-16 09:49:15] otosan.php - User not found: free
[2026-03-16 09:49:54] otosan.php - User=EVELINMODS1 status=1 game=LKTEAM endpoint=otosan
[2026-03-16 10:07:08] otosan.php - User=EVELINMODS1 status=1 game=LKTEAM endpoint=otosan
[2026-03-16 10:11:25] otosan.php - User=EVELINMODS1 status=1 game=LKTEAM endpoint=otosan
[2026-03-16 10:26:33] otosan.php - User not found: Arabe1dayStriksBr
    
[2026-03-16 10:28:26] otosan.php - User=Arabe1dayStriksBr status=0 game=LKTEAM endpoint=otosan
[2026-03-16 10:28:35] otosan.php - User=Arabe1dayStriksBr status=0 game=LKTEAM endpoint=otosan
[2026-03-16 10:28:39] otosan.php - User=Arabe1dayStriksBr status=0 game=LKTEAM endpoint=otosan
[2026-03-16 10:30:00] otosan.php - User=EVELINMODS1 status=1 game=LKTEAM endpoint=otosan
[2026-03-16 10:31:26] otosan.php - User=EVELINMODS1 status=1 game=LKTEAM endpoint=otosan
[2026-03-16 11:11:11] otosan.php - User=kqe7FcyFgq status=1 game=LKTEAM endpoint=otosan
[2026-03-16 11:37:44] otosan.php - User=kqe7FcyFgq status=1 game=LKTEAM endpoint=otosan
[2026-03-16 11:38:51] otosan.php - User=Guerostricks status=0 game=LKTEAM endpoint=otosan
[2026-03-16 11:38:56] otosan.php - User=Guerostricks status=0 game=LKTEAM endpoint=otosan
[2026-03-16 11:39:10] otosan.php - User=Guerostricks status=0 game=LKTEAM endpoint=otosan
[2026-03-16 11:39:16] otosan.php - User=Guerostricks status=0 game=LKTEAM endpoint=otosan
[2026-03-16 11:39:30] otosan.php - User=Guerostricks status=0 game=LKTEAM endpoint=otosan
[2026-03-16 11:39:41] otosan.php - User not found: Videos tricks 
[2026-03-16 11:39:41] otosan.php - User=kqe7FcyFgq status=1 game=LKTEAM endpoint=otosan
[2026-03-16 11:40:18] otosan.php - User not found: Guero Modz
[2026-03-16 11:40:23] otosan.php - User not found: Guero Modz
[2026-03-16 11:40:36] otosan.php - User not found: GueroModz
[2026-03-16 11:41:53] otosan.php - User not found: Guerotrial
[2026-03-16 11:42:31] otosan.php - User not found: GUEROMODZZ
[2026-03-16 11:42:54] otosan.php - User=kqe7FcyFgq status=1 game=LKTEAM endpoint=otosan
[2026-03-16 11:43:18] otosan.php - User=kqe7FcyFgq status=1 game=LKTEAM endpoint=otosan
[2026-03-16 11:44:33] otosan.php - User=kqe7FcyFgq status=1 game=LKTEAM endpoint=otosan
[2026-03-16 11:49:32] otosan.php - User=kqe7FcyFgq status=1 game=LKTEAM endpoint=otosan
[2026-03-16 11:50:06] otosan.php - User=kqe7FcyFgq status=1 game=LKTEAM endpoint=otosan
[2026-03-16 12:17:22] otosan.php - User=Arabe1dayStriksBr status=0 game=LKTEAM endpoint=otosan
[2026-03-16 12:17:24] otosan.php - User=Arabe1dayStriksBr status=0 game=LKTEAM endpoint=otosan
[2026-03-16 12:17:40] otosan.php - User not found: Arabe1dayStriksaBr
[2026-03-16 12:17:43] otosan.php - User not found: Arabe1dayStriksaBr
[2026-03-16 12:17:53] otosan.php - User not found: Arabe1dayStriksaBr
[2026-03-16 12:17:56] otosan.php - User not found: Arabe1dayStriksaBr
[2026-03-16 12:18:22] otosan.php - User not found: Arabe1dayStriksaBr
[2026-03-16 12:19:34] otosan.php - User=Arabe1dayStriksBr status=0 game=LKTEAM endpoint=otosan
[2026-03-16 12:19:36] otosan.php - User=Arabe1dayStriksBr status=0 game=LKTEAM endpoint=otosan
[2026-03-16 12:19:38] otosan.php - User=Arabe1dayStriksBr status=0 game=LKTEAM endpoint=otosan
[2026-03-16 13:52:16] otosan.php - User=RosendoLktrial status=0 game=LKTEAM endpoint=otosan
[2026-03-16 13:52:23] otosan.php - User=RosendoLktrial status=0 game=LKTEAM endpoint=otosan
[2026-03-16 13:52:58] otosan.php - User=RosendoLktrial status=0 game=LKTEAM endpoint=otosan
[2026-03-16 13:53:03] otosan.php - User=RosendoLktrial status=0 game=LKTEAM endpoint=otosan
[2026-03-16 15:00:29] otosan.php - User not found: SX2TEAMFREE
[2026-03-16 15:00:38] otosan.php - User not found: br
[2026-03-16 15:09:07] otosan.php - User=Arabe1dayStriksBr status=0 game=LKTEAM endpoint=otosan
[2026-03-16 15:09:22] otosan.php - User=Arabe1dayStriksBr status=0 game=LKTEAM endpoint=otosan
[2026-03-16 15:09:27] otosan.php - User=Arabe1dayStriksBr status=0 game=LKTEAM endpoint=otosan
[2026-03-16 15:28:35] otosan.php - User=Arabe1dayStriksBr status=0 game=LKTEAM endpoint=otosan
[2026-03-16 15:28:45] otosan.php - User not found: StriksBr
[2026-03-16 15:28:51] otosan.php - User not found: pcc70gqv2lx&r=930
[2026-03-16 15:29:00] otosan.php - User not found: pcc70gqv2lx&r930
[2026-03-16 15:29:24] otosan.php - User not found: welcome
[2026-03-16 15:56:17] otosan.php - User not found: key258456
[2026-03-16 15:56:22] otosan.php - User not found: key258456
[2026-03-16 16:31:13] otosan.php - User not found: edsojustino813@gmial.com
[2026-03-16 16:31:29] otosan.php - User not found: morrisonmaluleque@gmail.com
[2026-03-16 16:31:37] otosan.php - User not found: morrisonmaluleque@gmail.com
[2026-03-16 16:31:44] otosan.php - User not found: morrisonmaluleque@gmail.com
[2026-03-16 16:31:50] otosan.php - User not found: morrisonmaluleque@gmail.com
[2026-03-16 16:31:55] otosan.php - User not found: morrisonmaluleque@gmail.com
[2026-03-16 16:40:19] otosan.php - User=Arabe1dayStriksBr status=0 game=LKTEAM endpoint=otosan
[2026-03-16 16:40:23] otosan.php - User=Arabe1dayStriksBr status=0 game=LKTEAM endpoint=otosan
[2026-03-16 16:57:06] otosan.php - User=Arabe1dayStriksBr status=0 game=LKTEAM endpoint=otosan
[2026-03-16 16:57:08] otosan.php - User not found: @crissadm
[2026-03-16 16:57:13] otosan.php - User=Arabe1dayStriksBr status=0 game=LKTEAM endpoint=otosan
[2026-03-16 16:57:17] otosan.php - User=Arabe1dayStriksBr status=0 game=LKTEAM endpoint=otosan
[2026-03-16 16:57:19] otosan.php - User=Arabe1dayStriksBr status=0 game=LKTEAM endpoint=otosan
[2026-03-16 16:57:22] otosan.php - User=Arabe1dayStriksBr status=0 game=LKTEAM endpoint=otosan
[2026-03-16 16:57:25] otosan.php - User=Arabe1dayStriksBr status=0 game=LKTEAM endpoint=otosan
[2026-03-16 16:57:27] otosan.php - User=Arabe1dayStriksBr status=0 game=LKTEAM endpoint=otosan
[2026-03-16 16:57:30] otosan.php - User=Arabe1dayStriksBr status=0 game=LKTEAM endpoint=otosan
[2026-03-16 16:57:32] otosan.php - User=Arabe1dayStriksBr status=0 game=LKTEAM endpoint=otosan
[2026-03-16 16:57:35] otosan.php - User=Arabe1dayStriksBr status=0 game=LKTEAM endpoint=otosan
[2026-03-16 16:58:51] otosan.php - User=BrArabeV4 status=0 game=LKTEAM endpoint=otosan
[2026-03-16 16:59:01] otosan.php - User=BrArabeV4 status=0 game=LKTEAM endpoint=otosan
[2026-03-16 16:59:04] otosan.php - User=BrArabeV4 status=0 game=LKTEAM endpoint=otosan
[2026-03-16 16:59:06] otosan.php - User=BrArabeV4 status=0 game=LKTEAM endpoint=otosan
[2026-03-16 16:59:52] otosan.php - User not found: Striks Br
[2026-03-16 18:35:20] otosan.php - User=kqe7FcyFgq status=1 game=LKTEAM endpoint=otosan
[2026-03-16 18:35:23] otosan.php - User=kqe7FcyFgq status=1 game=LKTEAM endpoint=otosan
[2026-03-16 18:39:18] otosan.php - User=kqe7FcyFgq status=1 game=LKTEAM endpoint=otosan
[2026-03-16 18:40:18] otosan.php - User not found: 2436
[2026-03-16 18:40:21] otosan.php - User not found: 2436
[2026-03-16 19:01:18] otosan.php - User=kqe7FcyFgq status=1 game=LKTEAM endpoint=otosan
[2026-03-16 19:01:50] otosan.php - User=kqe7FcyFgq status=1 game=LKTEAM endpoint=otosan
[2026-03-16 19:03:57] otosan.php - User=kqe7FcyFgq status=1 game=LKTEAM endpoint=otosan
[2026-03-16 19:04:20] otosan.php - User=kqe7FcyFgq status=1 game=LKTEAM endpoint=otosan
[2026-03-16 19:42:16] otosan.php - User=STRICKSTRIALV4 status=0 game=LKTEAM endpoint=otosan
[2026-03-16 19:42:23] otosan.php - User=STRICKSTRIALV4 status=0 game=LKTEAM endpoint=otosan
[2026-03-16 19:42:28] otosan.php - User=STRICKSTRIALV4 status=0 game=LKTEAM endpoint=otosan
[2026-03-16 19:42:41] otosan.php - User=STRICKSTRIALV4 status=0 game=LKTEAM endpoint=otosan
[2026-03-16 19:43:40] otosan.php - User=oVUfZHsmlY status=1 game=LKTEAM endpoint=otosan
[2026-03-16 20:26:09] otosan.php - User=Aliksa30diasStri status=1 game=LKTEAM endpoint=otosan
[2026-03-16 20:40:54] otosan.php - User=Arabe1dayStriksBr status=0 game=LKTEAM endpoint=otosan
[2026-03-16 20:41:14] otosan.php - User=Arabe1dayStriksBr status=0 game=LKTEAM endpoint=otosan
[2026-03-16 20:42:42] otosan.php - User=STRICKSTRIALV4 status=0 game=LKTEAM endpoint=otosan
[2026-03-16 21:07:33] otosan.php - User=JUANDD status=1 game=LKTEAM endpoint=otosan
[2026-03-16 21:14:29] otosan.php - User=oVUfZHsmlY status=1 game=LKTEAM endpoint=otosan
[2026-03-16 21:16:13] otosan.php - User=oVUfZHsmlY status=1 game=LKTEAM endpoint=otosan
[2026-03-16 21:18:50] otosan.php - User=oVUfZHsmlY status=1 game=LKTEAM endpoint=otosan
[2026-03-16 21:20:16] otosan.php - User=oVUfZHsmlY status=1 game=LKTEAM endpoint=otosan
[2026-03-16 21:42:06] otosan.php - User=DIAZ status=1 game=LKTEAM endpoint=otosan
[2026-03-16 21:42:47] otosan.php - User=DIAZ status=1 game=LKTEAM endpoint=otosan
[2026-03-16 21:43:32] otosan.php - User=STRICKSTRIALV4 status=0 game=LKTEAM endpoint=otosan
[2026-03-16 21:43:38] otosan.php - User=STRICKSTRIALV4 status=0 game=LKTEAM endpoint=otosan
[2026-03-16 21:58:00] otosan.php - User=oVUfZHsmlY status=1 game=LKTEAM endpoint=otosan
[2026-03-16 21:59:01] otosan.php - User=Aliksa30diasStri status=1 game=LKTEAM endpoint=otosan
[2026-03-16 22:03:39] otosan.php - User=oVUfZHsmlY status=1 game=LKTEAM endpoint=otosan
[2026-03-16 22:04:24] otosan.php - User=oVUfZHsmlY status=1 game=LKTEAM endpoint=otosan
[2026-03-16 22:04:48] otosan.php - User=MJPVIPP status=1 game=LKTEAM endpoint=otosan
[2026-03-16 22:09:45] otosan.php - User not found: STRICKS
[2026-03-16 22:10:20] otosan.php - User not found: Key: STRICKS
[2026-03-16 22:10:24] otosan.php - User not found: Key: ST
[2026-03-16 22:10:51] otosan.php - User not found: @crissadm
[2026-03-16 22:20:04] otosan.php - User not found: XEMMODZ-BR-ADF55980
[2026-03-16 22:20:09] otosan.php - User not found: XEMMODZ-BR-ADF55980
[2026-03-16 22:32:37] otosan.php - User not found: CHUZOMBLES
[2026-03-16 22:36:17] otosan.php - User not found: CHUZOMBLES
[2026-03-16 22:36:25] otosan.php - User not found: CHUZOMBLES
[2026-03-16 22:53:41] otosan.php - User not found: CHUZOMBLES
[2026-03-16 23:05:04] otosan.php - User=MJPVIPP status=1 game=LKTEAM endpoint=otosan
[2026-03-16 23:08:32] otosan.php - User=MJPVIPP status=1 game=LKTEAM endpoint=otosan
[2026-03-16 23:35:55] otosan.php - User=Arabe1dayStriksBr status=0 game=LKTEAM endpoint=otosan
[2026-03-16 23:36:19] otosan.php - User not found: PS-NLP1RU
[2026-03-16 23:36:27] otosan.php - User not found: PS-NLP1RU
[2026-03-16 23:47:27] otosan.php - User=CHUZOMBLES status=1 game=LKTEAM endpoint=otosan
[2026-03-17 00:07:21] otosan.php - User=CHUZOMBLES status=1 game=LKTEAM endpoint=otosan
[2026-03-17 00:12:06] otosan.php - User=MJPVIPP status=1 game=LKTEAM endpoint=otosan
[2026-03-17 00:19:37] otosan.php - User=JUANDD status=1 game=LKTEAM endpoint=otosan
[2026-03-17 01:09:11] otosan.php - User=CHUZOMBLES status=1 game=LKTEAM endpoint=otosan
[2026-03-17 01:53:36] otosan.php - User not found: Smokmx3
[2026-03-17 01:54:05] otosan.php - User=Smokmx2 status=1 game=LKTEAM endpoint=otosan
[2026-03-17 02:03:52] otosan.php - User=CHUZOMBLES status=1 game=LKTEAM endpoint=otosan
[2026-03-17 02:05:09] otosan.php - User=MJPVIPP status=1 game=LKTEAM endpoint=otosan
[2026-03-17 02:12:24] otosan.php - User=Arabe1dayStriksBr status=0 game=LKTEAM endpoint=otosan
[2026-03-17 02:13:57] otosan.php - User=Arabe1dayStriksBr status=0 game=LKTEAM endpoint=otosan
[2026-03-17 02:14:04] otosan.php - User=Arabe1dayStriksBr status=0 game=LKTEAM endpoint=otosan
[2026-03-17 02:14:28] otosan.php - User=Arabe1dayStriksBr status=0 game=LKTEAM endpoint=otosan
[2026-03-17 02:24:14] otosan.php - User=FCB5zUdbKC status=1 game=LKTEAM endpoint=otosan
[2026-03-17 02:28:50] otosan.php - User not found: XWDu3Jp7yLybL
[2026-03-17 02:28:55] otosan.php - User not found: XWDu3Jp7yLybL
[2026-03-17 02:29:01] otosan.php - User not found: XWDu3Jp7yLyb
[2026-03-17 02:29:11] otosan.php - User not found: CH4KALON
[2026-03-17 02:47:19] otosan.php - User=AgWFZUm8zQ status=1 game=LKTEAM endpoint=otosan
[2026-03-17 03:53:33] otosan.php - User=Guerostricks status=0 game=LKTEAM endpoint=otosan
[2026-03-17 03:53:37] otosan.php - User=Guerostricks status=0 game=LKTEAM endpoint=otosan
[2026-03-17 03:59:51] otosan.php - User=Guerostricks status=0 game=LKTEAM endpoint=otosan
[2026-03-17 03:59:56] otosan.php - User=Guerostricks status=0 game=LKTEAM endpoint=otosan
[2026-03-17 03:59:59] otosan.php - User=Guerostricks status=0 game=LKTEAM endpoint=otosan
[2026-03-17 04:00:01] otosan.php - User=Guerostricks status=0 game=LKTEAM endpoint=otosan
[2026-03-17 04:00:03] otosan.php - User=Guerostricks status=0 game=LKTEAM endpoint=otosan
[2026-03-17 04:00:06] otosan.php - User=Guerostricks status=0 game=LKTEAM endpoint=otosan
[2026-03-17 04:11:45] otosan.php - User=AgWFZUm8zQ status=1 game=LKTEAM endpoint=otosan
[2026-03-17 04:33:36] otosan.php - User=AgWFZUm8zQ status=1 game=LKTEAM endpoint=otosan
[2026-03-17 04:34:46] otosan.php - User=AgWFZUm8zQ status=1 game=LKTEAM endpoint=otosan
[2026-03-17 04:42:36] otosan.php - User=MJPVIPP status=1 game=LKTEAM endpoint=otosan
[2026-03-17 04:51:37] otosan.php - User=DIAZ status=1 game=LKTEAM endpoint=otosan
[2026-03-17 04:57:52] otosan.php - User=STRICKSTRIALV4 status=0 game=LKTEAM endpoint=otosan
[2026-03-17 04:58:04] otosan.php - User not found: STRICKSTRIALV5
[2026-03-17 05:22:24] otosan.php - User=DIAZ status=1 game=LKTEAM endpoint=otosan
[2026-03-17 05:44:46] otosan.php - User=STRICKSTRIALV4 status=0 game=LKTEAM endpoint=otosan
[2026-03-17 05:45:02] otosan.php - User=STRICKSTRIALV4 status=0 game=LKTEAM endpoint=otosan
[2026-03-17 05:45:18] otosan.php - User=STRICKSTRIALV4 status=0 game=LKTEAM endpoint=otosan
[2026-03-17 05:45:26] otosan.php - User=STRICKSTRIALV4 status=0 game=LKTEAM endpoint=otosan
[2026-03-17 05:45:35] otosan.php - User=MJPVIPP status=1 game=LKTEAM endpoint=otosan
[2026-03-17 06:08:58] otosan.php - User=MJPVIPP status=1 game=LKTEAM endpoint=otosan
[2026-03-17 06:17:40] otosan.php - User=MJPVIPP status=1 game=LKTEAM endpoint=otosan
[2026-03-17 06:27:54] otosan.php - User=DIAZ status=1 game=LKTEAM endpoint=otosan
[2026-03-17 06:46:18] otosan.php - User=STRICKSTRIALV4 status=0 game=LKTEAM endpoint=otosan
[2026-03-17 06:46:25] otosan.php - User=STRICKSTRIALV4 status=0 game=LKTEAM endpoint=otosan
[2026-03-17 07:04:31] otosan.php - User not found: stocks br
[2026-03-17 07:04:39] otosan.php - User not found: stricks br
[2026-03-17 07:05:05] otosan.php - User=Guerostricks status=0 game=LKTEAM endpoint=otosan
[2026-03-17 07:05:31] otosan.php - User not found: Guerostrick
[2026-03-17 07:05:38] otosan.php - User not found: Culiche
[2026-03-17 07:05:42] otosan.php - User not found: Culiche
[2026-03-17 07:10:12] otosan.php - User=Guerostricks status=0 game=LKTEAM endpoint=otosan
[2026-03-17 07:10:32] otosan.php - User not found: CELICA
[2026-03-17 07:15:50] otosan.php - User=MJPVIPP status=1 game=LKTEAM endpoint=otosan
[2026-03-17 07:16:02] otosan.php - User=Guerostricks status=0 game=LKTEAM endpoint=otosan
[2026-03-17 07:16:28] otosan.php - User=Guerostricks status=0 game=LKTEAM endpoint=otosan
[2026-03-17 07:29:16] otosan.php - User=Smokmx2 status=1 game=LKTEAM endpoint=otosan
[2026-03-17 07:29:48] otosan.php - User not found: smonkmx2
[2026-03-17 07:29:59] otosan.php - User=Smokmx2 status=1 game=LKTEAM endpoint=otosan
[2026-03-17 07:45:36] otosan.php - User=Arabe1dayStriksBr status=0 game=LKTEAM endpoint=otosan
[2026-03-17 07:45:40] otosan.php - User=Arabe1dayStriksBr status=0 game=LKTEAM endpoint=otosan
[2026-03-17 07:55:35] otosan.php - User=Arabe1dayStriksBr status=0 game=LKTEAM endpoint=otosan
[2026-03-17 07:59:30] otosan.php - User=MJPVIPP status=1 game=LKTEAM endpoint=otosan
[2026-03-17 08:07:04] otosan.php - User=MJPVIPP status=1 game=LKTEAM endpoint=otosan
[2026-03-17 08:14:04] otosan.php - User=MJPVIPP status=1 game=LKTEAM endpoint=otosan
[2026-03-17 08:21:42] otosan.php - User=Guerostricks status=0 game=LKTEAM endpoint=otosan
[2026-03-17 08:23:42] otosan.php - User=BrArabeV4 status=0 game=LKTEAM endpoint=otosan
[2026-03-17 08:53:40] otosan.php - User=MANUELROJAS30DIAS status=1 game=LKTEAM endpoint=otosan
[2026-03-17 08:59:24] otosan.php - User not found: ZeroDark
[2026-03-17 08:59:46] otosan.php - User not found: DAYNASTY69
[2026-03-17 08:59:50] otosan.php - User not found: DAYNASTY69
[2026-03-17 08:59:55] otosan.php - User not found: DAYNASTY69
[2026-03-17 08:59:59] otosan.php - User not found: ZeroDark
[2026-03-17 09:00:01] otosan.php - User not found: DAYNASTY69
[2026-03-17 09:00:03] otosan.php - User not found: DAYNASTY69
[2026-03-17 09:00:05] otosan.php - User not found: DAYNASTY69
[2026-03-17 09:00:07] otosan.php - User not found: DAYNASTY69
[2026-03-17 09:00:10] otosan.php - User not found: DAYNASTY69
[2026-03-17 09:00:12] otosan.php - User not found: DAYNASTY69
[2026-03-17 09:00:14] otosan.php - User not found: DAYNASTY69
[2026-03-17 09:00:17] otosan.php - User not found: DAYNASTY69
[2026-03-17 09:00:19] otosan.php - User not found: DAYNASTY69
[2026-03-17 09:05:15] otosan.php - User not found: ZeroDark
[2026-03-17 09:05:50] otosan.php - User not found: ZeroDark
[2026-03-17 09:11:17] otosan.php - User=EVELINMODS1 status=1 game=LKTEAM endpoint=otosan
[2026-03-17 09:15:42] otosan.php - User not found: ZeroDark
[2026-03-17 09:16:46] otosan.php - Missing token params
[2026-03-17 09:21:53] otosan.php - User=MANUELROJAS30DIAS status=1 game=LKTEAM endpoint=otosan
[2026-03-17 09:47:41] otosan.php - User=EVELINMODS1 status=1 game=LKTEAM endpoint=otosan
[2026-03-17 10:03:20] otosan.php - User not found: Guero Modz
[2026-03-17 10:03:56] otosan.php - User=Guerostricks status=0 game=LKTEAM endpoint=otosan
[2026-03-17 10:04:02] otosan.php - User=Guerostricks status=0 game=LKTEAM endpoint=otosan
[2026-03-17 10:04:04] otosan.php - User=Guerostricks status=0 game=LKTEAM endpoint=otosan
[2026-03-17 10:04:06] otosan.php - User=Guerostricks status=0 game=LKTEAM endpoint=otosan
[2026-03-17 10:04:09] otosan.php - User=Guerostricks status=0 game=LKTEAM endpoint=otosan
[2026-03-17 10:04:11] otosan.php - User=Guerostricks status=0 game=LKTEAM endpoint=otosan
[2026-03-17 10:04:13] otosan.php - User=Guerostricks status=0 game=LKTEAM endpoint=otosan
[2026-03-17 10:04:16] otosan.php - User=Guerostricks status=0 game=LKTEAM endpoint=otosan
[2026-03-17 10:04:18] otosan.php - User=Guerostricks status=0 game=LKTEAM endpoint=otosan
[2026-03-17 10:04:21] otosan.php - User=Guerostricks status=0 game=LKTEAM endpoint=otosan
[2026-03-17 10:04:23] otosan.php - User=Guerostricks status=0 game=LKTEAM endpoint=otosan
[2026-03-17 10:04:25] otosan.php - User=Guerostricks status=0 game=LKTEAM endpoint=otosan
[2026-03-17 10:04:27] otosan.php - User=Guerostricks status=0 game=LKTEAM endpoint=otosan
[2026-03-17 10:04:30] otosan.php - User=Guerostricks status=0 game=LKTEAM endpoint=otosan
[2026-03-17 10:04:32] otosan.php - User=Guerostricks status=0 game=LKTEAM endpoint=otosan
[2026-03-17 10:04:34] otosan.php - User=Guerostricks status=0 game=LKTEAM endpoint=otosan
[2026-03-17 10:34:35] otosan.php - User=MANUELROJAS30DIAS status=1 game=LKTEAM endpoint=otosan
[2026-03-17 11:07:01] otosan.php - User=DIAZ status=1 game=LKTEAM endpoint=otosan
[2026-03-17 11:11:51] otosan.php - User not found: Guerostricks
 
[2026-03-17 11:11:54] otosan.php - User not found: Guerostricks
 
[2026-03-17 11:12:42] otosan.php - User not found: Guerostricks
 
[2026-03-17 11:13:14] otosan.php - User not found: Guero Modz
 
[2026-03-17 11:13:27] otosan.php - User not found: GueroModz
 
[2026-03-17 11:15:03] otosan.php - User=Guerostricks status=0 game=LKTEAM endpoint=otosan
[2026-03-17 11:44:03] otosan.php - User=CHUZOMBLES status=1 game=LKTEAM endpoint=otosan
[2026-03-17 11:58:21] otosan.php - User=CHUZOMBLES status=1 game=LKTEAM endpoint=otosan
[2026-03-17 12:01:39] otosan.php - User=CHUZOMBLES status=1 game=LKTEAM endpoint=otosan
[2026-03-17 12:07:04] otosan.php - User=CHUZOMBLES status=1 game=LKTEAM endpoint=otosan
[2026-03-17 12:20:24] otosan.php - User=oVUfZHsmlY status=1 game=LKTEAM endpoint=otosan
[2026-03-17 12:23:23] otosan.php - User=oVUfZHsmlY status=1 game=LKTEAM endpoint=otosan
[2026-03-17 12:25:36] otosan.php - User not found: KzTeam
[2026-03-17 12:25:50] otosan.php - User not found: Freebyarabemods
[2026-03-17 12:25:59] otosan.php - User not found: arabemods
[2026-03-17 12:26:04] otosan.php - User not found: arabemods1
[2026-03-17 12:26:28] otosan.php - User not found: aincarders
[2026-03-17 12:26:36] otosan.php - User not found: aincraders
[2026-03-17 12:27:15] otosan.php - User not found: NATIVE-GPVPZK
[2026-03-17 12:44:36] otosan.php - User=oVUfZHsmlY status=1 game=LKTEAM endpoint=otosan
[2026-03-17 13:05:39] otosan.php - User not found:  Guerostricks 
 
[2026-03-17 13:05:51] otosan.php - User not found:  Guerostricks
[2026-03-17 13:05:57] otosan.php - User not found:  Guerostricks
[2026-03-17 13:08:58] otosan.php - User not found: Guerosticks
[2026-03-17 13:09:12] otosan.php - User not found: Guerosticks
[2026-03-17 13:11:37] otosan.php - User not found:  stircks br
[2026-03-17 13:11:44] otosan.php - User not found:  stircks br
[2026-03-17 13:16:24] otosan.php - User not found: Guero Modz
[2026-03-17 13:16:42] otosan.php - User not found: Guero Modz
[2026-03-17 13:47:55] otosan.php - User=STRICKSTRIALV4 status=0 game=LKTEAM endpoint=otosan
[2026-03-17 13:48:06] otosan.php - User=STRICKSTRIALV4 status=0 game=LKTEAM endpoint=otosan
[2026-03-17 13:48:53] otosan.php - User=STRICKSTRIALV4 status=0 game=LKTEAM endpoint=otosan
[2026-03-17 13:49:05] otosan.php - User=STRICKSTRIALV4 status=0 game=LKTEAM endpoint=otosan
[2026-03-17 13:51:14] otosan.php - User=STRICKSTRIALV4 status=0 game=LKTEAM endpoint=otosan
[2026-03-17 13:51:30] otosan.php - User=STRICKSTRIALV4 status=0 game=LKTEAM endpoint=otosan
[2026-03-17 13:54:09] otosan.php - User not found: VIPTEAM
[2026-03-17 14:54:37] otosan.php - User not found: stircks br
[2026-03-17 16:15:42] otosan.php - User=CHUZOMBLES status=1 game=LKTEAM endpoint=otosan
[2026-03-17 16:29:45] otosan.php - User=kqe7FcyFgq status=1 game=LKTEAM endpoint=otosan
[2026-03-17 16:30:52] otosan.php - User=kqe7FcyFgq status=1 game=LKTEAM endpoint=otosan
[2026-03-17 16:30:55] otosan.php - User=kqe7FcyFgq status=1 game=LKTEAM endpoint=otosan
[2026-03-17 16:32:47] otosan.php - User=kqe7FcyFgq status=1 game=LKTEAM endpoint=otosan
[2026-03-17 16:52:18] otosan.php - User=Arabe1dayStriksBr status=0 game=LKTEAM endpoint=otosan
[2026-03-17 16:52:51] otosan.php - User=Arabe1dayStriksBr status=0 game=LKTEAM endpoint=otosan
[2026-03-17 16:52:58] otosan.php - User=Arabe1dayStriksBr status=0 game=LKTEAM endpoint=otosan
[2026-03-17 16:53:29] otosan.php - User not found: Arabe 1 dayStriksBr
[2026-03-17 16:53:34] otosan.php - User not found: Arabe 1dayStriksBr
[2026-03-17 16:54:12] otosan.php - User not found: Arabe 1 dayStriksBr
[2026-03-17 16:54:18] otosan.php - User not found: Arabe 1 dayStriksBr
[2026-03-17 16:54:23] otosan.php - User not found: Arabe 1 day StriksBr
[2026-03-17 16:54:26] otosan.php - User not found: Arabe 1 day StriksBr
[2026-03-17 16:54:33] otosan.php - User not found: Arabe 1 day Striks Br
[2026-03-17 16:55:08] otosan.php - User=BrArabeV4 status=0 game=LKTEAM endpoint=otosan
[2026-03-17 16:56:06] otosan.php - User=BrArabeV4 status=0 game=LKTEAM endpoint=otosan
[2026-03-17 16:57:33] otosan.php - User=STRICKSTRIALV4 status=0 game=LKTEAM endpoint=otosan
[2026-03-17 16:59:29] otosan.php - User=oVUfZHsmlY status=1 game=LKTEAM endpoint=otosan
[2026-03-17 19:49:55] otosan.php - User not found: ArabeldayStriks Br
[2026-03-17 19:50:37] otosan.php - User not found: ArabeldayStriks Br
[2026-03-17 19:50:41] otosan.php - User not found: ArabeldayStriks Br
[2026-03-17 19:50:45] otosan.php - User not found: ArabeldayStriks Br
[2026-03-17 19:50:50] otosan.php - User not found: ArabeldayStriks Br
[2026-03-17 19:51:26] otosan.php - User not found: ArabeldayStriks Br
[2026-03-17 19:51:30] otosan.php - User not found: ArabeldayStriks Br
[2026-03-17 19:51:55] otosan.php - User not found: ArabeldayStriks Br
[2026-03-17 19:52:03] otosan.php - User not found: ArabeldaySt
[2026-03-17 19:52:19] otosan.php - User not found: ArabeldayStriks
[2026-03-17 19:52:27] otosan.php - User not found: Arabelday
[2026-03-17 19:53:16] otosan.php - User not found: AArabe1dayStriks Br
[2026-03-17 19:53:23] otosan.php - User not found: AArabe1dayStriks Br
[2026-03-17 19:53:27] otosan.php - User not found: Arabe1dayStriks Br
[2026-03-17 19:53:49] otosan.php - User not found: Arabe1dayStriks Br
[2026-03-17 19:53:53] otosan.php - User not found: Arabe1dayStriks Br
[2026-03-17 19:53:55] otosan.php - User not found: Arabe1dayStriks Br
[2026-03-17 19:55:50] otosan.php - User not found: Arabe1dayStriks Br
[2026-03-17 20:02:06] otosan.php - User=Arabe1dayStriksBr status=0 game=LKTEAM endpoint=otosan
[2026-03-17 20:02:11] otosan.php - User=Arabe1dayStriksBr status=0 game=LKTEAM endpoint=otosan
[2026-03-17 20:02:19] otosan.php - User=Arabe1dayStriksBr status=0 game=LKTEAM endpoint=otosan
[2026-03-17 20:03:07] otosan.php - User=Arabe1dayStriksBr status=0 game=LKTEAM endpoint=otosan
[2026-03-17 20:52:07] otosan.php - User=MANUELROJAS30DIAS status=1 game=LKTEAM endpoint=otosan
[2026-03-17 21:56:04] otosan.php - User=CHUZOMBLES status=1 game=LKTEAM endpoint=otosan
[2026-03-17 22:08:03] otosan.php - User=MANUELROJAS30DIAS status=1 game=LKTEAM endpoint=otosan
[2026-03-17 22:41:58] otosan.php - User=STRICKSTRIALV4 status=0 game=LKTEAM endpoint=otosan
[2026-03-17 22:51:10] otosan.php - User=STRICKSTRIALV4 status=0 game=LKTEAM endpoint=otosan
[2026-03-17 22:51:14] otosan.php - User=STRICKSTRIALV4 status=0 game=LKTEAM endpoint=otosan
[2026-03-17 22:52:25] otosan.php - User not found: STRIACKSTRIALV4
[2026-03-17 22:52:35] otosan.php - User not found: STRIACKSTRIALV4
[2026-03-17 22:53:37] otosan.php - User not found: STRIACKSTRIALV7
[2026-03-17 22:53:43] otosan.php - User not found: STRIACKSTRIALV4
[2026-03-17 22:53:52] otosan.php - User not found: STRIACKSTRIAL
[2026-03-17 22:54:00] otosan.php - User not found: STRIA
[2026-03-17 22:55:45] otosan.php - User=Aliksa30diasStri status=1 game=LKTEAM endpoint=otosan
[2026-03-17 23:58:58] otosan.php - User=STRICKSTRIALV4 status=0 game=LKTEAM endpoint=otosan
[2026-03-17 23:59:02] otosan.php - User=STRICKSTRIALV4 status=0 game=LKTEAM endpoint=otosan
[2026-03-17 23:59:50] otosan.php - User=STRICKSTRIALV4 status=0 game=LKTEAM endpoint=otosan
[2026-03-18 00:00:50] otosan.php - User not found: 

 STRICKSTRIALV4
[2026-03-18 00:00:55] otosan.php - User not found: 

 STRICKSTRIALV4
[2026-03-18 00:00:57] otosan.php - User not found: 

 STRICKSTRIALV4
[2026-03-18 00:01:00] otosan.php - User not found: 

 STRICKSTRIALV4
[2026-03-18 00:01:02] otosan.php - User not found: 

 STRICKSTRIALV4
[2026-03-18 00:01:05] otosan.php - User not found: 

 STRICKSTRIALV4
[2026-03-18 00:01:07] otosan.php - User not found: 

 STRICKSTRIALV4
[2026-03-18 00:03:35] otosan.php - User not found: 
 STRICKS BR V4
[2026-03-18 01:04:49] otosan.php - User not found: P227fM7pYuHkO

[2026-03-18 01:59:45] otosan.php - User=DIAZ status=1 game=LKTEAM endpoint=otosan
[2026-03-18 02:01:51] otosan.php - User=Guerostricks status=0 game=LKTEAM endpoint=otosan
[2026-03-18 02:38:23] otosan.php - User=STRICKSTRIALV4 status=0 game=LKTEAM endpoint=otosan
[2026-03-18 02:38:43] otosan.php - User=STRICKSTRIALV4 status=0 game=LKTEAM endpoint=otosan
[2026-03-18 02:38:49] otosan.php - User=STRICKSTRIALV4 status=0 game=LKTEAM endpoint=otosan
[2026-03-18 03:48:26] otosan.php - User=Smokmx2 status=1 game=LKTEAM endpoint=otosan
[2026-03-18 03:48:32] otosan.php - User not found: Smokmx
[2026-03-18 04:23:35] otosan.php - User=DIAZ status=1 game=LKTEAM endpoint=otosan
[2026-03-18 04:40:56] otosan.php - User not found: P227fM7pYuHkO
[2026-03-18 04:41:23] otosan.php - User=Arabe1dayStriksBr status=0 game=LKTEAM endpoint=otosan
[2026-03-18 05:10:02] otosan.php - User not found: Guerostrick
[2026-03-18 05:10:05] otosan.php - User not found: Guerostrick
[2026-03-18 05:11:12] otosan.php - User=Guerostricks status=0 game=LKTEAM endpoint=otosan
[2026-03-18 05:11:40] otosan.php - User=Guerostricks status=0 game=LKTEAM endpoint=otosan
[2026-03-18 05:11:43] otosan.php - User=Guerostricks status=0 game=LKTEAM endpoint=otosan
[2026-03-18 05:12:15] otosan.php - User not found: stricks
[2026-03-18 05:12:19] otosan.php - User not found: stricks
[2026-03-18 05:12:39] otosan.php - User not found: stricks br
[2026-03-18 05:12:43] otosan.php - User not found: stricks br
[2026-03-18 05:12:46] otosan.php - User not found: stricks br
[2026-03-18 06:36:12] otosan.php - User=FreeKey_GioV5P status=1 game=LKTEAM endpoint=otosan
[2026-03-18 06:36:17] otosan.php - User=FreeKey_GioV5P status=1 game=LKTEAM endpoint=otosan
[2026-03-18 06:36:20] otosan.php - User=FreeKey_GioV5P status=1 game=LKTEAM endpoint=otosan
[2026-03-18 06:36:22] otosan.php - User=FreeKey_GioV5P status=1 game=LKTEAM endpoint=otosan
[2026-03-18 06:36:25] otosan.php - User=FreeKey_GioV5P status=1 game=LKTEAM endpoint=otosan
[2026-03-18 06:36:27] otosan.php - User=FreeKey_GioV5P status=1 game=LKTEAM endpoint=otosan
[2026-03-18 06:36:43] otosan.php - User not found: GioV5P
[2026-03-18 06:50:28] otosan.php - User not found: L27nsFr8HQZuN
[2026-03-18 06:50:36] otosan.php - User not found: L27nsFr8HQZuN
[2026-03-18 06:56:47] otosan.php - User not found: Lego001
[2026-03-18 06:57:06] otosan.php - User not found: 28K
[2026-03-18 07:01:19] otosan.php - User not found: XFs3KCjB5ucIB
[2026-03-18 07:01:29] otosan.php - User not found: XFs3KCjB5ucIB
[2026-03-18 07:02:52] otosan.php - User not found: STRICKSTRIALV4

[2026-03-18 07:03:00] otosan.php - User not found: STRICKSTRIALV4


[2026-03-18 07:03:10] otosan.php - User not found: 
STRICKSTRIALV4


[2026-03-18 07:04:45] otosan.php - User not found: 1×KLIK


[2026-03-18 07:05:06] otosan.php - User not found: 1×KLlK


[2026-03-18 07:06:24] otosan.php - User not found: key:STRICKSTRIALV4
[2026-03-18 07:06:36] otosan.php - User=STRICKSTRIALV4 status=0 game=LKTEAM endpoint=otosan
[2026-03-18 07:06:51] otosan.php - User not found: STRICKSTRIA4
[2026-03-18 07:06:56] otosan.php - User not found: STRICKSTRIA
[2026-03-18 07:08:05] otosan.php - User not found: 930
[2026-03-18 07:11:42] otosan.php - User not found: Key-51162
[2026-03-18 07:11:52] otosan.php - User not found: 51162
[2026-03-18 07:42:18] otosan.php - User not found: stricks br
[2026-03-18 07:44:32] otosan.php - User not found: stricks br
[2026-03-18 08:20:19] otosan.php - User not found: STRICKS BR V4
[2026-03-18 08:20:30] otosan.php - User not found: STRICKSBRV4
[2026-03-18 08:32:18] otosan.php - User=EVELINMODS1 status=1 game=LKTEAM endpoint=otosan
[2026-03-18 08:33:27] otosan.php - User=EVELINMODS1 status=1 game=LKTEAM endpoint=otosan
[2026-03-18 08:34:57] otosan.php - User=EVELINMODS1 status=1 game=LKTEAM endpoint=otosan
[2026-03-18 08:39:27] otosan.php - User=EVELINMODS1 status=1 game=LKTEAM endpoint=otosan
[2026-03-18 08:43:06] otosan.php - User=PUTITOMODS status=1 game=LKTEAM endpoint=otosan
[2026-03-18 08:47:46] otosan.php - User=PUTITOMODS status=1 game=LKTEAM endpoint=otosan
[2026-03-18 08:50:24] otosan.php - User=PUTITOMODS status=1 game=LKTEAM endpoint=otosan
[2026-03-18 09:03:34] otosan.php - User=DIAZ status=1 game=LKTEAM endpoint=otosan
[2026-03-18 09:04:32] otosan.php - User=STRICKSTRIALV4 status=0 game=LKTEAM endpoint=otosan
[2026-03-18 09:04:39] otosan.php - User=STRICKSTRIALV4 status=0 game=LKTEAM endpoint=otosan
[2026-03-18 09:04:50] otosan.php - User=STRICKSTRIALV4 status=0 game=LKTEAM endpoint=otosan
[2026-03-18 09:04:54] otosan.php - User=STRICKSTRIALV4 status=0 game=LKTEAM endpoint=otosan
[2026-03-18 09:04:56] otosan.php - User=STRICKSTRIALV4 status=0 game=LKTEAM endpoint=otosan
[2026-03-18 09:04:59] otosan.php - User=STRICKSTRIALV4 status=0 game=LKTEAM endpoint=otosan
[2026-03-18 09:05:01] otosan.php - User=STRICKSTRIALV4 status=0 game=LKTEAM endpoint=otosan
[2026-03-18 09:05:04] otosan.php - User=STRICKSTRIALV4 status=0 game=LKTEAM endpoint=otosan
[2026-03-18 09:05:06] otosan.php - User=STRICKSTRIALV4 status=0 game=LKTEAM endpoint=otosan
[2026-03-18 09:19:21] otosan.php - User=DIAZ status=1 game=LKTEAM endpoint=otosan
[2026-03-18 09:37:54] otosan.php - User=STRICKSTRIALV4 status=0 game=LKTEAM endpoint=otosan
[2026-03-18 09:38:29] otosan.php - User not found:  BR-STICKE-FREE
[2026-03-18 10:39:44] otosan.php - User=MANUELROJAS30DIAS status=1 game=LKTEAM endpoint=otosan
[2026-03-18 10:52:25] otosan.php - User not found: 13
[2026-03-18 10:52:35] otosan.php - User not found: ejfhff
[2026-03-18 10:52:40] otosan.php - User not found: ejfhff
[2026-03-18 10:53:57] otosan.php - User=STRICKSTRIALV4 status=0 game=LKTEAM endpoint=otosan
[2026-03-18 10:59:33] otosan.php - User=oVUfZHsmlY status=1 game=LKTEAM endpoint=otosan
[2026-03-18 12:21:21] otosan.php - User=STRICKSTRIALV4 status=0 game=LKTEAM endpoint=otosan
[2026-03-18 12:21:28] otosan.php - User not found: STRICKSTRIAL
[2026-03-18 12:21:36] otosan.php - User not found: STRICKSTRIALV
[2026-03-18 12:21:55] otosan.php - User not found: KEYSTRICKSTRIALV4
[2026-03-18 12:58:54] otosan.php - User not found: fqvtlsoiryp3medn
[2026-03-18 12:59:01] otosan.php - User not found: fqvtlsoiryp3medn
[2026-03-18 13:01:28] otosan.php - User=STRICKSTRIALV4 status=0 game=LKTEAM endpoint=otosan
[2026-03-18 13:01:50] otosan.php - User not found: stricktrialv4
[2026-03-18 14:06:30] otosan.php - User=Smokmx2 status=1 game=LKTEAM endpoint=otosan
[2026-03-18 14:08:10] otosan.php - User=Smokmx2 status=1 game=LKTEAM endpoint=otosan
[2026-03-18 16:21:55] otosan.php - User=STRICKSTRIALV4 status=0 game=LKTEAM endpoint=otosan
[2026-03-18 16:22:00] otosan.php - User=STRICKSTRIALV4 status=0 game=LKTEAM endpoint=otosan
[2026-03-18 16:22:02] otosan.php - User=STRICKSTRIALV4 status=0 game=LKTEAM endpoint=otosan
[2026-03-18 16:23:28] otosan.php - User not found: XEMMODZ-STRICKS-C817C596
[2026-03-18 16:58:42] otosan.php - User=Aliksa30diasStri status=1 game=LKTEAM endpoint=otosan
[2026-03-18 17:17:57] otosan.php - User=Aliksa30diasStri status=1 game=LKTEAM endpoint=otosan
[2026-03-18 18:52:29] otosan.php - User=JUANDD status=1 game=LKTEAM endpoint=otosan
[2026-03-18 19:26:23] otosan.php - User=DIAZ status=1 game=LKTEAM endpoint=otosan
[2026-03-18 19:27:17] otosan.php - User=DIAZ status=1 game=LKTEAM endpoint=otosan
[2026-03-18 20:37:03] otosan.php - User=MANUELROJAS30DIAS status=1 game=LKTEAM endpoint=otosan
[2026-03-18 22:11:55] otosan.php - User=Arabe1dayStriksBr status=0 game=LKTEAM endpoint=otosan
[2026-03-18 22:50:25] otosan.php - User=STRICKSTRIALV4 status=0 game=LKTEAM endpoint=otosan
[2026-03-18 22:50:31] otosan.php - User=STRICKSTRIALV4 status=0 game=LKTEAM endpoint=otosan
[2026-03-18 22:51:33] otosan.php - User=STRICKSTRIALV4 status=0 game=LKTEAM endpoint=otosan
[2026-03-18 22:51:47] otosan.php - User not found: qhsjdkdyhbf
[2026-03-18 22:51:56] otosan.php - User=STRICKSTRIALV4 status=0 game=LKTEAM endpoint=otosan
[2026-03-18 22:51:59] otosan.php - User=STRICKSTRIALV4 status=0 game=LKTEAM endpoint=otosan
[2026-03-18 23:18:39] otosan.php - User=MANUELROJAS30DIAS status=1 game=LKTEAM endpoint=otosan
