CRITICAL - 2026-03-12 08:46:04 --> Unsupported operand types: int * string
#0 /home/mbktunp/public_html/app/Controllers/Keys.php(517): getPrice()
#1 /home/mbktunp/public_html/app/Controllers/Keys.php(457): App\Controllers\Keys->generate_action()
#2 /home/mbktunp/public_html/vendor/codeigniter4/framework/system/CodeIgniter.php(824): App\Controllers\Keys->generate()
#3 /home/mbktunp/public_html/vendor/codeigniter4/framework/system/CodeIgniter.php(410): CodeIgniter\CodeIgniter->runController()
#4 /home/mbktunp/public_html/vendor/codeigniter4/framework/system/CodeIgniter.php(318): CodeIgniter\CodeIgniter->handleRequest()
#5 /home/mbktunp/public_html/public/index.php(37): CodeIgniter\CodeIgniter->run()
#6 /home/mbktunp/public_html/index.php(1): include('/home/mbktunp/p...')
#7 {main}
CRITICAL - 2026-03-12 09:03:36 --> Unsupported operand types: int * string
#0 /home/mbktunp/public_html/app/Controllers/Keys.php(517): getPrice()
#1 /home/mbktunp/public_html/app/Controllers/Keys.php(457): App\Controllers\Keys->generate_action()
#2 /home/mbktunp/public_html/vendor/codeigniter4/framework/system/CodeIgniter.php(824): App\Controllers\Keys->generate()
#3 /home/mbktunp/public_html/vendor/codeigniter4/framework/system/CodeIgniter.php(410): CodeIgniter\CodeIgniter->runController()
#4 /home/mbktunp/public_html/vendor/codeigniter4/framework/system/CodeIgniter.php(318): CodeIgniter\CodeIgniter->handleRequest()
#5 /home/mbktunp/public_html/public/index.php(37): CodeIgniter\CodeIgniter->run()
#6 /home/mbktunp/public_html/index.php(1): include('/home/mbktunp/p...')
#7 {main}
CRITICAL - 2026-03-12 09:03:48 --> Unsupported operand types: int * string
#0 /home/mbktunp/public_html/app/Controllers/Keys.php(517): getPrice()
#1 /home/mbktunp/public_html/app/Controllers/Keys.php(457): App\Controllers\Keys->generate_action()
#2 /home/mbktunp/public_html/vendor/codeigniter4/framework/system/CodeIgniter.php(824): App\Controllers\Keys->generate()
#3 /home/mbktunp/public_html/vendor/codeigniter4/framework/system/CodeIgniter.php(410): CodeIgniter\CodeIgniter->runController()
#4 /home/mbktunp/public_html/vendor/codeigniter4/framework/system/CodeIgniter.php(318): CodeIgniter\CodeIgniter->handleRequest()
#5 /home/mbktunp/public_html/public/index.php(37): CodeIgniter\CodeIgniter->run()
#6 /home/mbktunp/public_html/index.php(1): include('/home/mbktunp/p...')
#7 {main}
CRITICAL - 2026-03-12 09:03:56 --> Unsupported operand types: int * string
#0 /home/mbktunp/public_html/app/Controllers/Keys.php(517): getPrice()
#1 /home/mbktunp/public_html/app/Controllers/Keys.php(457): App\Controllers\Keys->generate_action()
#2 /home/mbktunp/public_html/vendor/codeigniter4/framework/system/CodeIgniter.php(824): App\Controllers\Keys->generate()
#3 /home/mbktunp/public_html/vendor/codeigniter4/framework/system/CodeIgniter.php(410): CodeIgniter\CodeIgniter->runController()
#4 /home/mbktunp/public_html/vendor/codeigniter4/framework/system/CodeIgniter.php(318): CodeIgniter\CodeIgniter->handleRequest()
#5 /home/mbktunp/public_html/public/index.php(37): CodeIgniter\CodeIgniter->run()
#6 /home/mbktunp/public_html/index.php(1): include('/home/mbktunp/p...')
#7 {main}
ERROR - 2026-03-12 16:10:32 --> Table 'mbktunp_hama.libonline' doesn't exist
CRITICAL - 2026-03-12 16:10:32 --> Table 'mbktunp_hama.libonline' doesn't exist
#0 /home/mbktunp/public_html/vendor/codeigniter4/framework/system/Database/MySQLi/Connection.php(292): mysqli->query()
#1 /home/mbktunp/public_html/vendor/codeigniter4/framework/system/Database/BaseConnection.php(670): CodeIgniter\Database\MySQLi\Connection->execute()
#2 /home/mbktunp/public_html/vendor/codeigniter4/framework/system/Database/BaseConnection.php(598): CodeIgniter\Database\BaseConnection->simpleQuery()
#3 /home/mbktunp/public_html/vendor/codeigniter4/framework/system/Database/BaseBuilder.php(1443): CodeIgniter\Database\BaseConnection->query()
#4 /home/mbktunp/public_html/vendor/codeigniter4/framework/system/Model.php(183): CodeIgniter\Database\BaseBuilder->get()
#5 /home/mbktunp/public_html/vendor/codeigniter4/framework/system/BaseModel.php(584): CodeIgniter\Model->doFindAll()
#6 /home/mbktunp/public_html/app/Controllers/LibOnline.php(45): CodeIgniter\BaseModel->findAll()
#7 /home/mbktunp/public_html/app/Controllers/LibOnline.php(36): App\Controllers\LibOnline->defaultPage()
#8 /home/mbktunp/public_html/vendor/codeigniter4/framework/system/CodeIgniter.php(824): App\Controllers\LibOnline->index()
#9 /home/mbktunp/public_html/vendor/codeigniter4/framework/system/CodeIgniter.php(410): CodeIgniter\CodeIgniter->runController()
#10 /home/mbktunp/public_html/vendor/codeigniter4/framework/system/CodeIgniter.php(318): CodeIgniter\CodeIgniter->handleRequest()
#11 /home/mbktunp/public_html/public/index.php(37): CodeIgniter\CodeIgniter->run()
#12 /home/mbktunp/public_html/index.php(1): include('/home/mbktunp/p...')
#13 {main}
ERROR - 2026-03-12 16:10:36 --> Table 'mbktunp_hama.libonline' doesn't exist
CRITICAL - 2026-03-12 16:10:36 --> Table 'mbktunp_hama.libonline' doesn't exist
#0 /home/mbktunp/public_html/vendor/codeigniter4/framework/system/Database/MySQLi/Connection.php(292): mysqli->query()
#1 /home/mbktunp/public_html/vendor/codeigniter4/framework/system/Database/BaseConnection.php(670): CodeIgniter\Database\MySQLi\Connection->execute()
#2 /home/mbktunp/public_html/vendor/codeigniter4/framework/system/Database/BaseConnection.php(598): CodeIgniter\Database\BaseConnection->simpleQuery()
#3 /home/mbktunp/public_html/vendor/codeigniter4/framework/system/Database/BaseBuilder.php(1443): CodeIgniter\Database\BaseConnection->query()
#4 /home/mbktunp/public_html/vendor/codeigniter4/framework/system/Model.php(183): CodeIgniter\Database\BaseBuilder->get()
#5 /home/mbktunp/public_html/vendor/codeigniter4/framework/system/BaseModel.php(584): CodeIgniter\Model->doFindAll()
#6 /home/mbktunp/public_html/app/Controllers/LibOnline.php(45): CodeIgniter\BaseModel->findAll()
#7 /home/mbktunp/public_html/app/Controllers/LibOnline.php(36): App\Controllers\LibOnline->defaultPage()
#8 /home/mbktunp/public_html/vendor/codeigniter4/framework/system/CodeIgniter.php(824): App\Controllers\LibOnline->index()
#9 /home/mbktunp/public_html/vendor/codeigniter4/framework/system/CodeIgniter.php(410): CodeIgniter\CodeIgniter->runController()
#10 /home/mbktunp/public_html/vendor/codeigniter4/framework/system/CodeIgniter.php(318): CodeIgniter\CodeIgniter->handleRequest()
#11 /home/mbktunp/public_html/public/index.php(37): CodeIgniter\CodeIgniter->run()
#12 /home/mbktunp/public_html/index.php(1): include('/home/mbktunp/p...')
#13 {main}
ERROR - 2026-03-12 16:10:48 --> Table 'mbktunp_hama.libonline' doesn't exist
CRITICAL - 2026-03-12 16:10:48 --> Table 'mbktunp_hama.libonline' doesn't exist
#0 /home/mbktunp/public_html/vendor/codeigniter4/framework/system/Database/MySQLi/Connection.php(292): mysqli->query()
#1 /home/mbktunp/public_html/vendor/codeigniter4/framework/system/Database/BaseConnection.php(670): CodeIgniter\Database\MySQLi\Connection->execute()
#2 /home/mbktunp/public_html/vendor/codeigniter4/framework/system/Database/BaseConnection.php(598): CodeIgniter\Database\BaseConnection->simpleQuery()
#3 /home/mbktunp/public_html/vendor/codeigniter4/framework/system/Database/BaseBuilder.php(1443): CodeIgniter\Database\BaseConnection->query()
#4 /home/mbktunp/public_html/vendor/codeigniter4/framework/system/Model.php(183): CodeIgniter\Database\BaseBuilder->get()
#5 /home/mbktunp/public_html/vendor/codeigniter4/framework/system/BaseModel.php(584): CodeIgniter\Model->doFindAll()
#6 /home/mbktunp/public_html/app/Controllers/LibOnline.php(45): CodeIgniter\BaseModel->findAll()
#7 /home/mbktunp/public_html/app/Controllers/LibOnline.php(36): App\Controllers\LibOnline->defaultPage()
#8 /home/mbktunp/public_html/vendor/codeigniter4/framework/system/CodeIgniter.php(824): App\Controllers\LibOnline->index()
#9 /home/mbktunp/public_html/vendor/codeigniter4/framework/system/CodeIgniter.php(410): CodeIgniter\CodeIgniter->runController()
#10 /home/mbktunp/public_html/vendor/codeigniter4/framework/system/CodeIgniter.php(318): CodeIgniter\CodeIgniter->handleRequest()
#11 /home/mbktunp/public_html/public/index.php(37): CodeIgniter\CodeIgniter->run()
#12 /home/mbktunp/public_html/index.php(1): include('/home/mbktunp/p...')
#13 {main}
ERROR - 2026-03-12 16:13:12 --> Table 'mbktunp_hama.libonline' doesn't exist
CRITICAL - 2026-03-12 16:13:12 --> Table 'mbktunp_hama.libonline' doesn't exist
#0 /home/mbktunp/public_html/vendor/codeigniter4/framework/system/Database/MySQLi/Connection.php(292): mysqli->query()
#1 /home/mbktunp/public_html/vendor/codeigniter4/framework/system/Database/BaseConnection.php(670): CodeIgniter\Database\MySQLi\Connection->execute()
#2 /home/mbktunp/public_html/vendor/codeigniter4/framework/system/Database/BaseConnection.php(598): CodeIgniter\Database\BaseConnection->simpleQuery()
#3 /home/mbktunp/public_html/vendor/codeigniter4/framework/system/Database/BaseBuilder.php(1443): CodeIgniter\Database\BaseConnection->query()
#4 /home/mbktunp/public_html/vendor/codeigniter4/framework/system/Model.php(183): CodeIgniter\Database\BaseBuilder->get()
#5 /home/mbktunp/public_html/vendor/codeigniter4/framework/system/BaseModel.php(584): CodeIgniter\Model->doFindAll()
#6 /home/mbktunp/public_html/app/Controllers/LibOnline.php(45): CodeIgniter\BaseModel->findAll()
#7 /home/mbktunp/public_html/app/Controllers/LibOnline.php(36): App\Controllers\LibOnline->defaultPage()
#8 /home/mbktunp/public_html/vendor/codeigniter4/framework/system/CodeIgniter.php(824): App\Controllers\LibOnline->index()
#9 /home/mbktunp/public_html/vendor/codeigniter4/framework/system/CodeIgniter.php(410): CodeIgniter\CodeIgniter->runController()
#10 /home/mbktunp/public_html/vendor/codeigniter4/framework/system/CodeIgniter.php(318): CodeIgniter\CodeIgniter->handleRequest()
#11 /home/mbktunp/public_html/public/index.php(37): CodeIgniter\CodeIgniter->run()
#12 /home/mbktunp/public_html/index.php(1): include('/home/mbktunp/p...')
#13 {main}
ERROR - 2026-03-12 16:13:14 --> Table 'mbktunp_hama.libonline' doesn't exist
CRITICAL - 2026-03-12 16:13:14 --> Table 'mbktunp_hama.libonline' doesn't exist
#0 /home/mbktunp/public_html/vendor/codeigniter4/framework/system/Database/MySQLi/Connection.php(292): mysqli->query()
#1 /home/mbktunp/public_html/vendor/codeigniter4/framework/system/Database/BaseConnection.php(670): CodeIgniter\Database\MySQLi\Connection->execute()
#2 /home/mbktunp/public_html/vendor/codeigniter4/framework/system/Database/BaseConnection.php(598): CodeIgniter\Database\BaseConnection->simpleQuery()
#3 /home/mbktunp/public_html/vendor/codeigniter4/framework/system/Database/BaseBuilder.php(1443): CodeIgniter\Database\BaseConnection->query()
#4 /home/mbktunp/public_html/vendor/codeigniter4/framework/system/Model.php(183): CodeIgniter\Database\BaseBuilder->get()
#5 /home/mbktunp/public_html/vendor/codeigniter4/framework/system/BaseModel.php(584): CodeIgniter\Model->doFindAll()
#6 /home/mbktunp/public_html/app/Controllers/LibOnline.php(45): CodeIgniter\BaseModel->findAll()
#7 /home/mbktunp/public_html/app/Controllers/LibOnline.php(36): App\Controllers\LibOnline->defaultPage()
#8 /home/mbktunp/public_html/vendor/codeigniter4/framework/system/CodeIgniter.php(824): App\Controllers\LibOnline->index()
#9 /home/mbktunp/public_html/vendor/codeigniter4/framework/system/CodeIgniter.php(410): CodeIgniter\CodeIgniter->runController()
#10 /home/mbktunp/public_html/vendor/codeigniter4/framework/system/CodeIgniter.php(318): CodeIgniter\CodeIgniter->handleRequest()
#11 /home/mbktunp/public_html/public/index.php(37): CodeIgniter\CodeIgniter->run()
#12 /home/mbktunp/public_html/index.php(1): include('/home/mbktunp/p...')
#13 {main}
ERROR - 2026-03-12 16:13:16 --> Table 'mbktunp_hama.libonline' doesn't exist
CRITICAL - 2026-03-12 16:13:16 --> Table 'mbktunp_hama.libonline' doesn't exist
#0 /home/mbktunp/public_html/vendor/codeigniter4/framework/system/Database/MySQLi/Connection.php(292): mysqli->query()
#1 /home/mbktunp/public_html/vendor/codeigniter4/framework/system/Database/BaseConnection.php(670): CodeIgniter\Database\MySQLi\Connection->execute()
#2 /home/mbktunp/public_html/vendor/codeigniter4/framework/system/Database/BaseConnection.php(598): CodeIgniter\Database\BaseConnection->simpleQuery()
#3 /home/mbktunp/public_html/vendor/codeigniter4/framework/system/Database/BaseBuilder.php(1443): CodeIgniter\Database\BaseConnection->query()
#4 /home/mbktunp/public_html/vendor/codeigniter4/framework/system/Model.php(183): CodeIgniter\Database\BaseBuilder->get()
#5 /home/mbktunp/public_html/vendor/codeigniter4/framework/system/BaseModel.php(584): CodeIgniter\Model->doFindAll()
#6 /home/mbktunp/public_html/app/Controllers/LibOnline.php(45): CodeIgniter\BaseModel->findAll()
#7 /home/mbktunp/public_html/app/Controllers/LibOnline.php(36): App\Controllers\LibOnline->defaultPage()
#8 /home/mbktunp/public_html/vendor/codeigniter4/framework/system/CodeIgniter.php(824): App\Controllers\LibOnline->index()
#9 /home/mbktunp/public_html/vendor/codeigniter4/framework/system/CodeIgniter.php(410): CodeIgniter\CodeIgniter->runController()
#10 /home/mbktunp/public_html/vendor/codeigniter4/framework/system/CodeIgniter.php(318): CodeIgniter\CodeIgniter->handleRequest()
#11 /home/mbktunp/public_html/public/index.php(37): CodeIgniter\CodeIgniter->run()
#12 /home/mbktunp/public_html/index.php(1): include('/home/mbktunp/p...')
#13 {main}
ERROR - 2026-03-12 16:13:26 --> Table 'mbktunp_hama.libonline' doesn't exist
CRITICAL - 2026-03-12 16:13:26 --> Table 'mbktunp_hama.libonline' doesn't exist
#0 /home/mbktunp/public_html/vendor/codeigniter4/framework/system/Database/MySQLi/Connection.php(292): mysqli->query()
#1 /home/mbktunp/public_html/vendor/codeigniter4/framework/system/Database/BaseConnection.php(670): CodeIgniter\Database\MySQLi\Connection->execute()
#2 /home/mbktunp/public_html/vendor/codeigniter4/framework/system/Database/BaseConnection.php(598): CodeIgniter\Database\BaseConnection->simpleQuery()
#3 /home/mbktunp/public_html/vendor/codeigniter4/framework/system/Database/BaseBuilder.php(1443): CodeIgniter\Database\BaseConnection->query()
#4 /home/mbktunp/public_html/vendor/codeigniter4/framework/system/Model.php(183): CodeIgniter\Database\BaseBuilder->get()
#5 /home/mbktunp/public_html/vendor/codeigniter4/framework/system/BaseModel.php(584): CodeIgniter\Model->doFindAll()
#6 /home/mbktunp/public_html/app/Controllers/LibOnline.php(45): CodeIgniter\BaseModel->findAll()
#7 /home/mbktunp/public_html/app/Controllers/LibOnline.php(36): App\Controllers\LibOnline->defaultPage()
#8 /home/mbktunp/public_html/vendor/codeigniter4/framework/system/CodeIgniter.php(824): App\Controllers\LibOnline->index()
#9 /home/mbktunp/public_html/vendor/codeigniter4/framework/system/CodeIgniter.php(410): CodeIgniter\CodeIgniter->runController()
#10 /home/mbktunp/public_html/vendor/codeigniter4/framework/system/CodeIgniter.php(318): CodeIgniter\CodeIgniter->handleRequest()
#11 /home/mbktunp/public_html/public/index.php(37): CodeIgniter\CodeIgniter->run()
#12 /home/mbktunp/public_html/index.php(1): include('/home/mbktunp/p...')
#13 {main}
