2026-02-26T03:27:28+07:00 fgtrOC0XbS
2026-02-26T03:38:41+07:00 fgtrOC0XbS
2026-02-26T03:39:52+07:00 mrlight336
2026-02-26T03:40:35+07:00 mrlight336
2026-02-26T03:40:52+07:00 mrlight336
2026-02-26T04:07:24+07:00 mrlight336
2026-02-26T07:39:49+07:00 HG-YFVWIE
2026-02-26T11:44:11+07:00 mrlight336
2026-02-26T11:48:17+07:00 mrlight336
2026-02-26T11:49:01+07:00 mrlight336
2026-02-26T11:51:39+07:00 mrlight336
2026-02-26T11:54:23+07:00 mrlight336
2026-02-26T12:42:01+07:00 mrlight336
2026-02-26T12:50:41+07:00 mrlight336
2026-02-27T09:24:19+07:00 HG-YFVWIE
2026-02-28T14:37:39+07:00 HG-YFVWIE
2026-02-28T18:03:43+07:00 powercheatsowner
2026-02-28T19:09:31+07:00 HG-YFVWIE
2026-03-01T04:30:59+07:00 HG-YFVWIE
2026-03-01T08:42:00+07:00 HG-YFVWIE
2026-03-02T19:48:21+07:00 powercheatsowner
2026-03-02T19:52:18+07:00 powercheatsowner
2026-03-03T07:25:04+07:00 HG-YFVWIE
2026-03-03T07:25:56+07:00 HG-YFVWIE
2026-03-05T02:44:37+07:00 fAXU3gjshn
2026-03-05T02:49:24+07:00 fAXU3gjshn
2026-03-05T02:50:27+07:00 fAXU3gjshn
2026-03-05T02:53:15+07:00 fAXU3gjshn
2026-03-05T06:29:14+07:00 HG-YFVWIE
2026-03-05T06:36:01+07:00 HG-YFVWIE
2026-03-06T05:44:32+07:00 powercheatsowner
2026-03-07T19:28:18+07:00 HG-YFVWIE
