ERROR - 2026-08-09 00:17:22 --> Error connecting to the database: Access denied for user '****'@'localhost' (using password: YES)
CRITICAL - 2026-08-09 00:17:22 --> Unable to connect to the database.
Main connection [MySQLi]: Access denied for user '****'@'localhost' (using password: YES)
#0 /home/xkynpbah/public_html/vendor/codeigniter4/framework/system/Database/BaseConnection.php(577): CodeIgniter\Database\BaseConnection->initialize()
#1 /home/xkynpbah/public_html/vendor/codeigniter4/framework/system/Database/BaseBuilder.php(1443): CodeIgniter\Database\BaseConnection->query('SELECT *\nFROM `...', Array, false)
#2 /home/xkynpbah/public_html/vendor/codeigniter4/framework/system/Model.php(210): CodeIgniter\Database\BaseBuilder->get()
#3 /home/xkynpbah/public_html/vendor/codeigniter4/framework/system/BaseModel.php(622): CodeIgniter\Model->doFirst()
#4 /home/xkynpbah/public_html/app/Controllers/Login.php(36): CodeIgniter\BaseModel->first()
#5 /home/xkynpbah/public_html/vendor/codeigniter4/framework/system/CodeIgniter.php(824): App\Controllers\Login->index()
#6 /home/xkynpbah/public_html/vendor/codeigniter4/framework/system/CodeIgniter.php(410): CodeIgniter\CodeIgniter->runController(Object(App\Controllers\Login))
#7 /home/xkynpbah/public_html/vendor/codeigniter4/framework/system/CodeIgniter.php(318): CodeIgniter\CodeIgniter->handleRequest(NULL, Object(Config\Cache), false)
#8 /home/xkynpbah/public_html/index.php(37): CodeIgniter\CodeIgniter->run()
#9 {main}
ERROR - 2026-08-09 00:17:27 --> Error connecting to the database: Access denied for user '****'@'localhost' (using password: YES)
CRITICAL - 2026-08-09 00:17:27 --> Unable to connect to the database.
Main connection [MySQLi]: Access denied for user '****'@'localhost' (using password: YES)
#0 /home/xkynpbah/public_html/vendor/codeigniter4/framework/system/Database/BaseConnection.php(577): CodeIgniter\Database\BaseConnection->initialize()
#1 /home/xkynpbah/public_html/vendor/codeigniter4/framework/system/Database/BaseBuilder.php(1443): CodeIgniter\Database\BaseConnection->query('SELECT *\nFROM `...', Array, false)
#2 /home/xkynpbah/public_html/vendor/codeigniter4/framework/system/Model.php(210): CodeIgniter\Database\BaseBuilder->get()
#3 /home/xkynpbah/public_html/vendor/codeigniter4/framework/system/BaseModel.php(622): CodeIgniter\Model->doFirst()
#4 /home/xkynpbah/public_html/app/Controllers/Login.php(36): CodeIgniter\BaseModel->first()
#5 /home/xkynpbah/public_html/vendor/codeigniter4/framework/system/CodeIgniter.php(824): App\Controllers\Login->index()
#6 /home/xkynpbah/public_html/vendor/codeigniter4/framework/system/CodeIgniter.php(410): CodeIgniter\CodeIgniter->runController(Object(App\Controllers\Login))
#7 /home/xkynpbah/public_html/vendor/codeigniter4/framework/system/CodeIgniter.php(318): CodeIgniter\CodeIgniter->handleRequest(NULL, Object(Config\Cache), false)
#8 /home/xkynpbah/public_html/index.php(37): CodeIgniter\CodeIgniter->run()
#9 {main}
ERROR - 2026-08-09 08:42:21 --> Telegram controller called
ERROR - 2026-08-09 08:43:31 --> Telegram controller called
