CRITICAL - 2026-07-09 15:31:39 --> mysqli_connect(): (HY000/1045): Access denied for user 'u160951123_Titooxxx1'@'localhost' (using password: YES)
#0 [internal function]: CodeIgniter\Debug\Exceptions->errorHandler(2, 'mysqli_connect(...', '/home/xkynpbah/...', 8, Array)
#1 /home/xkynpbah/public_html/conn.php(8): mysqli_connect('localhost', 'u160951123_Tito...', 'Titooxxx1', 'u160951123_Tito...')
#2 /home/xkynpbah/public_html/app/Controllers/RapidApi.php(26): include('/home/xkynpbah/...')
#3 /home/xkynpbah/public_html/vendor/codeigniter4/framework/system/CodeIgniter.php(801): App\Controllers\RapidApi->__construct()
#4 /home/xkynpbah/public_html/vendor/codeigniter4/framework/system/CodeIgniter.php(401): CodeIgniter\CodeIgniter->createController()
#5 /home/xkynpbah/public_html/vendor/codeigniter4/framework/system/CodeIgniter.php(318): CodeIgniter\CodeIgniter->handleRequest(NULL, Object(Config\Cache), false)
#6 /home/xkynpbah/public_html/index.php(37): CodeIgniter\CodeIgniter->run()
#7 {main}
CRITICAL - 2026-07-09 15:31:50 --> mysqli_connect(): (HY000/1045): Access denied for user 'u160951123_Titooxxx1'@'localhost' (using password: YES)
#0 [internal function]: CodeIgniter\Debug\Exceptions->errorHandler(2, 'mysqli_connect(...', '/home/xkynpbah/...', 8, Array)
#1 /home/xkynpbah/public_html/conn.php(8): mysqli_connect('localhost', 'u160951123_Tito...', 'Titooxxx1', 'u160951123_Tito...')
#2 /home/xkynpbah/public_html/app/Controllers/RapidApi.php(26): include('/home/xkynpbah/...')
#3 /home/xkynpbah/public_html/vendor/codeigniter4/framework/system/CodeIgniter.php(801): App\Controllers\RapidApi->__construct()
#4 /home/xkynpbah/public_html/vendor/codeigniter4/framework/system/CodeIgniter.php(401): CodeIgniter\CodeIgniter->createController()
#5 /home/xkynpbah/public_html/vendor/codeigniter4/framework/system/CodeIgniter.php(318): CodeIgniter\CodeIgniter->handleRequest(NULL, Object(Config\Cache), false)
#6 /home/xkynpbah/public_html/index.php(37): CodeIgniter\CodeIgniter->run()
#7 {main}
ERROR - 2026-07-09 15:31:56 --> Error connecting to the database: Access denied for user '****'@'localhost' (using password: YES)
CRITICAL - 2026-07-09 15:31:56 --> Unable to connect to the database.
Main connection [MySQLi]: Access denied for user '****'@'localhost' (using password: YES)
#0 /home/xkynpbah/public_html/vendor/codeigniter4/framework/system/Database/BaseConnection.php(577): CodeIgniter\Database\BaseConnection->initialize()
#1 /home/xkynpbah/public_html/vendor/codeigniter4/framework/system/Database/BaseBuilder.php(1443): CodeIgniter\Database\BaseConnection->query('SELECT 1\nFROM `...', Array, false)
#2 /home/xkynpbah/public_html/vendor/codeigniter4/framework/system/Validation/Rules.php(116): CodeIgniter\Database\BaseBuilder->get()
#3 /home/xkynpbah/public_html/vendor/codeigniter4/framework/system/Validation/Validation.php(277): CodeIgniter\Validation\Rules->is_not_unique('rapidcoretop', 'username', Array, NULL)
#4 /home/xkynpbah/public_html/vendor/codeigniter4/framework/system/Validation/Validation.php(151): CodeIgniter\Validation\Validation->processRules('username', 'username', 'rapidcoretop', Array, Array)
#5 /home/xkynpbah/public_html/vendor/codeigniter4/framework/system/Controller.php(160): CodeIgniter\Validation\Validation->run()
#6 /home/xkynpbah/public_html/app/Controllers/Auth.php(43): CodeIgniter\Controller->validate(Array)
#7 /home/xkynpbah/public_html/app/Controllers/Auth.php(23): App\Controllers\Auth->login_action()
#8 /home/xkynpbah/public_html/vendor/codeigniter4/framework/system/CodeIgniter.php(824): App\Controllers\Auth->login()
#9 /home/xkynpbah/public_html/vendor/codeigniter4/framework/system/CodeIgniter.php(410): CodeIgniter\CodeIgniter->runController(Object(App\Controllers\Auth))
#10 /home/xkynpbah/public_html/vendor/codeigniter4/framework/system/CodeIgniter.php(318): CodeIgniter\CodeIgniter->handleRequest(NULL, Object(Config\Cache), false)
#11 /home/xkynpbah/public_html/index.php(37): CodeIgniter\CodeIgniter->run()
#12 {main}
CRITICAL - 2026-07-09 15:31:58 --> mysqli_connect(): (HY000/1045): Access denied for user 'u160951123_Titooxxx1'@'localhost' (using password: YES)
#0 [internal function]: CodeIgniter\Debug\Exceptions->errorHandler(2, 'mysqli_connect(...', '/home/xkynpbah/...', 8, Array)
#1 /home/xkynpbah/public_html/conn.php(8): mysqli_connect('localhost', 'u160951123_Tito...', 'Titooxxx1', 'u160951123_Tito...')
#2 /home/xkynpbah/public_html/app/Controllers/RapidApi.php(26): include('/home/xkynpbah/...')
#3 /home/xkynpbah/public_html/vendor/codeigniter4/framework/system/CodeIgniter.php(801): App\Controllers\RapidApi->__construct()
#4 /home/xkynpbah/public_html/vendor/codeigniter4/framework/system/CodeIgniter.php(401): CodeIgniter\CodeIgniter->createController()
#5 /home/xkynpbah/public_html/vendor/codeigniter4/framework/system/CodeIgniter.php(318): CodeIgniter\CodeIgniter->handleRequest(NULL, Object(Config\Cache), false)
#6 /home/xkynpbah/public_html/index.php(37): CodeIgniter\CodeIgniter->run()
#7 {main}
