CRITICAL - 2025-10-09 04:42:42 --> Undefined variable: idKeys
#0 /home/powercheatofc/public_html/app/Controllers/Keys.php(529): CodeIgniter\Debug\Exceptions->errorHandler(8, 'Undefined varia...', '/home/powerchea...', 529, Array)
#1 /home/powercheatofc/public_html/app/Controllers/Keys.php(359): App\Controllers\Keys->generate_action()
#2 /home/powercheatofc/public_html/vendor/codeigniter4/framework/system/CodeIgniter.php(824): App\Controllers\Keys->generate()
#3 /home/powercheatofc/public_html/vendor/codeigniter4/framework/system/CodeIgniter.php(410): CodeIgniter\CodeIgniter->runController(Object(App\Controllers\Keys))
#4 /home/powercheatofc/public_html/vendor/codeigniter4/framework/system/CodeIgniter.php(318): CodeIgniter\CodeIgniter->handleRequest(NULL, Object(Config\Cache), false)
#5 /home/powercheatofc/public_html/index.php(37): CodeIgniter\CodeIgniter->run()
#6 {main}
ERROR - 2025-10-09 21:10:54 --> Error connecting to the database: Too many connections
CRITICAL - 2025-10-09 21:10:54 --> Unable to connect to the database.
Main connection [MySQLi]: Too many connections
#0 /home/powercheatofc/public_html/vendor/codeigniter4/framework/system/Database/BaseConnection.php(577): CodeIgniter\Database\BaseConnection->initialize()
#1 /home/powercheatofc/public_html/vendor/codeigniter4/framework/system/Database/BaseBuilder.php(1443): CodeIgniter\Database\BaseConnection->query('SELECT *\nFROM `...', Array, false)
#2 /home/powercheatofc/public_html/vendor/codeigniter4/framework/system/Model.php(723): CodeIgniter\Database\BaseBuilder->get()
#3 /home/powercheatofc/public_html/app/Models/UserModel.php(29): CodeIgniter\Model->__call('get', Array)
#4 /home/powercheatofc/public_html/app/Models/UserModel.php(70): App\Models\UserModel->getUser('105')
#5 /home/powercheatofc/public_html/app/Filters/AuthFilter.php(19): App\Models\UserModel->checkAuthFilter()
#6 /home/powercheatofc/public_html/vendor/codeigniter4/framework/system/Filters/Filters.php(173): App\Filters\AuthFilter->before(Object(CodeIgniter\HTTP\IncomingRequest), NULL)
#7 /home/powercheatofc/public_html/vendor/codeigniter4/framework/system/CodeIgniter.php(384): CodeIgniter\Filters\Filters->run('keys/generate', 'before')
#8 /home/powercheatofc/public_html/vendor/codeigniter4/framework/system/CodeIgniter.php(318): CodeIgniter\CodeIgniter->handleRequest(NULL, Object(Config\Cache), false)
#9 /home/powercheatofc/public_html/index.php(37): CodeIgniter\CodeIgniter->run()
#10 {main}
ERROR - 2025-10-09 21:10:57 --> Error connecting to the database: Too many connections
CRITICAL - 2025-10-09 21:10:57 --> Unable to connect to the database.
Main connection [MySQLi]: Too many connections
#0 /home/powercheatofc/public_html/vendor/codeigniter4/framework/system/Database/BaseConnection.php(577): CodeIgniter\Database\BaseConnection->initialize()
#1 /home/powercheatofc/public_html/vendor/codeigniter4/framework/system/Database/BaseBuilder.php(1443): CodeIgniter\Database\BaseConnection->query('SELECT *\nFROM `...', Array, false)
#2 /home/powercheatofc/public_html/vendor/codeigniter4/framework/system/Model.php(723): CodeIgniter\Database\BaseBuilder->get()
#3 /home/powercheatofc/public_html/app/Models/UserModel.php(29): CodeIgniter\Model->__call('get', Array)
#4 /home/powercheatofc/public_html/app/Models/UserModel.php(70): App\Models\UserModel->getUser('105')
#5 /home/powercheatofc/public_html/app/Filters/AuthFilter.php(19): App\Models\UserModel->checkAuthFilter()
#6 /home/powercheatofc/public_html/vendor/codeigniter4/framework/system/Filters/Filters.php(173): App\Filters\AuthFilter->before(Object(CodeIgniter\HTTP\IncomingRequest), NULL)
#7 /home/powercheatofc/public_html/vendor/codeigniter4/framework/system/CodeIgniter.php(384): CodeIgniter\Filters\Filters->run('keys/generate', 'before')
#8 /home/powercheatofc/public_html/vendor/codeigniter4/framework/system/CodeIgniter.php(318): CodeIgniter\CodeIgniter->handleRequest(NULL, Object(Config\Cache), false)
#9 /home/powercheatofc/public_html/index.php(37): CodeIgniter\CodeIgniter->run()
#10 {main}
ERROR - 2025-10-09 21:10:58 --> Error connecting to the database: Too many connections
CRITICAL - 2025-10-09 21:10:58 --> Unable to connect to the database.
Main connection [MySQLi]: Too many connections
#0 /home/powercheatofc/public_html/vendor/codeigniter4/framework/system/Database/BaseConnection.php(577): CodeIgniter\Database\BaseConnection->initialize()
#1 /home/powercheatofc/public_html/vendor/codeigniter4/framework/system/Database/BaseBuilder.php(1443): CodeIgniter\Database\BaseConnection->query('SELECT *\nFROM `...', Array, false)
#2 /home/powercheatofc/public_html/vendor/codeigniter4/framework/system/Model.php(723): CodeIgniter\Database\BaseBuilder->get()
#3 /home/powercheatofc/public_html/app/Models/UserModel.php(29): CodeIgniter\Model->__call('get', Array)
#4 /home/powercheatofc/public_html/app/Models/UserModel.php(70): App\Models\UserModel->getUser('105')
#5 /home/powercheatofc/public_html/app/Filters/AuthFilter.php(19): App\Models\UserModel->checkAuthFilter()
#6 /home/powercheatofc/public_html/vendor/codeigniter4/framework/system/Filters/Filters.php(173): App\Filters\AuthFilter->before(Object(CodeIgniter\HTTP\IncomingRequest), NULL)
#7 /home/powercheatofc/public_html/vendor/codeigniter4/framework/system/CodeIgniter.php(384): CodeIgniter\Filters\Filters->run('keys/generate', 'before')
#8 /home/powercheatofc/public_html/vendor/codeigniter4/framework/system/CodeIgniter.php(318): CodeIgniter\CodeIgniter->handleRequest(NULL, Object(Config\Cache), false)
#9 /home/powercheatofc/public_html/index.php(37): CodeIgniter\CodeIgniter->run()
#10 {main}
ERROR - 2025-10-09 21:11:00 --> Error connecting to the database: Too many connections
CRITICAL - 2025-10-09 21:11:00 --> Unable to connect to the database.
Main connection [MySQLi]: Too many connections
#0 /home/powercheatofc/public_html/vendor/codeigniter4/framework/system/Database/BaseConnection.php(577): CodeIgniter\Database\BaseConnection->initialize()
#1 /home/powercheatofc/public_html/vendor/codeigniter4/framework/system/Database/BaseBuilder.php(1443): CodeIgniter\Database\BaseConnection->query('SELECT *\nFROM `...', Array, false)
#2 /home/powercheatofc/public_html/vendor/codeigniter4/framework/system/Model.php(723): CodeIgniter\Database\BaseBuilder->get()
#3 /home/powercheatofc/public_html/app/Models/UserModel.php(29): CodeIgniter\Model->__call('get', Array)
#4 /home/powercheatofc/public_html/app/Models/UserModel.php(70): App\Models\UserModel->getUser('105')
#5 /home/powercheatofc/public_html/app/Filters/AuthFilter.php(19): App\Models\UserModel->checkAuthFilter()
#6 /home/powercheatofc/public_html/vendor/codeigniter4/framework/system/Filters/Filters.php(173): App\Filters\AuthFilter->before(Object(CodeIgniter\HTTP\IncomingRequest), NULL)
#7 /home/powercheatofc/public_html/vendor/codeigniter4/framework/system/CodeIgniter.php(384): CodeIgniter\Filters\Filters->run('keys/generate', 'before')
#8 /home/powercheatofc/public_html/vendor/codeigniter4/framework/system/CodeIgniter.php(318): CodeIgniter\CodeIgniter->handleRequest(NULL, Object(Config\Cache), false)
#9 /home/powercheatofc/public_html/index.php(37): CodeIgniter\CodeIgniter->run()
#10 {main}
ERROR - 2025-10-09 21:11:02 --> Error connecting to the database: Too many connections
CRITICAL - 2025-10-09 21:11:02 --> Unable to connect to the database.
Main connection [MySQLi]: Too many connections
#0 /home/powercheatofc/public_html/vendor/codeigniter4/framework/system/Database/BaseConnection.php(577): CodeIgniter\Database\BaseConnection->initialize()
#1 /home/powercheatofc/public_html/vendor/codeigniter4/framework/system/Database/BaseBuilder.php(1443): CodeIgniter\Database\BaseConnection->query('SELECT *\nFROM `...', Array, false)
#2 /home/powercheatofc/public_html/vendor/codeigniter4/framework/system/Model.php(723): CodeIgniter\Database\BaseBuilder->get()
#3 /home/powercheatofc/public_html/app/Models/UserModel.php(29): CodeIgniter\Model->__call('get', Array)
#4 /home/powercheatofc/public_html/app/Models/UserModel.php(70): App\Models\UserModel->getUser('105')
#5 /home/powercheatofc/public_html/app/Filters/AuthFilter.php(19): App\Models\UserModel->checkAuthFilter()
#6 /home/powercheatofc/public_html/vendor/codeigniter4/framework/system/Filters/Filters.php(173): App\Filters\AuthFilter->before(Object(CodeIgniter\HTTP\IncomingRequest), NULL)
#7 /home/powercheatofc/public_html/vendor/codeigniter4/framework/system/CodeIgniter.php(384): CodeIgniter\Filters\Filters->run('keys', 'before')
#8 /home/powercheatofc/public_html/vendor/codeigniter4/framework/system/CodeIgniter.php(318): CodeIgniter\CodeIgniter->handleRequest(NULL, Object(Config\Cache), false)
#9 /home/powercheatofc/public_html/index.php(37): CodeIgniter\CodeIgniter->run()
#10 {main}
ERROR - 2025-10-09 21:11:04 --> Error connecting to the database: Too many connections
CRITICAL - 2025-10-09 21:11:04 --> Unable to connect to the database.
Main connection [MySQLi]: Too many connections
#0 /home/powercheatofc/public_html/vendor/codeigniter4/framework/system/Database/BaseConnection.php(577): CodeIgniter\Database\BaseConnection->initialize()
#1 /home/powercheatofc/public_html/vendor/codeigniter4/framework/system/Database/BaseBuilder.php(1443): CodeIgniter\Database\BaseConnection->query('SELECT *\nFROM `...', Array, false)
#2 /home/powercheatofc/public_html/vendor/codeigniter4/framework/system/Model.php(723): CodeIgniter\Database\BaseBuilder->get()
#3 /home/powercheatofc/public_html/app/Models/UserModel.php(29): CodeIgniter\Model->__call('get', Array)
#4 /home/powercheatofc/public_html/app/Models/UserModel.php(70): App\Models\UserModel->getUser('105')
#5 /home/powercheatofc/public_html/app/Filters/AuthFilter.php(19): App\Models\UserModel->checkAuthFilter()
#6 /home/powercheatofc/public_html/vendor/codeigniter4/framework/system/Filters/Filters.php(173): App\Filters\AuthFilter->before(Object(CodeIgniter\HTTP\IncomingRequest), NULL)
#7 /home/powercheatofc/public_html/vendor/codeigniter4/framework/system/CodeIgniter.php(384): CodeIgniter\Filters\Filters->run('keys/generate', 'before')
#8 /home/powercheatofc/public_html/vendor/codeigniter4/framework/system/CodeIgniter.php(318): CodeIgniter\CodeIgniter->handleRequest(NULL, Object(Config\Cache), false)
#9 /home/powercheatofc/public_html/index.php(37): CodeIgniter\CodeIgniter->run()
#10 {main}
ERROR - 2025-10-09 21:11:05 --> Error connecting to the database: Too many connections
CRITICAL - 2025-10-09 21:11:05 --> Unable to connect to the database.
Main connection [MySQLi]: Too many connections
#0 /home/powercheatofc/public_html/vendor/codeigniter4/framework/system/Database/BaseConnection.php(577): CodeIgniter\Database\BaseConnection->initialize()
#1 /home/powercheatofc/public_html/vendor/codeigniter4/framework/system/Database/BaseBuilder.php(1443): CodeIgniter\Database\BaseConnection->query('SELECT *\nFROM `...', Array, false)
#2 /home/powercheatofc/public_html/vendor/codeigniter4/framework/system/Model.php(723): CodeIgniter\Database\BaseBuilder->get()
#3 /home/powercheatofc/public_html/app/Models/UserModel.php(29): CodeIgniter\Model->__call('get', Array)
#4 /home/powercheatofc/public_html/app/Models/UserModel.php(70): App\Models\UserModel->getUser('105')
#5 /home/powercheatofc/public_html/app/Filters/AuthFilter.php(19): App\Models\UserModel->checkAuthFilter()
#6 /home/powercheatofc/public_html/vendor/codeigniter4/framework/system/Filters/Filters.php(173): App\Filters\AuthFilter->before(Object(CodeIgniter\HTTP\IncomingRequest), NULL)
#7 /home/powercheatofc/public_html/vendor/codeigniter4/framework/system/CodeIgniter.php(384): CodeIgniter\Filters\Filters->run('keys/generate', 'before')
#8 /home/powercheatofc/public_html/vendor/codeigniter4/framework/system/CodeIgniter.php(318): CodeIgniter\CodeIgniter->handleRequest(NULL, Object(Config\Cache), false)
#9 /home/powercheatofc/public_html/index.php(37): CodeIgniter\CodeIgniter->run()
#10 {main}
ERROR - 2025-10-09 21:11:34 --> Error connecting to the database: Too many connections
CRITICAL - 2025-10-09 21:11:34 --> Unable to connect to the database.
Main connection [MySQLi]: Too many connections
#0 /home/powercheatofc/public_html/vendor/codeigniter4/framework/system/Database/BaseConnection.php(577): CodeIgniter\Database\BaseConnection->initialize()
#1 /home/powercheatofc/public_html/vendor/codeigniter4/framework/system/Database/BaseBuilder.php(1443): CodeIgniter\Database\BaseConnection->query('SELECT *\nFROM `...', Array, false)
#2 /home/powercheatofc/public_html/vendor/codeigniter4/framework/system/Model.php(723): CodeIgniter\Database\BaseBuilder->get()
#3 /home/powercheatofc/public_html/app/Models/UserModel.php(29): CodeIgniter\Model->__call('get', Array)
#4 /home/powercheatofc/public_html/app/Models/UserModel.php(70): App\Models\UserModel->getUser('105')
#5 /home/powercheatofc/public_html/app/Filters/AuthFilter.php(19): App\Models\UserModel->checkAuthFilter()
#6 /home/powercheatofc/public_html/vendor/codeigniter4/framework/system/Filters/Filters.php(173): App\Filters\AuthFilter->before(Object(CodeIgniter\HTTP\IncomingRequest), NULL)
#7 /home/powercheatofc/public_html/vendor/codeigniter4/framework/system/CodeIgniter.php(384): CodeIgniter\Filters\Filters->run('dashboard', 'before')
#8 /home/powercheatofc/public_html/vendor/codeigniter4/framework/system/CodeIgniter.php(318): CodeIgniter\CodeIgniter->handleRequest(NULL, Object(Config\Cache), false)
#9 /home/powercheatofc/public_html/index.php(37): CodeIgniter\CodeIgniter->run()
#10 {main}
ERROR - 2025-10-09 21:11:37 --> Error connecting to the database: Too many connections
CRITICAL - 2025-10-09 21:11:37 --> Unable to connect to the database.
Main connection [MySQLi]: Too many connections
#0 /home/powercheatofc/public_html/vendor/codeigniter4/framework/system/Database/BaseConnection.php(577): CodeIgniter\Database\BaseConnection->initialize()
#1 /home/powercheatofc/public_html/vendor/codeigniter4/framework/system/Database/BaseBuilder.php(1443): CodeIgniter\Database\BaseConnection->query('SELECT *\nFROM `...', Array, false)
#2 /home/powercheatofc/public_html/vendor/codeigniter4/framework/system/Model.php(723): CodeIgniter\Database\BaseBuilder->get()
#3 /home/powercheatofc/public_html/app/Models/UserModel.php(29): CodeIgniter\Model->__call('get', Array)
#4 /home/powercheatofc/public_html/app/Models/UserModel.php(70): App\Models\UserModel->getUser('105')
#5 /home/powercheatofc/public_html/app/Filters/AuthFilter.php(19): App\Models\UserModel->checkAuthFilter()
#6 /home/powercheatofc/public_html/vendor/codeigniter4/framework/system/Filters/Filters.php(173): App\Filters\AuthFilter->before(Object(CodeIgniter\HTTP\IncomingRequest), NULL)
#7 /home/powercheatofc/public_html/vendor/codeigniter4/framework/system/CodeIgniter.php(384): CodeIgniter\Filters\Filters->run('dashboard', 'before')
#8 /home/powercheatofc/public_html/vendor/codeigniter4/framework/system/CodeIgniter.php(318): CodeIgniter\CodeIgniter->handleRequest(NULL, Object(Config\Cache), false)
#9 /home/powercheatofc/public_html/index.php(37): CodeIgniter\CodeIgniter->run()
#10 {main}
ERROR - 2025-10-09 21:11:38 --> Error connecting to the database: Too many connections
CRITICAL - 2025-10-09 21:11:38 --> Unable to connect to the database.
Main connection [MySQLi]: Too many connections
#0 /home/powercheatofc/public_html/vendor/codeigniter4/framework/system/Database/BaseConnection.php(577): CodeIgniter\Database\BaseConnection->initialize()
#1 /home/powercheatofc/public_html/vendor/codeigniter4/framework/system/Database/BaseBuilder.php(1443): CodeIgniter\Database\BaseConnection->query('SELECT *\nFROM `...', Array, false)
#2 /home/powercheatofc/public_html/vendor/codeigniter4/framework/system/Model.php(723): CodeIgniter\Database\BaseBuilder->get()
#3 /home/powercheatofc/public_html/app/Models/UserModel.php(29): CodeIgniter\Model->__call('get', Array)
#4 /home/powercheatofc/public_html/app/Models/UserModel.php(70): App\Models\UserModel->getUser('105')
#5 /home/powercheatofc/public_html/app/Filters/AuthFilter.php(19): App\Models\UserModel->checkAuthFilter()
#6 /home/powercheatofc/public_html/vendor/codeigniter4/framework/system/Filters/Filters.php(173): App\Filters\AuthFilter->before(Object(CodeIgniter\HTTP\IncomingRequest), NULL)
#7 /home/powercheatofc/public_html/vendor/codeigniter4/framework/system/CodeIgniter.php(384): CodeIgniter\Filters\Filters->run('dashboard', 'before')
#8 /home/powercheatofc/public_html/vendor/codeigniter4/framework/system/CodeIgniter.php(318): CodeIgniter\CodeIgniter->handleRequest(NULL, Object(Config\Cache), false)
#9 /home/powercheatofc/public_html/index.php(37): CodeIgniter\CodeIgniter->run()
#10 {main}
ERROR - 2025-10-09 21:11:39 --> Error connecting to the database: Too many connections
CRITICAL - 2025-10-09 21:11:39 --> Unable to connect to the database.
Main connection [MySQLi]: Too many connections
#0 /home/powercheatofc/public_html/vendor/codeigniter4/framework/system/Database/BaseConnection.php(577): CodeIgniter\Database\BaseConnection->initialize()
#1 /home/powercheatofc/public_html/vendor/codeigniter4/framework/system/Database/BaseBuilder.php(1443): CodeIgniter\Database\BaseConnection->query('SELECT *\nFROM `...', Array, false)
#2 /home/powercheatofc/public_html/vendor/codeigniter4/framework/system/Model.php(723): CodeIgniter\Database\BaseBuilder->get()
#3 /home/powercheatofc/public_html/app/Models/UserModel.php(29): CodeIgniter\Model->__call('get', Array)
#4 /home/powercheatofc/public_html/app/Models/UserModel.php(70): App\Models\UserModel->getUser('105')
#5 /home/powercheatofc/public_html/app/Filters/AuthFilter.php(19): App\Models\UserModel->checkAuthFilter()
#6 /home/powercheatofc/public_html/vendor/codeigniter4/framework/system/Filters/Filters.php(173): App\Filters\AuthFilter->before(Object(CodeIgniter\HTTP\IncomingRequest), NULL)
#7 /home/powercheatofc/public_html/vendor/codeigniter4/framework/system/CodeIgniter.php(384): CodeIgniter\Filters\Filters->run('dashboard', 'before')
#8 /home/powercheatofc/public_html/vendor/codeigniter4/framework/system/CodeIgniter.php(318): CodeIgniter\CodeIgniter->handleRequest(NULL, Object(Config\Cache), false)
#9 /home/powercheatofc/public_html/index.php(37): CodeIgniter\CodeIgniter->run()
#10 {main}
ERROR - 2025-10-09 21:12:13 --> Error connecting to the database: Too many connections
CRITICAL - 2025-10-09 21:12:13 --> Unable to connect to the database.
Main connection [MySQLi]: Too many connections
#0 /home/powercheatofc/public_html/vendor/codeigniter4/framework/system/Database/BaseConnection.php(577): CodeIgniter\Database\BaseConnection->initialize()
#1 /home/powercheatofc/public_html/vendor/codeigniter4/framework/system/Database/BaseBuilder.php(1443): CodeIgniter\Database\BaseConnection->query('SELECT *\nFROM `...', Array, false)
#2 /home/powercheatofc/public_html/vendor/codeigniter4/framework/system/Model.php(723): CodeIgniter\Database\BaseBuilder->get()
#3 /home/powercheatofc/public_html/app/Models/UserModel.php(29): CodeIgniter\Model->__call('get', Array)
#4 /home/powercheatofc/public_html/app/Models/UserModel.php(70): App\Models\UserModel->getUser('1')
#5 /home/powercheatofc/public_html/app/Filters/AuthFilter.php(19): App\Models\UserModel->checkAuthFilter()
#6 /home/powercheatofc/public_html/vendor/codeigniter4/framework/system/Filters/Filters.php(173): App\Filters\AuthFilter->before(Object(CodeIgniter\HTTP\IncomingRequest), NULL)
#7 /home/powercheatofc/public_html/vendor/codeigniter4/framework/system/CodeIgniter.php(384): CodeIgniter\Filters\Filters->run('dashboard', 'before')
#8 /home/powercheatofc/public_html/vendor/codeigniter4/framework/system/CodeIgniter.php(318): CodeIgniter\CodeIgniter->handleRequest(NULL, Object(Config\Cache), false)
#9 /home/powercheatofc/public_html/index.php(37): CodeIgniter\CodeIgniter->run()
#10 {main}
