ERROR - 2026-05-31 21:57:58 --> Error connecting to the database: Access denied for user '****'@'localhost' (using password: YES)
CRITICAL - 2026-05-31 21:57:58 --> Unable to connect to the database.
Main connection [MySQLi]: Access denied for user '****'@'localhost' (using password: YES)
#0 /home/u160951123/domains/rapidcore.fun/public_html/vendor/codeigniter4/framework/system/Database/BaseConnection.php(577): CodeIgniter\Database\BaseConnection->initialize()
#1 /home/u160951123/domains/rapidcore.fun/public_html/vendor/codeigniter4/framework/system/Database/BaseBuilder.php(1443): CodeIgniter\Database\BaseConnection->query('SELECT 1\nFROM `...', Array, false)
#2 /home/u160951123/domains/rapidcore.fun/public_html/vendor/codeigniter4/framework/system/Validation/Rules.php(116): CodeIgniter\Database\BaseBuilder->get()
#3 /home/u160951123/domains/rapidcore.fun/public_html/vendor/codeigniter4/framework/system/Validation/Validation.php(277): CodeIgniter\Validation\Rules->is_not_unique('rapidcoretop', 'username', Array, NULL)
#4 /home/u160951123/domains/rapidcore.fun/public_html/vendor/codeigniter4/framework/system/Validation/Validation.php(151): CodeIgniter\Validation\Validation->processRules('username', 'username', 'rapidcoretop', Array, Array)
#5 /home/u160951123/domains/rapidcore.fun/public_html/vendor/codeigniter4/framework/system/Controller.php(160): CodeIgniter\Validation\Validation->run()
#6 /home/u160951123/domains/rapidcore.fun/public_html/app/Controllers/Auth.php(43): CodeIgniter\Controller->validate(Array)
#7 /home/u160951123/domains/rapidcore.fun/public_html/app/Controllers/Auth.php(23): App\Controllers\Auth->login_action()
#8 /home/u160951123/domains/rapidcore.fun/public_html/vendor/codeigniter4/framework/system/CodeIgniter.php(824): App\Controllers\Auth->login()
#9 /home/u160951123/domains/rapidcore.fun/public_html/vendor/codeigniter4/framework/system/CodeIgniter.php(410): CodeIgniter\CodeIgniter->runController(Object(App\Controllers\Auth))
#10 /home/u160951123/domains/rapidcore.fun/public_html/vendor/codeigniter4/framework/system/CodeIgniter.php(318): CodeIgniter\CodeIgniter->handleRequest(NULL, Object(Config\Cache), false)
#11 /home/u160951123/domains/rapidcore.fun/public_html/index.php(37): CodeIgniter\CodeIgniter->run()
#12 {main}
CRITICAL - 2026-05-31 22:01:22 --> Invalid file: Auth/login.php
#0 /home/u160951123/domains/rapidcore.fun/public_html/vendor/codeigniter4/framework/system/View/View.php(198): CodeIgniter\Exceptions\FrameworkException::forInvalidFile('Auth/login.php')
#1 /home/u160951123/domains/rapidcore.fun/public_html/vendor/codeigniter4/framework/system/Common.php(1097): CodeIgniter\View\View->render('Auth/login', Array, true)
#2 /home/u160951123/domains/rapidcore.fun/public_html/app/Controllers/Auth.php(27): view('Auth/login', Array)
#3 /home/u160951123/domains/rapidcore.fun/public_html/vendor/codeigniter4/framework/system/CodeIgniter.php(824): App\Controllers\Auth->login()
#4 /home/u160951123/domains/rapidcore.fun/public_html/vendor/codeigniter4/framework/system/CodeIgniter.php(410): CodeIgniter\CodeIgniter->runController(Object(App\Controllers\Auth))
#5 /home/u160951123/domains/rapidcore.fun/public_html/vendor/codeigniter4/framework/system/CodeIgniter.php(318): CodeIgniter\CodeIgniter->handleRequest(NULL, Object(Config\Cache), false)
#6 /home/u160951123/domains/rapidcore.fun/public_html/index.php(37): CodeIgniter\CodeIgniter->run()
#7 {main}
CRITICAL - 2026-05-31 22:03:54 --> Invalid file: Auth/login.php
#0 /home/u160951123/domains/rapidcore.fun/public_html/vendor/codeigniter4/framework/system/View/View.php(198): CodeIgniter\Exceptions\FrameworkException::forInvalidFile('Auth/login.php')
#1 /home/u160951123/domains/rapidcore.fun/public_html/vendor/codeigniter4/framework/system/Common.php(1097): CodeIgniter\View\View->render('Auth/login', Array, true)
#2 /home/u160951123/domains/rapidcore.fun/public_html/app/Controllers/Auth.php(27): view('Auth/login', Array)
#3 /home/u160951123/domains/rapidcore.fun/public_html/vendor/codeigniter4/framework/system/CodeIgniter.php(824): App\Controllers\Auth->login()
#4 /home/u160951123/domains/rapidcore.fun/public_html/vendor/codeigniter4/framework/system/CodeIgniter.php(410): CodeIgniter\CodeIgniter->runController(Object(App\Controllers\Auth))
#5 /home/u160951123/domains/rapidcore.fun/public_html/vendor/codeigniter4/framework/system/CodeIgniter.php(318): CodeIgniter\CodeIgniter->handleRequest(NULL, Object(Config\Cache), false)
#6 /home/u160951123/domains/rapidcore.fun/public_html/index.php(37): CodeIgniter\CodeIgniter->run()
#7 {main}
CRITICAL - 2026-05-31 22:03:56 --> Invalid file: Auth/login.php
#0 /home/u160951123/domains/rapidcore.fun/public_html/vendor/codeigniter4/framework/system/View/View.php(198): CodeIgniter\Exceptions\FrameworkException::forInvalidFile('Auth/login.php')
#1 /home/u160951123/domains/rapidcore.fun/public_html/vendor/codeigniter4/framework/system/Common.php(1097): CodeIgniter\View\View->render('Auth/login', Array, true)
#2 /home/u160951123/domains/rapidcore.fun/public_html/app/Controllers/Auth.php(27): view('Auth/login', Array)
#3 /home/u160951123/domains/rapidcore.fun/public_html/vendor/codeigniter4/framework/system/CodeIgniter.php(824): App\Controllers\Auth->login()
#4 /home/u160951123/domains/rapidcore.fun/public_html/vendor/codeigniter4/framework/system/CodeIgniter.php(410): CodeIgniter\CodeIgniter->runController(Object(App\Controllers\Auth))
#5 /home/u160951123/domains/rapidcore.fun/public_html/vendor/codeigniter4/framework/system/CodeIgniter.php(318): CodeIgniter\CodeIgniter->handleRequest(NULL, Object(Config\Cache), false)
#6 /home/u160951123/domains/rapidcore.fun/public_html/index.php(37): CodeIgniter\CodeIgniter->run()
#7 {main}
CRITICAL - 2026-05-31 22:04:10 --> mysqli_connect(): (HY000/1045): Access denied for user 'u160951123_'@'localhost' (using password: YES)
#0 [internal function]: CodeIgniter\Debug\Exceptions->errorHandler(2, 'mysqli_connect(...', '/home/u16095112...', 8, Array)
#1 /home/u160951123/domains/rapidcore.fun/public_html/conn.php(8): mysqli_connect('localhost', 'u160951123_', 'Karthi@2009werg...', 'u160951123_')
#2 /home/u160951123/domains/rapidcore.fun/public_html/app/Views/Auth/register.php(3): include('/home/u16095112...')
#3 /home/u160951123/domains/rapidcore.fun/public_html/vendor/codeigniter4/framework/system/View/View.php(214): include('/home/u16095112...')
#4 /home/u160951123/domains/rapidcore.fun/public_html/vendor/codeigniter4/framework/system/View/View.php(217): CodeIgniter\View\View->CodeIgniter\View\{closure}()
#5 /home/u160951123/domains/rapidcore.fun/public_html/vendor/codeigniter4/framework/system/Common.php(1097): CodeIgniter\View\View->render('Auth/register', Array, true)
#6 /home/u160951123/domains/rapidcore.fun/public_html/app/Controllers/Auth.php(73): view('Auth/register', Array)
#7 /home/u160951123/domains/rapidcore.fun/public_html/vendor/codeigniter4/framework/system/CodeIgniter.php(824): App\Controllers\Auth->register()
#8 /home/u160951123/domains/rapidcore.fun/public_html/vendor/codeigniter4/framework/system/CodeIgniter.php(410): CodeIgniter\CodeIgniter->runController(Object(App\Controllers\Auth))
#9 /home/u160951123/domains/rapidcore.fun/public_html/vendor/codeigniter4/framework/system/CodeIgniter.php(318): CodeIgniter\CodeIgniter->handleRequest(NULL, Object(Config\Cache), false)
#10 /home/u160951123/domains/rapidcore.fun/public_html/index.php(37): CodeIgniter\CodeIgniter->run()
#11 {main}
ERROR - 2026-05-31 22:04:20 --> Error connecting to the database: Access denied for user '****'@'localhost' (using password: YES)
CRITICAL - 2026-05-31 22:04:20 --> Unable to connect to the database.
Main connection [MySQLi]: Access denied for user '****'@'localhost' (using password: YES)
#0 /home/u160951123/domains/rapidcore.fun/public_html/vendor/codeigniter4/framework/system/Database/BaseConnection.php(577): CodeIgniter\Database\BaseConnection->initialize()
#1 /home/u160951123/domains/rapidcore.fun/public_html/vendor/codeigniter4/framework/system/Database/BaseBuilder.php(1443): CodeIgniter\Database\BaseConnection->query('SELECT 1\nFROM `...', Array, false)
#2 /home/u160951123/domains/rapidcore.fun/public_html/vendor/codeigniter4/framework/system/Validation/Rules.php(116): CodeIgniter\Database\BaseBuilder->get()
#3 /home/u160951123/domains/rapidcore.fun/public_html/vendor/codeigniter4/framework/system/Validation/Validation.php(277): CodeIgniter\Validation\Rules->is_not_unique('rapidcoretop', 'username', Array, NULL)
#4 /home/u160951123/domains/rapidcore.fun/public_html/vendor/codeigniter4/framework/system/Validation/Validation.php(151): CodeIgniter\Validation\Validation->processRules('username', 'username', 'rapidcoretop', Array, Array)
#5 /home/u160951123/domains/rapidcore.fun/public_html/vendor/codeigniter4/framework/system/Controller.php(160): CodeIgniter\Validation\Validation->run()
#6 /home/u160951123/domains/rapidcore.fun/public_html/app/Controllers/Auth.php(43): CodeIgniter\Controller->validate(Array)
#7 /home/u160951123/domains/rapidcore.fun/public_html/app/Controllers/Auth.php(23): App\Controllers\Auth->login_action()
#8 /home/u160951123/domains/rapidcore.fun/public_html/vendor/codeigniter4/framework/system/CodeIgniter.php(824): App\Controllers\Auth->login()
#9 /home/u160951123/domains/rapidcore.fun/public_html/vendor/codeigniter4/framework/system/CodeIgniter.php(410): CodeIgniter\CodeIgniter->runController(Object(App\Controllers\Auth))
#10 /home/u160951123/domains/rapidcore.fun/public_html/vendor/codeigniter4/framework/system/CodeIgniter.php(318): CodeIgniter\CodeIgniter->handleRequest(NULL, Object(Config\Cache), false)
#11 /home/u160951123/domains/rapidcore.fun/public_html/index.php(37): CodeIgniter\CodeIgniter->run()
#12 {main}
ERROR - 2026-05-31 22:05:11 --> Error connecting to the database: Access denied for user '****'@'localhost' (using password: YES)
CRITICAL - 2026-05-31 22:05:11 --> Unable to connect to the database.
Main connection [MySQLi]: Access denied for user '****'@'localhost' (using password: YES)
#0 /home/u160951123/domains/rapidcore.fun/public_html/vendor/codeigniter4/framework/system/Database/BaseConnection.php(577): CodeIgniter\Database\BaseConnection->initialize()
#1 /home/u160951123/domains/rapidcore.fun/public_html/vendor/codeigniter4/framework/system/Database/BaseBuilder.php(1443): CodeIgniter\Database\BaseConnection->query('SELECT 1\nFROM `...', Array, false)
#2 /home/u160951123/domains/rapidcore.fun/public_html/vendor/codeigniter4/framework/system/Validation/Rules.php(116): CodeIgniter\Database\BaseBuilder->get()
#3 /home/u160951123/domains/rapidcore.fun/public_html/vendor/codeigniter4/framework/system/Validation/Validation.php(277): CodeIgniter\Validation\Rules->is_not_unique('rapidcoretop', 'username', Array, NULL)
#4 /home/u160951123/domains/rapidcore.fun/public_html/vendor/codeigniter4/framework/system/Validation/Validation.php(151): CodeIgniter\Validation\Validation->processRules('username', 'username', 'rapidcoretop', Array, Array)
#5 /home/u160951123/domains/rapidcore.fun/public_html/vendor/codeigniter4/framework/system/Controller.php(160): CodeIgniter\Validation\Validation->run()
#6 /home/u160951123/domains/rapidcore.fun/public_html/app/Controllers/Auth.php(43): CodeIgniter\Controller->validate(Array)
#7 /home/u160951123/domains/rapidcore.fun/public_html/app/Controllers/Auth.php(23): App\Controllers\Auth->login_action()
#8 /home/u160951123/domains/rapidcore.fun/public_html/vendor/codeigniter4/framework/system/CodeIgniter.php(824): App\Controllers\Auth->login()
#9 /home/u160951123/domains/rapidcore.fun/public_html/vendor/codeigniter4/framework/system/CodeIgniter.php(410): CodeIgniter\CodeIgniter->runController(Object(App\Controllers\Auth))
#10 /home/u160951123/domains/rapidcore.fun/public_html/vendor/codeigniter4/framework/system/CodeIgniter.php(318): CodeIgniter\CodeIgniter->handleRequest(NULL, Object(Config\Cache), false)
#11 /home/u160951123/domains/rapidcore.fun/public_html/index.php(37): CodeIgniter\CodeIgniter->run()
#12 {main}
CRITICAL - 2026-05-31 22:07:40 --> mysqli_connect(): (HY000/1045): Access denied for user 'u160951123_'@'localhost' (using password: YES)
#0 [internal function]: CodeIgniter\Debug\Exceptions->errorHandler(2, 'mysqli_connect(...', '/home/u16095112...', 8, Array)
#1 /home/u160951123/domains/rapidcore.fun/public_html/conn.php(8): mysqli_connect('localhost', 'u160951123_', 'Karthi@2009werg...', 'u160951123_')
#2 /home/u160951123/domains/rapidcore.fun/public_html/app/Controllers/Connect.php(25): include('/home/u16095112...')
#3 /home/u160951123/domains/rapidcore.fun/public_html/vendor/codeigniter4/framework/system/CodeIgniter.php(801): App\Controllers\Connect->__construct()
#4 /home/u160951123/domains/rapidcore.fun/public_html/vendor/codeigniter4/framework/system/CodeIgniter.php(401): CodeIgniter\CodeIgniter->createController()
#5 /home/u160951123/domains/rapidcore.fun/public_html/vendor/codeigniter4/framework/system/CodeIgniter.php(318): CodeIgniter\CodeIgniter->handleRequest(NULL, Object(Config\Cache), false)
#6 /home/u160951123/domains/rapidcore.fun/public_html/index.php(37): CodeIgniter\CodeIgniter->run()
#7 {main}
CRITICAL - 2026-05-31 22:09:06 --> mysqli_connect(): (HY000/1045): Access denied for user 'u160951123_'@'localhost' (using password: YES)
#0 [internal function]: CodeIgniter\Debug\Exceptions->errorHandler(2, 'mysqli_connect(...', '/home/u16095112...', 8, Array)
#1 /home/u160951123/domains/rapidcore.fun/public_html/conn.php(8): mysqli_connect('localhost', 'u160951123_', 'Karthi@2009werg...', 'u160951123_')
#2 /home/u160951123/domains/rapidcore.fun/public_html/app/Controllers/Connect.php(25): include('/home/u16095112...')
#3 /home/u160951123/domains/rapidcore.fun/public_html/vendor/codeigniter4/framework/system/CodeIgniter.php(801): App\Controllers\Connect->__construct()
#4 /home/u160951123/domains/rapidcore.fun/public_html/vendor/codeigniter4/framework/system/CodeIgniter.php(401): CodeIgniter\CodeIgniter->createController()
#5 /home/u160951123/domains/rapidcore.fun/public_html/vendor/codeigniter4/framework/system/CodeIgniter.php(318): CodeIgniter\CodeIgniter->handleRequest(NULL, Object(Config\Cache), false)
#6 /home/u160951123/domains/rapidcore.fun/public_html/index.php(37): CodeIgniter\CodeIgniter->run()
#7 {main}
CRITICAL - 2026-05-31 22:10:15 --> Undefined variable: stats
#0 /home/u160951123/domains/rapidcore.fun/public_html/app/Views/User/dashboard.php(229): CodeIgniter\Debug\Exceptions->errorHandler(8, 'Undefined varia...', '/home/u16095112...', 229, Array)
#1 /home/u160951123/domains/rapidcore.fun/public_html/vendor/codeigniter4/framework/system/View/View.php(214): include('/home/u16095112...')
#2 /home/u160951123/domains/rapidcore.fun/public_html/vendor/codeigniter4/framework/system/View/View.php(217): CodeIgniter\View\View->CodeIgniter\View\{closure}()
#3 /home/u160951123/domains/rapidcore.fun/public_html/vendor/codeigniter4/framework/system/Common.php(1097): CodeIgniter\View\View->render('User/dashboard', Array, true)
#4 /home/u160951123/domains/rapidcore.fun/public_html/app/Controllers/User.php(51): view('User/dashboard', Array)
#5 /home/u160951123/domains/rapidcore.fun/public_html/vendor/codeigniter4/framework/system/CodeIgniter.php(824): App\Controllers\User->index()
#6 /home/u160951123/domains/rapidcore.fun/public_html/vendor/codeigniter4/framework/system/CodeIgniter.php(410): CodeIgniter\CodeIgniter->runController(Object(App\Controllers\User))
#7 /home/u160951123/domains/rapidcore.fun/public_html/vendor/codeigniter4/framework/system/CodeIgniter.php(318): CodeIgniter\CodeIgniter->handleRequest(NULL, Object(Config\Cache), false)
#8 /home/u160951123/domains/rapidcore.fun/public_html/index.php(37): CodeIgniter\CodeIgniter->run()
#9 {main}
CRITICAL - 2026-05-31 22:10:35 --> Undefined variable: stats
#0 /home/u160951123/domains/rapidcore.fun/public_html/app/Views/User/dashboard.php(229): CodeIgniter\Debug\Exceptions->errorHandler(8, 'Undefined varia...', '/home/u16095112...', 229, Array)
#1 /home/u160951123/domains/rapidcore.fun/public_html/vendor/codeigniter4/framework/system/View/View.php(214): include('/home/u16095112...')
#2 /home/u160951123/domains/rapidcore.fun/public_html/vendor/codeigniter4/framework/system/View/View.php(217): CodeIgniter\View\View->CodeIgniter\View\{closure}()
#3 /home/u160951123/domains/rapidcore.fun/public_html/vendor/codeigniter4/framework/system/Common.php(1097): CodeIgniter\View\View->render('User/dashboard', Array, true)
#4 /home/u160951123/domains/rapidcore.fun/public_html/app/Controllers/User.php(51): view('User/dashboard', Array)
#5 /home/u160951123/domains/rapidcore.fun/public_html/vendor/codeigniter4/framework/system/CodeIgniter.php(824): App\Controllers\User->index()
#6 /home/u160951123/domains/rapidcore.fun/public_html/vendor/codeigniter4/framework/system/CodeIgniter.php(410): CodeIgniter\CodeIgniter->runController(Object(App\Controllers\User))
#7 /home/u160951123/domains/rapidcore.fun/public_html/vendor/codeigniter4/framework/system/CodeIgniter.php(318): CodeIgniter\CodeIgniter->handleRequest(NULL, Object(Config\Cache), false)
#8 /home/u160951123/domains/rapidcore.fun/public_html/index.php(37): CodeIgniter\CodeIgniter->run()
#9 {main}
CRITICAL - 2026-05-31 22:10:36 --> Undefined variable: stats
#0 /home/u160951123/domains/rapidcore.fun/public_html/app/Views/User/dashboard.php(229): CodeIgniter\Debug\Exceptions->errorHandler(8, 'Undefined varia...', '/home/u16095112...', 229, Array)
#1 /home/u160951123/domains/rapidcore.fun/public_html/vendor/codeigniter4/framework/system/View/View.php(214): include('/home/u16095112...')
#2 /home/u160951123/domains/rapidcore.fun/public_html/vendor/codeigniter4/framework/system/View/View.php(217): CodeIgniter\View\View->CodeIgniter\View\{closure}()
#3 /home/u160951123/domains/rapidcore.fun/public_html/vendor/codeigniter4/framework/system/Common.php(1097): CodeIgniter\View\View->render('User/dashboard', Array, true)
#4 /home/u160951123/domains/rapidcore.fun/public_html/app/Controllers/User.php(51): view('User/dashboard', Array)
#5 /home/u160951123/domains/rapidcore.fun/public_html/vendor/codeigniter4/framework/system/CodeIgniter.php(824): App\Controllers\User->index()
#6 /home/u160951123/domains/rapidcore.fun/public_html/vendor/codeigniter4/framework/system/CodeIgniter.php(410): CodeIgniter\CodeIgniter->runController(Object(App\Controllers\User))
#7 /home/u160951123/domains/rapidcore.fun/public_html/vendor/codeigniter4/framework/system/CodeIgniter.php(318): CodeIgniter\CodeIgniter->handleRequest(NULL, Object(Config\Cache), false)
#8 /home/u160951123/domains/rapidcore.fun/public_html/index.php(37): CodeIgniter\CodeIgniter->run()
#9 {main}
CRITICAL - 2026-05-31 22:10:37 --> Undefined variable: stats
#0 /home/u160951123/domains/rapidcore.fun/public_html/app/Views/User/dashboard.php(229): CodeIgniter\Debug\Exceptions->errorHandler(8, 'Undefined varia...', '/home/u16095112...', 229, Array)
#1 /home/u160951123/domains/rapidcore.fun/public_html/vendor/codeigniter4/framework/system/View/View.php(214): include('/home/u16095112...')
#2 /home/u160951123/domains/rapidcore.fun/public_html/vendor/codeigniter4/framework/system/View/View.php(217): CodeIgniter\View\View->CodeIgniter\View\{closure}()
#3 /home/u160951123/domains/rapidcore.fun/public_html/vendor/codeigniter4/framework/system/Common.php(1097): CodeIgniter\View\View->render('User/dashboard', Array, true)
#4 /home/u160951123/domains/rapidcore.fun/public_html/app/Controllers/User.php(51): view('User/dashboard', Array)
#5 /home/u160951123/domains/rapidcore.fun/public_html/vendor/codeigniter4/framework/system/CodeIgniter.php(824): App\Controllers\User->index()
#6 /home/u160951123/domains/rapidcore.fun/public_html/vendor/codeigniter4/framework/system/CodeIgniter.php(410): CodeIgniter\CodeIgniter->runController(Object(App\Controllers\User))
#7 /home/u160951123/domains/rapidcore.fun/public_html/vendor/codeigniter4/framework/system/CodeIgniter.php(318): CodeIgniter\CodeIgniter->handleRequest(NULL, Object(Config\Cache), false)
#8 /home/u160951123/domains/rapidcore.fun/public_html/index.php(37): CodeIgniter\CodeIgniter->run()
#9 {main}
CRITICAL - 2026-05-31 22:14:50 --> Class 'App\Models\ResetLinkModel' not found
#0 /home/u160951123/domains/rapidcore.fun/public_html/vendor/codeigniter4/framework/system/CodeIgniter.php(824): App\Controllers\User->settings()
#1 /home/u160951123/domains/rapidcore.fun/public_html/vendor/codeigniter4/framework/system/CodeIgniter.php(410): CodeIgniter\CodeIgniter->runController(Object(App\Controllers\User))
#2 /home/u160951123/domains/rapidcore.fun/public_html/vendor/codeigniter4/framework/system/CodeIgniter.php(318): CodeIgniter\CodeIgniter->handleRequest(NULL, Object(Config\Cache), false)
#3 /home/u160951123/domains/rapidcore.fun/public_html/index.php(37): CodeIgniter\CodeIgniter->run()
#4 {main}
CRITICAL - 2026-05-31 22:28:35 --> A non-numeric value encountered
#0 /home/u160951123/domains/rapidcore.fun/public_html/app/Helpers/nata_helper.php(88): CodeIgniter\Debug\Exceptions->errorHandler(2, 'A non-numeric v...', '/home/u16095112...', 88, Array)
#1 /home/u160951123/domains/rapidcore.fun/public_html/app/Controllers/Keys.php(436): getPrice(Array, '24', '')
#2 /home/u160951123/domains/rapidcore.fun/public_html/app/Controllers/Keys.php(399): App\Controllers\Keys->generate_action()
#3 /home/u160951123/domains/rapidcore.fun/public_html/vendor/codeigniter4/framework/system/CodeIgniter.php(824): App\Controllers\Keys->generate()
#4 /home/u160951123/domains/rapidcore.fun/public_html/vendor/codeigniter4/framework/system/CodeIgniter.php(410): CodeIgniter\CodeIgniter->runController(Object(App\Controllers\Keys))
#5 /home/u160951123/domains/rapidcore.fun/public_html/vendor/codeigniter4/framework/system/CodeIgniter.php(318): CodeIgniter\CodeIgniter->handleRequest(NULL, Object(Config\Cache), false)
#6 /home/u160951123/domains/rapidcore.fun/public_html/index.php(37): CodeIgniter\CodeIgniter->run()
#7 {main}
CRITICAL - 2026-05-31 22:28:58 --> A non-numeric value encountered
#0 /home/u160951123/domains/rapidcore.fun/public_html/app/Helpers/nata_helper.php(88): CodeIgniter\Debug\Exceptions->errorHandler(2, 'A non-numeric v...', '/home/u16095112...', 88, Array)
#1 /home/u160951123/domains/rapidcore.fun/public_html/app/Controllers/Keys.php(436): getPrice(Array, '24', '')
#2 /home/u160951123/domains/rapidcore.fun/public_html/app/Controllers/Keys.php(399): App\Controllers\Keys->generate_action()
#3 /home/u160951123/domains/rapidcore.fun/public_html/vendor/codeigniter4/framework/system/CodeIgniter.php(824): App\Controllers\Keys->generate()
#4 /home/u160951123/domains/rapidcore.fun/public_html/vendor/codeigniter4/framework/system/CodeIgniter.php(410): CodeIgniter\CodeIgniter->runController(Object(App\Controllers\Keys))
#5 /home/u160951123/domains/rapidcore.fun/public_html/vendor/codeigniter4/framework/system/CodeIgniter.php(318): CodeIgniter\CodeIgniter->handleRequest(NULL, Object(Config\Cache), false)
#6 /home/u160951123/domains/rapidcore.fun/public_html/index.php(37): CodeIgniter\CodeIgniter->run()
#7 {main}
CRITICAL - 2026-05-31 22:29:16 --> A non-numeric value encountered
#0 /home/u160951123/domains/rapidcore.fun/public_html/app/Helpers/nata_helper.php(88): CodeIgniter\Debug\Exceptions->errorHandler(2, 'A non-numeric v...', '/home/u16095112...', 88, Array)
#1 /home/u160951123/domains/rapidcore.fun/public_html/app/Controllers/Keys.php(436): getPrice(Array, '24', '')
#2 /home/u160951123/domains/rapidcore.fun/public_html/app/Controllers/Keys.php(399): App\Controllers\Keys->generate_action()
#3 /home/u160951123/domains/rapidcore.fun/public_html/vendor/codeigniter4/framework/system/CodeIgniter.php(824): App\Controllers\Keys->generate()
#4 /home/u160951123/domains/rapidcore.fun/public_html/vendor/codeigniter4/framework/system/CodeIgniter.php(410): CodeIgniter\CodeIgniter->runController(Object(App\Controllers\Keys))
#5 /home/u160951123/domains/rapidcore.fun/public_html/vendor/codeigniter4/framework/system/CodeIgniter.php(318): CodeIgniter\CodeIgniter->handleRequest(NULL, Object(Config\Cache), false)
#6 /home/u160951123/domains/rapidcore.fun/public_html/index.php(37): CodeIgniter\CodeIgniter->run()
#7 {main}
