CRITICAL - 2025-10-04 12:55:58 --> syntax error, unexpected ''FREEFIRE'' (T_CONSTANT_ENCAPSED_STRING), expecting ']'
#0 /home/powercheatofc/public_html/vendor/codeigniter4/framework/system/Autoloader/Autoloader.php(241): CodeIgniter\Autoloader\Autoloader->includeFile('/home/powerchea...')
#1 /home/powercheatofc/public_html/vendor/codeigniter4/framework/system/Autoloader/Autoloader.php(219): CodeIgniter\Autoloader\Autoloader->loadInNamespace('App\\Controllers...')
#2 [internal function]: CodeIgniter\Autoloader\Autoloader->loadClass('App\\Controllers...')
#3 [internal function]: spl_autoload_call('App\\Controllers...')
#4 /home/powercheatofc/public_html/vendor/codeigniter4/framework/system/CodeIgniter.php(789): class_exists('\\App\\Controller...', true)
#5 /home/powercheatofc/public_html/vendor/codeigniter4/framework/system/CodeIgniter.php(397): CodeIgniter\CodeIgniter->startController()
#6 /home/powercheatofc/public_html/vendor/codeigniter4/framework/system/CodeIgniter.php(318): CodeIgniter\CodeIgniter->handleRequest(NULL, Object(Config\Cache), false)
#7 /home/powercheatofc/public_html/index.php(37): CodeIgniter\CodeIgniter->run()
#8 {main}
CRITICAL - 2025-10-04 12:58:23 --> syntax error, unexpected ''FREEFIRE'' (T_CONSTANT_ENCAPSED_STRING), expecting ']'
#0 /home/powercheatofc/public_html/vendor/codeigniter4/framework/system/Autoloader/Autoloader.php(241): CodeIgniter\Autoloader\Autoloader->includeFile('/home/powerchea...')
#1 /home/powercheatofc/public_html/vendor/codeigniter4/framework/system/Autoloader/Autoloader.php(219): CodeIgniter\Autoloader\Autoloader->loadInNamespace('App\\Controllers...')
#2 [internal function]: CodeIgniter\Autoloader\Autoloader->loadClass('App\\Controllers...')
#3 [internal function]: spl_autoload_call('App\\Controllers...')
#4 /home/powercheatofc/public_html/vendor/codeigniter4/framework/system/CodeIgniter.php(789): class_exists('\\App\\Controller...', true)
#5 /home/powercheatofc/public_html/vendor/codeigniter4/framework/system/CodeIgniter.php(397): CodeIgniter\CodeIgniter->startController()
#6 /home/powercheatofc/public_html/vendor/codeigniter4/framework/system/CodeIgniter.php(318): CodeIgniter\CodeIgniter->handleRequest(NULL, Object(Config\Cache), false)
#7 /home/powercheatofc/public_html/index.php(37): CodeIgniter\CodeIgniter->run()
#8 {main}
CRITICAL - 2025-10-04 12:58:34 --> syntax error, unexpected ''FREEFIRE'' (T_CONSTANT_ENCAPSED_STRING), expecting ']'
#0 /home/powercheatofc/public_html/vendor/codeigniter4/framework/system/Autoloader/Autoloader.php(241): CodeIgniter\Autoloader\Autoloader->includeFile('/home/powerchea...')
#1 /home/powercheatofc/public_html/vendor/codeigniter4/framework/system/Autoloader/Autoloader.php(219): CodeIgniter\Autoloader\Autoloader->loadInNamespace('App\\Controllers...')
#2 [internal function]: CodeIgniter\Autoloader\Autoloader->loadClass('App\\Controllers...')
#3 [internal function]: spl_autoload_call('App\\Controllers...')
#4 /home/powercheatofc/public_html/vendor/codeigniter4/framework/system/CodeIgniter.php(789): class_exists('\\App\\Controller...', true)
#5 /home/powercheatofc/public_html/vendor/codeigniter4/framework/system/CodeIgniter.php(397): CodeIgniter\CodeIgniter->startController()
#6 /home/powercheatofc/public_html/vendor/codeigniter4/framework/system/CodeIgniter.php(318): CodeIgniter\CodeIgniter->handleRequest(NULL, Object(Config\Cache), false)
#7 /home/powercheatofc/public_html/index.php(37): CodeIgniter\CodeIgniter->run()
#8 {main}
CRITICAL - 2025-10-04 16:09:28 --> Undefined variable: userModel
#0 /home/powercheatofc/public_html/app/Views/Keys/list.php(25): CodeIgniter\Debug\Exceptions->errorHandler(8, 'Undefined varia...', '/home/powerchea...', 25, Array)
#1 /home/powercheatofc/public_html/vendor/codeigniter4/framework/system/View/View.php(214): include('/home/powerchea...')
#2 /home/powercheatofc/public_html/vendor/codeigniter4/framework/system/View/View.php(217): CodeIgniter\View\View->CodeIgniter\View\{closure}()
#3 /home/powercheatofc/public_html/vendor/codeigniter4/framework/system/Common.php(1097): CodeIgniter\View\View->render('Keys/list', Array, true)
#4 /home/powercheatofc/public_html/app/Controllers/Keys.php(87): view('Keys/list', Array)
#5 /home/powercheatofc/public_html/vendor/codeigniter4/framework/system/CodeIgniter.php(824): App\Controllers\Keys->index()
#6 /home/powercheatofc/public_html/vendor/codeigniter4/framework/system/CodeIgniter.php(410): CodeIgniter\CodeIgniter->runController(Object(App\Controllers\Keys))
#7 /home/powercheatofc/public_html/vendor/codeigniter4/framework/system/CodeIgniter.php(318): CodeIgniter\CodeIgniter->handleRequest(NULL, Object(Config\Cache), false)
#8 /home/powercheatofc/public_html/index.php(37): CodeIgniter\CodeIgniter->run()
#9 {main}
CRITICAL - 2025-10-04 16:09:32 --> Undefined variable: userModel
#0 /home/powercheatofc/public_html/app/Views/Keys/list.php(25): CodeIgniter\Debug\Exceptions->errorHandler(8, 'Undefined varia...', '/home/powerchea...', 25, Array)
#1 /home/powercheatofc/public_html/vendor/codeigniter4/framework/system/View/View.php(214): include('/home/powerchea...')
#2 /home/powercheatofc/public_html/vendor/codeigniter4/framework/system/View/View.php(217): CodeIgniter\View\View->CodeIgniter\View\{closure}()
#3 /home/powercheatofc/public_html/vendor/codeigniter4/framework/system/Common.php(1097): CodeIgniter\View\View->render('Keys/list', Array, true)
#4 /home/powercheatofc/public_html/app/Controllers/Keys.php(87): view('Keys/list', Array)
#5 /home/powercheatofc/public_html/vendor/codeigniter4/framework/system/CodeIgniter.php(824): App\Controllers\Keys->index()
#6 /home/powercheatofc/public_html/vendor/codeigniter4/framework/system/CodeIgniter.php(410): CodeIgniter\CodeIgniter->runController(Object(App\Controllers\Keys))
#7 /home/powercheatofc/public_html/vendor/codeigniter4/framework/system/CodeIgniter.php(318): CodeIgniter\CodeIgniter->handleRequest(NULL, Object(Config\Cache), false)
#8 /home/powercheatofc/public_html/index.php(37): CodeIgniter\CodeIgniter->run()
#9 {main}
CRITICAL - 2025-10-04 16:09:56 --> Undefined variable: userModel
#0 /home/powercheatofc/public_html/app/Views/Keys/list.php(25): CodeIgniter\Debug\Exceptions->errorHandler(8, 'Undefined varia...', '/home/powerchea...', 25, Array)
#1 /home/powercheatofc/public_html/vendor/codeigniter4/framework/system/View/View.php(214): include('/home/powerchea...')
#2 /home/powercheatofc/public_html/vendor/codeigniter4/framework/system/View/View.php(217): CodeIgniter\View\View->CodeIgniter\View\{closure}()
#3 /home/powercheatofc/public_html/vendor/codeigniter4/framework/system/Common.php(1097): CodeIgniter\View\View->render('Keys/list', Array, true)
#4 /home/powercheatofc/public_html/app/Controllers/Keys.php(87): view('Keys/list', Array)
#5 /home/powercheatofc/public_html/vendor/codeigniter4/framework/system/CodeIgniter.php(824): App\Controllers\Keys->index()
#6 /home/powercheatofc/public_html/vendor/codeigniter4/framework/system/CodeIgniter.php(410): CodeIgniter\CodeIgniter->runController(Object(App\Controllers\Keys))
#7 /home/powercheatofc/public_html/vendor/codeigniter4/framework/system/CodeIgniter.php(318): CodeIgniter\CodeIgniter->handleRequest(NULL, Object(Config\Cache), false)
#8 /home/powercheatofc/public_html/index.php(37): CodeIgniter\CodeIgniter->run()
#9 {main}
CRITICAL - 2025-10-04 16:10:03 --> Undefined variable: userModel
#0 /home/powercheatofc/public_html/app/Views/Keys/list.php(25): CodeIgniter\Debug\Exceptions->errorHandler(8, 'Undefined varia...', '/home/powerchea...', 25, Array)
#1 /home/powercheatofc/public_html/vendor/codeigniter4/framework/system/View/View.php(214): include('/home/powerchea...')
#2 /home/powercheatofc/public_html/vendor/codeigniter4/framework/system/View/View.php(217): CodeIgniter\View\View->CodeIgniter\View\{closure}()
#3 /home/powercheatofc/public_html/vendor/codeigniter4/framework/system/Common.php(1097): CodeIgniter\View\View->render('Keys/list', Array, true)
#4 /home/powercheatofc/public_html/app/Controllers/Keys.php(87): view('Keys/list', Array)
#5 /home/powercheatofc/public_html/vendor/codeigniter4/framework/system/CodeIgniter.php(824): App\Controllers\Keys->index()
#6 /home/powercheatofc/public_html/vendor/codeigniter4/framework/system/CodeIgniter.php(410): CodeIgniter\CodeIgniter->runController(Object(App\Controllers\Keys))
#7 /home/powercheatofc/public_html/vendor/codeigniter4/framework/system/CodeIgniter.php(318): CodeIgniter\CodeIgniter->handleRequest(NULL, Object(Config\Cache), false)
#8 /home/powercheatofc/public_html/index.php(37): CodeIgniter\CodeIgniter->run()
#9 {main}
CRITICAL - 2025-10-04 16:10:17 --> Undefined variable: userModel
#0 /home/powercheatofc/public_html/app/Views/Keys/list.php(25): CodeIgniter\Debug\Exceptions->errorHandler(8, 'Undefined varia...', '/home/powerchea...', 25, Array)
#1 /home/powercheatofc/public_html/vendor/codeigniter4/framework/system/View/View.php(214): include('/home/powerchea...')
#2 /home/powercheatofc/public_html/vendor/codeigniter4/framework/system/View/View.php(217): CodeIgniter\View\View->CodeIgniter\View\{closure}()
#3 /home/powercheatofc/public_html/vendor/codeigniter4/framework/system/Common.php(1097): CodeIgniter\View\View->render('Keys/list', Array, true)
#4 /home/powercheatofc/public_html/app/Controllers/Keys.php(87): view('Keys/list', Array)
#5 /home/powercheatofc/public_html/vendor/codeigniter4/framework/system/CodeIgniter.php(824): App\Controllers\Keys->index()
#6 /home/powercheatofc/public_html/vendor/codeigniter4/framework/system/CodeIgniter.php(410): CodeIgniter\CodeIgniter->runController(Object(App\Controllers\Keys))
#7 /home/powercheatofc/public_html/vendor/codeigniter4/framework/system/CodeIgniter.php(318): CodeIgniter\CodeIgniter->handleRequest(NULL, Object(Config\Cache), false)
#8 /home/powercheatofc/public_html/index.php(37): CodeIgniter\CodeIgniter->run()
#9 {main}
CRITICAL - 2025-10-04 16:10:18 --> Undefined variable: userModel
#0 /home/powercheatofc/public_html/app/Views/Keys/list.php(25): CodeIgniter\Debug\Exceptions->errorHandler(8, 'Undefined varia...', '/home/powerchea...', 25, Array)
#1 /home/powercheatofc/public_html/vendor/codeigniter4/framework/system/View/View.php(214): include('/home/powerchea...')
#2 /home/powercheatofc/public_html/vendor/codeigniter4/framework/system/View/View.php(217): CodeIgniter\View\View->CodeIgniter\View\{closure}()
#3 /home/powercheatofc/public_html/vendor/codeigniter4/framework/system/Common.php(1097): CodeIgniter\View\View->render('Keys/list', Array, true)
#4 /home/powercheatofc/public_html/app/Controllers/Keys.php(87): view('Keys/list', Array)
#5 /home/powercheatofc/public_html/vendor/codeigniter4/framework/system/CodeIgniter.php(824): App\Controllers\Keys->index()
#6 /home/powercheatofc/public_html/vendor/codeigniter4/framework/system/CodeIgniter.php(410): CodeIgniter\CodeIgniter->runController(Object(App\Controllers\Keys))
#7 /home/powercheatofc/public_html/vendor/codeigniter4/framework/system/CodeIgniter.php(318): CodeIgniter\CodeIgniter->handleRequest(NULL, Object(Config\Cache), false)
#8 /home/powercheatofc/public_html/index.php(37): CodeIgniter\CodeIgniter->run()
#9 {main}
CRITICAL - 2025-10-04 16:10:21 --> Undefined variable: userModel
#0 /home/powercheatofc/public_html/app/Views/Keys/list.php(25): CodeIgniter\Debug\Exceptions->errorHandler(8, 'Undefined varia...', '/home/powerchea...', 25, Array)
#1 /home/powercheatofc/public_html/vendor/codeigniter4/framework/system/View/View.php(214): include('/home/powerchea...')
#2 /home/powercheatofc/public_html/vendor/codeigniter4/framework/system/View/View.php(217): CodeIgniter\View\View->CodeIgniter\View\{closure}()
#3 /home/powercheatofc/public_html/vendor/codeigniter4/framework/system/Common.php(1097): CodeIgniter\View\View->render('Keys/list', Array, true)
#4 /home/powercheatofc/public_html/app/Controllers/Keys.php(87): view('Keys/list', Array)
#5 /home/powercheatofc/public_html/vendor/codeigniter4/framework/system/CodeIgniter.php(824): App\Controllers\Keys->index()
#6 /home/powercheatofc/public_html/vendor/codeigniter4/framework/system/CodeIgniter.php(410): CodeIgniter\CodeIgniter->runController(Object(App\Controllers\Keys))
#7 /home/powercheatofc/public_html/vendor/codeigniter4/framework/system/CodeIgniter.php(318): CodeIgniter\CodeIgniter->handleRequest(NULL, Object(Config\Cache), false)
#8 /home/powercheatofc/public_html/index.php(37): CodeIgniter\CodeIgniter->run()
#9 {main}
CRITICAL - 2025-10-04 16:10:28 --> Undefined variable: userModel
#0 /home/powercheatofc/public_html/app/Views/Keys/list.php(25): CodeIgniter\Debug\Exceptions->errorHandler(8, 'Undefined varia...', '/home/powerchea...', 25, Array)
#1 /home/powercheatofc/public_html/vendor/codeigniter4/framework/system/View/View.php(214): include('/home/powerchea...')
#2 /home/powercheatofc/public_html/vendor/codeigniter4/framework/system/View/View.php(217): CodeIgniter\View\View->CodeIgniter\View\{closure}()
#3 /home/powercheatofc/public_html/vendor/codeigniter4/framework/system/Common.php(1097): CodeIgniter\View\View->render('Keys/list', Array, true)
#4 /home/powercheatofc/public_html/app/Controllers/Keys.php(87): view('Keys/list', Array)
#5 /home/powercheatofc/public_html/vendor/codeigniter4/framework/system/CodeIgniter.php(824): App\Controllers\Keys->index()
#6 /home/powercheatofc/public_html/vendor/codeigniter4/framework/system/CodeIgniter.php(410): CodeIgniter\CodeIgniter->runController(Object(App\Controllers\Keys))
#7 /home/powercheatofc/public_html/vendor/codeigniter4/framework/system/CodeIgniter.php(318): CodeIgniter\CodeIgniter->handleRequest(NULL, Object(Config\Cache), false)
#8 /home/powercheatofc/public_html/index.php(37): CodeIgniter\CodeIgniter->run()
#9 {main}
CRITICAL - 2025-10-04 16:10:43 --> Undefined variable: userModel
#0 /home/powercheatofc/public_html/app/Views/Keys/list.php(25): CodeIgniter\Debug\Exceptions->errorHandler(8, 'Undefined varia...', '/home/powerchea...', 25, Array)
#1 /home/powercheatofc/public_html/vendor/codeigniter4/framework/system/View/View.php(214): include('/home/powerchea...')
#2 /home/powercheatofc/public_html/vendor/codeigniter4/framework/system/View/View.php(217): CodeIgniter\View\View->CodeIgniter\View\{closure}()
#3 /home/powercheatofc/public_html/vendor/codeigniter4/framework/system/Common.php(1097): CodeIgniter\View\View->render('Keys/list', Array, true)
#4 /home/powercheatofc/public_html/app/Controllers/Keys.php(87): view('Keys/list', Array)
#5 /home/powercheatofc/public_html/vendor/codeigniter4/framework/system/CodeIgniter.php(824): App\Controllers\Keys->index()
#6 /home/powercheatofc/public_html/vendor/codeigniter4/framework/system/CodeIgniter.php(410): CodeIgniter\CodeIgniter->runController(Object(App\Controllers\Keys))
#7 /home/powercheatofc/public_html/vendor/codeigniter4/framework/system/CodeIgniter.php(318): CodeIgniter\CodeIgniter->handleRequest(NULL, Object(Config\Cache), false)
#8 /home/powercheatofc/public_html/index.php(37): CodeIgniter\CodeIgniter->run()
#9 {main}
CRITICAL - 2025-10-04 16:10:50 --> Undefined variable: userModel
#0 /home/powercheatofc/public_html/app/Views/Keys/list.php(25): CodeIgniter\Debug\Exceptions->errorHandler(8, 'Undefined varia...', '/home/powerchea...', 25, Array)
#1 /home/powercheatofc/public_html/vendor/codeigniter4/framework/system/View/View.php(214): include('/home/powerchea...')
#2 /home/powercheatofc/public_html/vendor/codeigniter4/framework/system/View/View.php(217): CodeIgniter\View\View->CodeIgniter\View\{closure}()
#3 /home/powercheatofc/public_html/vendor/codeigniter4/framework/system/Common.php(1097): CodeIgniter\View\View->render('Keys/list', Array, true)
#4 /home/powercheatofc/public_html/app/Controllers/Keys.php(87): view('Keys/list', Array)
#5 /home/powercheatofc/public_html/vendor/codeigniter4/framework/system/CodeIgniter.php(824): App\Controllers\Keys->index()
#6 /home/powercheatofc/public_html/vendor/codeigniter4/framework/system/CodeIgniter.php(410): CodeIgniter\CodeIgniter->runController(Object(App\Controllers\Keys))
#7 /home/powercheatofc/public_html/vendor/codeigniter4/framework/system/CodeIgniter.php(318): CodeIgniter\CodeIgniter->handleRequest(NULL, Object(Config\Cache), false)
#8 /home/powercheatofc/public_html/index.php(37): CodeIgniter\CodeIgniter->run()
#9 {main}
CRITICAL - 2025-10-04 16:10:54 --> Undefined variable: userModel
#0 /home/powercheatofc/public_html/app/Views/Keys/list.php(25): CodeIgniter\Debug\Exceptions->errorHandler(8, 'Undefined varia...', '/home/powerchea...', 25, Array)
#1 /home/powercheatofc/public_html/vendor/codeigniter4/framework/system/View/View.php(214): include('/home/powerchea...')
#2 /home/powercheatofc/public_html/vendor/codeigniter4/framework/system/View/View.php(217): CodeIgniter\View\View->CodeIgniter\View\{closure}()
#3 /home/powercheatofc/public_html/vendor/codeigniter4/framework/system/Common.php(1097): CodeIgniter\View\View->render('Keys/list', Array, true)
#4 /home/powercheatofc/public_html/app/Controllers/Keys.php(87): view('Keys/list', Array)
#5 /home/powercheatofc/public_html/vendor/codeigniter4/framework/system/CodeIgniter.php(824): App\Controllers\Keys->index()
#6 /home/powercheatofc/public_html/vendor/codeigniter4/framework/system/CodeIgniter.php(410): CodeIgniter\CodeIgniter->runController(Object(App\Controllers\Keys))
#7 /home/powercheatofc/public_html/vendor/codeigniter4/framework/system/CodeIgniter.php(318): CodeIgniter\CodeIgniter->handleRequest(NULL, Object(Config\Cache), false)
#8 /home/powercheatofc/public_html/index.php(37): CodeIgniter\CodeIgniter->run()
#9 {main}
CRITICAL - 2025-10-04 16:10:57 --> Undefined variable: userModel
#0 /home/powercheatofc/public_html/app/Views/Keys/list.php(25): CodeIgniter\Debug\Exceptions->errorHandler(8, 'Undefined varia...', '/home/powerchea...', 25, Array)
#1 /home/powercheatofc/public_html/vendor/codeigniter4/framework/system/View/View.php(214): include('/home/powerchea...')
#2 /home/powercheatofc/public_html/vendor/codeigniter4/framework/system/View/View.php(217): CodeIgniter\View\View->CodeIgniter\View\{closure}()
#3 /home/powercheatofc/public_html/vendor/codeigniter4/framework/system/Common.php(1097): CodeIgniter\View\View->render('Keys/list', Array, true)
#4 /home/powercheatofc/public_html/app/Controllers/Keys.php(87): view('Keys/list', Array)
#5 /home/powercheatofc/public_html/vendor/codeigniter4/framework/system/CodeIgniter.php(824): App\Controllers\Keys->index()
#6 /home/powercheatofc/public_html/vendor/codeigniter4/framework/system/CodeIgniter.php(410): CodeIgniter\CodeIgniter->runController(Object(App\Controllers\Keys))
#7 /home/powercheatofc/public_html/vendor/codeigniter4/framework/system/CodeIgniter.php(318): CodeIgniter\CodeIgniter->handleRequest(NULL, Object(Config\Cache), false)
#8 /home/powercheatofc/public_html/index.php(37): CodeIgniter\CodeIgniter->run()
#9 {main}
CRITICAL - 2025-10-04 16:11:04 --> Undefined variable: userModel
#0 /home/powercheatofc/public_html/app/Views/Keys/list.php(25): CodeIgniter\Debug\Exceptions->errorHandler(8, 'Undefined varia...', '/home/powerchea...', 25, Array)
#1 /home/powercheatofc/public_html/vendor/codeigniter4/framework/system/View/View.php(214): include('/home/powerchea...')
#2 /home/powercheatofc/public_html/vendor/codeigniter4/framework/system/View/View.php(217): CodeIgniter\View\View->CodeIgniter\View\{closure}()
#3 /home/powercheatofc/public_html/vendor/codeigniter4/framework/system/Common.php(1097): CodeIgniter\View\View->render('Keys/list', Array, true)
#4 /home/powercheatofc/public_html/app/Controllers/Keys.php(87): view('Keys/list', Array)
#5 /home/powercheatofc/public_html/vendor/codeigniter4/framework/system/CodeIgniter.php(824): App\Controllers\Keys->index()
#6 /home/powercheatofc/public_html/vendor/codeigniter4/framework/system/CodeIgniter.php(410): CodeIgniter\CodeIgniter->runController(Object(App\Controllers\Keys))
#7 /home/powercheatofc/public_html/vendor/codeigniter4/framework/system/CodeIgniter.php(318): CodeIgniter\CodeIgniter->handleRequest(NULL, Object(Config\Cache), false)
#8 /home/powercheatofc/public_html/index.php(37): CodeIgniter\CodeIgniter->run()
#9 {main}
CRITICAL - 2025-10-04 16:11:08 --> Undefined variable: userModel
#0 /home/powercheatofc/public_html/app/Views/Keys/list.php(25): CodeIgniter\Debug\Exceptions->errorHandler(8, 'Undefined varia...', '/home/powerchea...', 25, Array)
#1 /home/powercheatofc/public_html/vendor/codeigniter4/framework/system/View/View.php(214): include('/home/powerchea...')
#2 /home/powercheatofc/public_html/vendor/codeigniter4/framework/system/View/View.php(217): CodeIgniter\View\View->CodeIgniter\View\{closure}()
#3 /home/powercheatofc/public_html/vendor/codeigniter4/framework/system/Common.php(1097): CodeIgniter\View\View->render('Keys/list', Array, true)
#4 /home/powercheatofc/public_html/app/Controllers/Keys.php(87): view('Keys/list', Array)
#5 /home/powercheatofc/public_html/vendor/codeigniter4/framework/system/CodeIgniter.php(824): App\Controllers\Keys->index()
#6 /home/powercheatofc/public_html/vendor/codeigniter4/framework/system/CodeIgniter.php(410): CodeIgniter\CodeIgniter->runController(Object(App\Controllers\Keys))
#7 /home/powercheatofc/public_html/vendor/codeigniter4/framework/system/CodeIgniter.php(318): CodeIgniter\CodeIgniter->handleRequest(NULL, Object(Config\Cache), false)
#8 /home/powercheatofc/public_html/index.php(37): CodeIgniter\CodeIgniter->run()
#9 {main}
CRITICAL - 2025-10-04 16:11:11 --> Undefined variable: userModel
#0 /home/powercheatofc/public_html/app/Views/Keys/list.php(25): CodeIgniter\Debug\Exceptions->errorHandler(8, 'Undefined varia...', '/home/powerchea...', 25, Array)
#1 /home/powercheatofc/public_html/vendor/codeigniter4/framework/system/View/View.php(214): include('/home/powerchea...')
#2 /home/powercheatofc/public_html/vendor/codeigniter4/framework/system/View/View.php(217): CodeIgniter\View\View->CodeIgniter\View\{closure}()
#3 /home/powercheatofc/public_html/vendor/codeigniter4/framework/system/Common.php(1097): CodeIgniter\View\View->render('Keys/list', Array, true)
#4 /home/powercheatofc/public_html/app/Controllers/Keys.php(87): view('Keys/list', Array)
#5 /home/powercheatofc/public_html/vendor/codeigniter4/framework/system/CodeIgniter.php(824): App\Controllers\Keys->index()
#6 /home/powercheatofc/public_html/vendor/codeigniter4/framework/system/CodeIgniter.php(410): CodeIgniter\CodeIgniter->runController(Object(App\Controllers\Keys))
#7 /home/powercheatofc/public_html/vendor/codeigniter4/framework/system/CodeIgniter.php(318): CodeIgniter\CodeIgniter->handleRequest(NULL, Object(Config\Cache), false)
#8 /home/powercheatofc/public_html/index.php(37): CodeIgniter\CodeIgniter->run()
#9 {main}
CRITICAL - 2025-10-04 16:11:18 --> Undefined variable: userModel
#0 /home/powercheatofc/public_html/app/Views/Keys/list.php(25): CodeIgniter\Debug\Exceptions->errorHandler(8, 'Undefined varia...', '/home/powerchea...', 25, Array)
#1 /home/powercheatofc/public_html/vendor/codeigniter4/framework/system/View/View.php(214): include('/home/powerchea...')
#2 /home/powercheatofc/public_html/vendor/codeigniter4/framework/system/View/View.php(217): CodeIgniter\View\View->CodeIgniter\View\{closure}()
#3 /home/powercheatofc/public_html/vendor/codeigniter4/framework/system/Common.php(1097): CodeIgniter\View\View->render('Keys/list', Array, true)
#4 /home/powercheatofc/public_html/app/Controllers/Keys.php(87): view('Keys/list', Array)
#5 /home/powercheatofc/public_html/vendor/codeigniter4/framework/system/CodeIgniter.php(824): App\Controllers\Keys->index()
#6 /home/powercheatofc/public_html/vendor/codeigniter4/framework/system/CodeIgniter.php(410): CodeIgniter\CodeIgniter->runController(Object(App\Controllers\Keys))
#7 /home/powercheatofc/public_html/vendor/codeigniter4/framework/system/CodeIgniter.php(318): CodeIgniter\CodeIgniter->handleRequest(NULL, Object(Config\Cache), false)
#8 /home/powercheatofc/public_html/index.php(37): CodeIgniter\CodeIgniter->run()
#9 {main}
CRITICAL - 2025-10-04 16:11:22 --> Undefined variable: userModel
#0 /home/powercheatofc/public_html/app/Views/Keys/list.php(25): CodeIgniter\Debug\Exceptions->errorHandler(8, 'Undefined varia...', '/home/powerchea...', 25, Array)
#1 /home/powercheatofc/public_html/vendor/codeigniter4/framework/system/View/View.php(214): include('/home/powerchea...')
#2 /home/powercheatofc/public_html/vendor/codeigniter4/framework/system/View/View.php(217): CodeIgniter\View\View->CodeIgniter\View\{closure}()
#3 /home/powercheatofc/public_html/vendor/codeigniter4/framework/system/Common.php(1097): CodeIgniter\View\View->render('Keys/list', Array, true)
#4 /home/powercheatofc/public_html/app/Controllers/Keys.php(87): view('Keys/list', Array)
#5 /home/powercheatofc/public_html/vendor/codeigniter4/framework/system/CodeIgniter.php(824): App\Controllers\Keys->index()
#6 /home/powercheatofc/public_html/vendor/codeigniter4/framework/system/CodeIgniter.php(410): CodeIgniter\CodeIgniter->runController(Object(App\Controllers\Keys))
#7 /home/powercheatofc/public_html/vendor/codeigniter4/framework/system/CodeIgniter.php(318): CodeIgniter\CodeIgniter->handleRequest(NULL, Object(Config\Cache), false)
#8 /home/powercheatofc/public_html/index.php(37): CodeIgniter\CodeIgniter->run()
#9 {main}
CRITICAL - 2025-10-04 16:11:27 --> Undefined variable: userModel
#0 /home/powercheatofc/public_html/app/Views/Keys/list.php(25): CodeIgniter\Debug\Exceptions->errorHandler(8, 'Undefined varia...', '/home/powerchea...', 25, Array)
#1 /home/powercheatofc/public_html/vendor/codeigniter4/framework/system/View/View.php(214): include('/home/powerchea...')
#2 /home/powercheatofc/public_html/vendor/codeigniter4/framework/system/View/View.php(217): CodeIgniter\View\View->CodeIgniter\View\{closure}()
#3 /home/powercheatofc/public_html/vendor/codeigniter4/framework/system/Common.php(1097): CodeIgniter\View\View->render('Keys/list', Array, true)
#4 /home/powercheatofc/public_html/app/Controllers/Keys.php(87): view('Keys/list', Array)
#5 /home/powercheatofc/public_html/vendor/codeigniter4/framework/system/CodeIgniter.php(824): App\Controllers\Keys->index()
#6 /home/powercheatofc/public_html/vendor/codeigniter4/framework/system/CodeIgniter.php(410): CodeIgniter\CodeIgniter->runController(Object(App\Controllers\Keys))
#7 /home/powercheatofc/public_html/vendor/codeigniter4/framework/system/CodeIgniter.php(318): CodeIgniter\CodeIgniter->handleRequest(NULL, Object(Config\Cache), false)
#8 /home/powercheatofc/public_html/index.php(37): CodeIgniter\CodeIgniter->run()
#9 {main}
CRITICAL - 2025-10-04 16:11:53 --> syntax error, unexpected '<', expecting end of file
#0 /home/powercheatofc/public_html/vendor/codeigniter4/framework/system/View/View.php(217): CodeIgniter\View\View->CodeIgniter\View\{closure}()
#1 /home/powercheatofc/public_html/vendor/codeigniter4/framework/system/Common.php(1097): CodeIgniter\View\View->render('Keys/list', Array, true)
#2 /home/powercheatofc/public_html/app/Controllers/Keys.php(87): view('Keys/list', Array)
#3 /home/powercheatofc/public_html/vendor/codeigniter4/framework/system/CodeIgniter.php(824): App\Controllers\Keys->index()
#4 /home/powercheatofc/public_html/vendor/codeigniter4/framework/system/CodeIgniter.php(410): CodeIgniter\CodeIgniter->runController(Object(App\Controllers\Keys))
#5 /home/powercheatofc/public_html/vendor/codeigniter4/framework/system/CodeIgniter.php(318): CodeIgniter\CodeIgniter->handleRequest(NULL, Object(Config\Cache), false)
#6 /home/powercheatofc/public_html/index.php(37): CodeIgniter\CodeIgniter->run()
#7 {main}
ERROR - 2025-10-04 20:35:20 --> Unknown column 'pass_key' in 'ORDER BY'
CRITICAL - 2025-10-04 20:35:20 --> Unknown column 'pass_key' in 'ORDER BY'
#0 /home/powercheatofc/public_html/vendor/codeigniter4/framework/system/Database/MySQLi/Connection.php(292): mysqli->query('SELECT CONCAT(k...', 0)
#1 /home/powercheatofc/public_html/vendor/codeigniter4/framework/system/Database/BaseConnection.php(670): CodeIgniter\Database\MySQLi\Connection->execute('SELECT CONCAT(k...')
#2 /home/powercheatofc/public_html/vendor/codeigniter4/framework/system/Database/BaseConnection.php(598): CodeIgniter\Database\BaseConnection->simpleQuery('SELECT CONCAT(k...')
#3 /home/powercheatofc/public_html/vendor/codeigniter4/framework/system/Database/BaseBuilder.php(1443): CodeIgniter\Database\BaseConnection->query('SELECT CONCAT(k...', Array, false)
#4 /home/powercheatofc/public_html/vendor/hermawan/codeigniter4-datatables/src/DataTableQuery.php(215): CodeIgniter\Database\BaseBuilder->get()
#5 /home/powercheatofc/public_html/vendor/hermawan/codeigniter4-datatables/src/DataTableQuery.php(70): Hermawan\DataTables\DataTableQuery->queryResult()
#6 /home/powercheatofc/public_html/vendor/hermawan/codeigniter4-datatables/src/DataTable.php(175): Hermawan\DataTables\DataTableQuery->getDataResult()
#7 /home/powercheatofc/public_html/app/Models/KeysModel.php(71): Hermawan\DataTables\DataTable->toJson(true)
#8 /home/powercheatofc/public_html/app/Controllers/Keys.php(163): App\Models\KeysModel->API_getKeys()
#9 /home/powercheatofc/public_html/vendor/codeigniter4/framework/system/CodeIgniter.php(824): App\Controllers\Keys->api_get_keys()
#10 /home/powercheatofc/public_html/vendor/codeigniter4/framework/system/CodeIgniter.php(410): CodeIgniter\CodeIgniter->runController(Object(App\Controllers\Keys))
#11 /home/powercheatofc/public_html/vendor/codeigniter4/framework/system/CodeIgniter.php(318): CodeIgniter\CodeIgniter->handleRequest(NULL, Object(Config\Cache), false)
#12 /home/powercheatofc/public_html/index.php(37): CodeIgniter\CodeIgniter->run()
#13 {main}
