CRITICAL - 2026-07-10 06:44:49 --> Uncaught CodeIgniter\Format\Exceptions\FormatException: Failed to parse json string, error: "Malformed UTF-8 characters, possibly incorrectly encoded". in /home/xkynpbah/public_html/vendor/codeigniter4/framework/system/Format/JSONFormatter.php:41
Stack trace:
#0 /home/xkynpbah/public_html/vendor/codeigniter4/framework/system/Format/JSONFormatter.php(41): CodeIgniter\Format\Exceptions\FormatException::forInvalidJSON('Malformed UTF-8...')
#1 /home/xkynpbah/public_html/vendor/codeigniter4/framework/system/API/ResponseTrait.php(341): CodeIgniter\Format\JSONFormatter->format(Array)
#2 /home/xkynpbah/public_html/vendor/codeigniter4/framework/system/API/ResponseTrait.php(99): CodeIgniter\Debug\Exceptions->format(Array)
#3 /home/xkynpbah/public_html/vendor/codeigniter4/framework/system/Debug/Exceptions.php(110): CodeIgniter\Debug\Exceptions->respond(Array, 404)
#4 [internal function]: CodeIgniter\Debug\Exceptions->exceptionHandler(Object(CodeIgniter\Exceptions\PageNotFoundException))
#5 {main}
  thrown
#0 [internal function]: CodeIgniter\Debug\Exceptions->shutdownHandler()
#1 {main}
CRITICAL - 2026-07-10 06:50:48 --> Uncaught CodeIgniter\Format\Exceptions\FormatException: Failed to parse json string, error: "Malformed UTF-8 characters, possibly incorrectly encoded". in /home/xkynpbah/public_html/vendor/codeigniter4/framework/system/Format/JSONFormatter.php:41
Stack trace:
#0 /home/xkynpbah/public_html/vendor/codeigniter4/framework/system/Format/JSONFormatter.php(41): CodeIgniter\Format\Exceptions\FormatException::forInvalidJSON('Malformed UTF-8...')
#1 /home/xkynpbah/public_html/vendor/codeigniter4/framework/system/API/ResponseTrait.php(341): CodeIgniter\Format\JSONFormatter->format(Array)
#2 /home/xkynpbah/public_html/vendor/codeigniter4/framework/system/API/ResponseTrait.php(99): CodeIgniter\Debug\Exceptions->format(Array)
#3 /home/xkynpbah/public_html/vendor/codeigniter4/framework/system/Debug/Exceptions.php(110): CodeIgniter\Debug\Exceptions->respond(Array, 404)
#4 [internal function]: CodeIgniter\Debug\Exceptions->exceptionHandler(Object(CodeIgniter\Exceptions\PageNotFoundException))
#5 {main}
  thrown
#0 [internal function]: CodeIgniter\Debug\Exceptions->shutdownHandler()
#1 {main}
ERROR - 2026-07-10 18:39:39 --> Telegram controller called
ERROR - 2026-07-10 18:39:39 --> Telegram Bot Token not set in .env
