CRITICAL - 2026-07-20 12:46:57 --> Trying to get property 'level' of non-object
#0 /home/xkynpbah/public_html/app/Models/UserModel.php(71): CodeIgniter\Debug\Exceptions->errorHandler(8, 'Trying to get p...', '/home/xkynpbah/...', 71, Array)
#1 /home/xkynpbah/public_html/app/Filters/AuthFilter.php(19): App\Models\UserModel->checkAuthFilter()
#2 /home/xkynpbah/public_html/vendor/codeigniter4/framework/system/Filters/Filters.php(173): App\Filters\AuthFilter->before(Object(CodeIgniter\HTTP\IncomingRequest), NULL)
#3 /home/xkynpbah/public_html/vendor/codeigniter4/framework/system/CodeIgniter.php(384): CodeIgniter\Filters\Filters->run('dashboard', 'before')
#4 /home/xkynpbah/public_html/vendor/codeigniter4/framework/system/CodeIgniter.php(318): CodeIgniter\CodeIgniter->handleRequest(NULL, Object(Config\Cache), false)
#5 /home/xkynpbah/public_html/index.php(37): CodeIgniter\CodeIgniter->run()
#6 {main}
CRITICAL - 2026-07-20 12:47:00 --> Trying to get property 'level' of non-object
#0 /home/xkynpbah/public_html/app/Models/UserModel.php(71): CodeIgniter\Debug\Exceptions->errorHandler(8, 'Trying to get p...', '/home/xkynpbah/...', 71, Array)
#1 /home/xkynpbah/public_html/app/Filters/AuthFilter.php(19): App\Models\UserModel->checkAuthFilter()
#2 /home/xkynpbah/public_html/vendor/codeigniter4/framework/system/Filters/Filters.php(173): App\Filters\AuthFilter->before(Object(CodeIgniter\HTTP\IncomingRequest), NULL)
#3 /home/xkynpbah/public_html/vendor/codeigniter4/framework/system/CodeIgniter.php(384): CodeIgniter\Filters\Filters->run('dashboard', 'before')
#4 /home/xkynpbah/public_html/vendor/codeigniter4/framework/system/CodeIgniter.php(318): CodeIgniter\CodeIgniter->handleRequest(NULL, Object(Config\Cache), false)
#5 /home/xkynpbah/public_html/index.php(37): CodeIgniter\CodeIgniter->run()
#6 {main}
CRITICAL - 2026-07-20 15:24:43 --> Trying to get property 'level' of non-object
#0 /home/xkynpbah/public_html/app/Models/UserModel.php(71): CodeIgniter\Debug\Exceptions->errorHandler(8, 'Trying to get p...', '/home/xkynpbah/...', 71, Array)
#1 /home/xkynpbah/public_html/app/Filters/AuthFilter.php(19): App\Models\UserModel->checkAuthFilter()
#2 /home/xkynpbah/public_html/vendor/codeigniter4/framework/system/Filters/Filters.php(173): App\Filters\AuthFilter->before(Object(CodeIgniter\HTTP\IncomingRequest), NULL)
#3 /home/xkynpbah/public_html/vendor/codeigniter4/framework/system/CodeIgniter.php(384): CodeIgniter\Filters\Filters->run('keys/generate', 'before')
#4 /home/xkynpbah/public_html/vendor/codeigniter4/framework/system/CodeIgniter.php(318): CodeIgniter\CodeIgniter->handleRequest(NULL, Object(Config\Cache), false)
#5 /home/xkynpbah/public_html/index.php(37): CodeIgniter\CodeIgniter->run()
#6 {main}
CRITICAL - 2026-07-20 15:24:47 --> Trying to get property 'level' of non-object
#0 /home/xkynpbah/public_html/app/Models/UserModel.php(71): CodeIgniter\Debug\Exceptions->errorHandler(8, 'Trying to get p...', '/home/xkynpbah/...', 71, Array)
#1 /home/xkynpbah/public_html/app/Filters/AuthFilter.php(19): App\Models\UserModel->checkAuthFilter()
#2 /home/xkynpbah/public_html/vendor/codeigniter4/framework/system/Filters/Filters.php(173): App\Filters\AuthFilter->before(Object(CodeIgniter\HTTP\IncomingRequest), NULL)
#3 /home/xkynpbah/public_html/vendor/codeigniter4/framework/system/CodeIgniter.php(384): CodeIgniter\Filters\Filters->run('keys/generate', 'before')
#4 /home/xkynpbah/public_html/vendor/codeigniter4/framework/system/CodeIgniter.php(318): CodeIgniter\CodeIgniter->handleRequest(NULL, Object(Config\Cache), false)
#5 /home/xkynpbah/public_html/index.php(37): CodeIgniter\CodeIgniter->run()
#6 {main}
CRITICAL - 2026-07-20 15:24:52 --> Trying to get property 'level' of non-object
#0 /home/xkynpbah/public_html/app/Models/UserModel.php(71): CodeIgniter\Debug\Exceptions->errorHandler(8, 'Trying to get p...', '/home/xkynpbah/...', 71, Array)
#1 /home/xkynpbah/public_html/app/Filters/AuthFilter.php(19): App\Models\UserModel->checkAuthFilter()
#2 /home/xkynpbah/public_html/vendor/codeigniter4/framework/system/Filters/Filters.php(173): App\Filters\AuthFilter->before(Object(CodeIgniter\HTTP\IncomingRequest), NULL)
#3 /home/xkynpbah/public_html/vendor/codeigniter4/framework/system/CodeIgniter.php(384): CodeIgniter\Filters\Filters->run('keys/generate', 'before')
#4 /home/xkynpbah/public_html/vendor/codeigniter4/framework/system/CodeIgniter.php(318): CodeIgniter\CodeIgniter->handleRequest(NULL, Object(Config\Cache), false)
#5 /home/xkynpbah/public_html/index.php(37): CodeIgniter\CodeIgniter->run()
#6 {main}
CRITICAL - 2026-07-20 15:25:39 --> Trying to get property 'level' of non-object
#0 /home/xkynpbah/public_html/app/Models/UserModel.php(71): CodeIgniter\Debug\Exceptions->errorHandler(8, 'Trying to get p...', '/home/xkynpbah/...', 71, Array)
#1 /home/xkynpbah/public_html/app/Filters/AuthFilter.php(19): App\Models\UserModel->checkAuthFilter()
#2 /home/xkynpbah/public_html/vendor/codeigniter4/framework/system/Filters/Filters.php(173): App\Filters\AuthFilter->before(Object(CodeIgniter\HTTP\IncomingRequest), NULL)
#3 /home/xkynpbah/public_html/vendor/codeigniter4/framework/system/CodeIgniter.php(384): CodeIgniter\Filters\Filters->run('keys/generate', 'before')
#4 /home/xkynpbah/public_html/vendor/codeigniter4/framework/system/CodeIgniter.php(318): CodeIgniter\CodeIgniter->handleRequest(NULL, Object(Config\Cache), false)
#5 /home/xkynpbah/public_html/index.php(37): CodeIgniter\CodeIgniter->run()
#6 {main}
CRITICAL - 2026-07-20 15:25:47 --> Trying to get property 'level' of non-object
#0 /home/xkynpbah/public_html/app/Models/UserModel.php(71): CodeIgniter\Debug\Exceptions->errorHandler(8, 'Trying to get p...', '/home/xkynpbah/...', 71, Array)
#1 /home/xkynpbah/public_html/app/Filters/AuthFilter.php(19): App\Models\UserModel->checkAuthFilter()
#2 /home/xkynpbah/public_html/vendor/codeigniter4/framework/system/Filters/Filters.php(173): App\Filters\AuthFilter->before(Object(CodeIgniter\HTTP\IncomingRequest), NULL)
#3 /home/xkynpbah/public_html/vendor/codeigniter4/framework/system/CodeIgniter.php(384): CodeIgniter\Filters\Filters->run('dashboard', 'before')
#4 /home/xkynpbah/public_html/vendor/codeigniter4/framework/system/CodeIgniter.php(318): CodeIgniter\CodeIgniter->handleRequest(NULL, Object(Config\Cache), false)
#5 /home/xkynpbah/public_html/index.php(37): CodeIgniter\CodeIgniter->run()
#6 {main}
CRITICAL - 2026-07-20 21:26:46 --> syntax error, unexpected ';', expecting ')'
#0 /home/xkynpbah/public_html/vendor/codeigniter4/framework/system/Autoloader/Autoloader.php(241): CodeIgniter\Autoloader\Autoloader->includeFile('/home/xkynpbah/...')
#1 /home/xkynpbah/public_html/vendor/codeigniter4/framework/system/Autoloader/Autoloader.php(219): CodeIgniter\Autoloader\Autoloader->loadInNamespace('App\\Controllers...')
#2 [internal function]: CodeIgniter\Autoloader\Autoloader->loadClass('App\\Controllers...')
#3 [internal function]: spl_autoload_call('App\\Controllers...')
#4 /home/xkynpbah/public_html/vendor/codeigniter4/framework/system/CodeIgniter.php(789): class_exists('\\App\\Controller...', true)
#5 /home/xkynpbah/public_html/vendor/codeigniter4/framework/system/CodeIgniter.php(397): CodeIgniter\CodeIgniter->startController()
#6 /home/xkynpbah/public_html/vendor/codeigniter4/framework/system/CodeIgniter.php(318): CodeIgniter\CodeIgniter->handleRequest(NULL, Object(Config\Cache), false)
#7 /home/xkynpbah/public_html/index.php(37): CodeIgniter\CodeIgniter->run()
#8 {main}
CRITICAL - 2026-07-20 21:26:54 --> syntax error, unexpected ';', expecting ')'
#0 /home/xkynpbah/public_html/vendor/codeigniter4/framework/system/Autoloader/Autoloader.php(241): CodeIgniter\Autoloader\Autoloader->includeFile('/home/xkynpbah/...')
#1 /home/xkynpbah/public_html/vendor/codeigniter4/framework/system/Autoloader/Autoloader.php(219): CodeIgniter\Autoloader\Autoloader->loadInNamespace('App\\Controllers...')
#2 [internal function]: CodeIgniter\Autoloader\Autoloader->loadClass('App\\Controllers...')
#3 [internal function]: spl_autoload_call('App\\Controllers...')
#4 /home/xkynpbah/public_html/vendor/codeigniter4/framework/system/CodeIgniter.php(789): class_exists('\\App\\Controller...', true)
#5 /home/xkynpbah/public_html/vendor/codeigniter4/framework/system/CodeIgniter.php(397): CodeIgniter\CodeIgniter->startController()
#6 /home/xkynpbah/public_html/vendor/codeigniter4/framework/system/CodeIgniter.php(318): CodeIgniter\CodeIgniter->handleRequest(NULL, Object(Config\Cache), false)
#7 /home/xkynpbah/public_html/index.php(37): CodeIgniter\CodeIgniter->run()
#8 {main}
CRITICAL - 2026-07-20 21:26:55 --> syntax error, unexpected ';', expecting ')'
#0 /home/xkynpbah/public_html/vendor/codeigniter4/framework/system/Autoloader/Autoloader.php(241): CodeIgniter\Autoloader\Autoloader->includeFile('/home/xkynpbah/...')
#1 /home/xkynpbah/public_html/vendor/codeigniter4/framework/system/Autoloader/Autoloader.php(219): CodeIgniter\Autoloader\Autoloader->loadInNamespace('App\\Controllers...')
#2 [internal function]: CodeIgniter\Autoloader\Autoloader->loadClass('App\\Controllers...')
#3 [internal function]: spl_autoload_call('App\\Controllers...')
#4 /home/xkynpbah/public_html/vendor/codeigniter4/framework/system/CodeIgniter.php(789): class_exists('\\App\\Controller...', true)
#5 /home/xkynpbah/public_html/vendor/codeigniter4/framework/system/CodeIgniter.php(397): CodeIgniter\CodeIgniter->startController()
#6 /home/xkynpbah/public_html/vendor/codeigniter4/framework/system/CodeIgniter.php(318): CodeIgniter\CodeIgniter->handleRequest(NULL, Object(Config\Cache), false)
#7 /home/xkynpbah/public_html/index.php(37): CodeIgniter\CodeIgniter->run()
#8 {main}
CRITICAL - 2026-07-20 21:26:57 --> syntax error, unexpected ';', expecting ')'
#0 /home/xkynpbah/public_html/vendor/codeigniter4/framework/system/Autoloader/Autoloader.php(241): CodeIgniter\Autoloader\Autoloader->includeFile('/home/xkynpbah/...')
#1 /home/xkynpbah/public_html/vendor/codeigniter4/framework/system/Autoloader/Autoloader.php(219): CodeIgniter\Autoloader\Autoloader->loadInNamespace('App\\Controllers...')
#2 [internal function]: CodeIgniter\Autoloader\Autoloader->loadClass('App\\Controllers...')
#3 [internal function]: spl_autoload_call('App\\Controllers...')
#4 /home/xkynpbah/public_html/vendor/codeigniter4/framework/system/CodeIgniter.php(789): class_exists('\\App\\Controller...', true)
#5 /home/xkynpbah/public_html/vendor/codeigniter4/framework/system/CodeIgniter.php(397): CodeIgniter\CodeIgniter->startController()
#6 /home/xkynpbah/public_html/vendor/codeigniter4/framework/system/CodeIgniter.php(318): CodeIgniter\CodeIgniter->handleRequest(NULL, Object(Config\Cache), false)
#7 /home/xkynpbah/public_html/index.php(37): CodeIgniter\CodeIgniter->run()
#8 {main}
CRITICAL - 2026-07-20 21:26:58 --> syntax error, unexpected ';', expecting ')'
#0 /home/xkynpbah/public_html/vendor/codeigniter4/framework/system/Autoloader/Autoloader.php(241): CodeIgniter\Autoloader\Autoloader->includeFile('/home/xkynpbah/...')
#1 /home/xkynpbah/public_html/vendor/codeigniter4/framework/system/Autoloader/Autoloader.php(219): CodeIgniter\Autoloader\Autoloader->loadInNamespace('App\\Controllers...')
#2 [internal function]: CodeIgniter\Autoloader\Autoloader->loadClass('App\\Controllers...')
#3 [internal function]: spl_autoload_call('App\\Controllers...')
#4 /home/xkynpbah/public_html/vendor/codeigniter4/framework/system/CodeIgniter.php(789): class_exists('\\App\\Controller...', true)
#5 /home/xkynpbah/public_html/vendor/codeigniter4/framework/system/CodeIgniter.php(397): CodeIgniter\CodeIgniter->startController()
#6 /home/xkynpbah/public_html/vendor/codeigniter4/framework/system/CodeIgniter.php(318): CodeIgniter\CodeIgniter->handleRequest(NULL, Object(Config\Cache), false)
#7 /home/xkynpbah/public_html/index.php(37): CodeIgniter\CodeIgniter->run()
#8 {main}
CRITICAL - 2026-07-20 21:27:00 --> syntax error, unexpected ';', expecting ')'
#0 /home/xkynpbah/public_html/vendor/codeigniter4/framework/system/Autoloader/Autoloader.php(241): CodeIgniter\Autoloader\Autoloader->includeFile('/home/xkynpbah/...')
#1 /home/xkynpbah/public_html/vendor/codeigniter4/framework/system/Autoloader/Autoloader.php(219): CodeIgniter\Autoloader\Autoloader->loadInNamespace('App\\Controllers...')
#2 [internal function]: CodeIgniter\Autoloader\Autoloader->loadClass('App\\Controllers...')
#3 [internal function]: spl_autoload_call('App\\Controllers...')
#4 /home/xkynpbah/public_html/vendor/codeigniter4/framework/system/CodeIgniter.php(789): class_exists('\\App\\Controller...', true)
#5 /home/xkynpbah/public_html/vendor/codeigniter4/framework/system/CodeIgniter.php(397): CodeIgniter\CodeIgniter->startController()
#6 /home/xkynpbah/public_html/vendor/codeigniter4/framework/system/CodeIgniter.php(318): CodeIgniter\CodeIgniter->handleRequest(NULL, Object(Config\Cache), false)
#7 /home/xkynpbah/public_html/index.php(37): CodeIgniter\CodeIgniter->run()
#8 {main}
CRITICAL - 2026-07-20 21:27:02 --> syntax error, unexpected ';', expecting ')'
#0 /home/xkynpbah/public_html/vendor/codeigniter4/framework/system/Autoloader/Autoloader.php(241): CodeIgniter\Autoloader\Autoloader->includeFile('/home/xkynpbah/...')
#1 /home/xkynpbah/public_html/vendor/codeigniter4/framework/system/Autoloader/Autoloader.php(219): CodeIgniter\Autoloader\Autoloader->loadInNamespace('App\\Controllers...')
#2 [internal function]: CodeIgniter\Autoloader\Autoloader->loadClass('App\\Controllers...')
#3 [internal function]: spl_autoload_call('App\\Controllers...')
#4 /home/xkynpbah/public_html/vendor/codeigniter4/framework/system/CodeIgniter.php(789): class_exists('\\App\\Controller...', true)
#5 /home/xkynpbah/public_html/vendor/codeigniter4/framework/system/CodeIgniter.php(397): CodeIgniter\CodeIgniter->startController()
#6 /home/xkynpbah/public_html/vendor/codeigniter4/framework/system/CodeIgniter.php(318): CodeIgniter\CodeIgniter->handleRequest(NULL, Object(Config\Cache), false)
#7 /home/xkynpbah/public_html/index.php(37): CodeIgniter\CodeIgniter->run()
#8 {main}
