CRITICAL - 2025-10-19 13:46:08 --> mysqli_connect(): (HY000/1040): Too many connections
#0 [internal function]: CodeIgniter\Debug\Exceptions->errorHandler(2, 'mysqli_connect(...', '/home/powerchea...', 8, Array)
#1 /home/powercheatofc/nexamod.powercheatofc.shop/conn.php(8): mysqli_connect('localhost', 'powercheatofc_n...', 'powercheatofc_n...', 'powercheatofc_n...')
#2 /home/powercheatofc/nexamod.powercheatofc.shop/app/Controllers/Connect.php(13): include('/home/powerchea...')
#3 /home/powercheatofc/nexamod.powercheatofc.shop/vendor/codeigniter4/framework/system/CodeIgniter.php(801): App\Controllers\Connect->__construct()
#4 /home/powercheatofc/nexamod.powercheatofc.shop/vendor/codeigniter4/framework/system/CodeIgniter.php(401): CodeIgniter\CodeIgniter->createController()
#5 /home/powercheatofc/nexamod.powercheatofc.shop/vendor/codeigniter4/framework/system/CodeIgniter.php(318): CodeIgniter\CodeIgniter->handleRequest(NULL, Object(Config\Cache), false)
#6 /home/powercheatofc/nexamod.powercheatofc.shop/index.php(37): CodeIgniter\CodeIgniter->run()
#7 {main}
CRITICAL - 2025-10-19 13:46:33 --> mysqli_connect(): (HY000/1040): Too many connections
#0 [internal function]: CodeIgniter\Debug\Exceptions->errorHandler(2, 'mysqli_connect(...', '/home/powerchea...', 8, Array)
#1 /home/powercheatofc/nexamod.powercheatofc.shop/conn.php(8): mysqli_connect('localhost', 'powercheatofc_n...', 'powercheatofc_n...', 'powercheatofc_n...')
#2 /home/powercheatofc/nexamod.powercheatofc.shop/app/Controllers/Connect.php(13): include('/home/powerchea...')
#3 /home/powercheatofc/nexamod.powercheatofc.shop/vendor/codeigniter4/framework/system/CodeIgniter.php(801): App\Controllers\Connect->__construct()
#4 /home/powercheatofc/nexamod.powercheatofc.shop/vendor/codeigniter4/framework/system/CodeIgniter.php(401): CodeIgniter\CodeIgniter->createController()
#5 /home/powercheatofc/nexamod.powercheatofc.shop/vendor/codeigniter4/framework/system/CodeIgniter.php(318): CodeIgniter\CodeIgniter->handleRequest(NULL, Object(Config\Cache), false)
#6 /home/powercheatofc/nexamod.powercheatofc.shop/index.php(37): CodeIgniter\CodeIgniter->run()
#7 {main}
ERROR - 2025-10-19 17:47:23 --> Unknown column 'pass_key' in 'ORDER BY'
CRITICAL - 2025-10-19 17:47:23 --> Unknown column 'pass_key' in 'ORDER BY'
#0 /home/powercheatofc/nexamod.powercheatofc.shop/vendor/codeigniter4/framework/system/Database/MySQLi/Connection.php(292): mysqli->query('SELECT CONCAT(k...', 0)
#1 /home/powercheatofc/nexamod.powercheatofc.shop/vendor/codeigniter4/framework/system/Database/BaseConnection.php(670): CodeIgniter\Database\MySQLi\Connection->execute('SELECT CONCAT(k...')
#2 /home/powercheatofc/nexamod.powercheatofc.shop/vendor/codeigniter4/framework/system/Database/BaseConnection.php(598): CodeIgniter\Database\BaseConnection->simpleQuery('SELECT CONCAT(k...')
#3 /home/powercheatofc/nexamod.powercheatofc.shop/vendor/codeigniter4/framework/system/Database/BaseBuilder.php(1443): CodeIgniter\Database\BaseConnection->query('SELECT CONCAT(k...', Array, false)
#4 /home/powercheatofc/nexamod.powercheatofc.shop/vendor/hermawan/codeigniter4-datatables/src/DataTableQuery.php(215): CodeIgniter\Database\BaseBuilder->get()
#5 /home/powercheatofc/nexamod.powercheatofc.shop/vendor/hermawan/codeigniter4-datatables/src/DataTableQuery.php(70): Hermawan\DataTables\DataTableQuery->queryResult()
#6 /home/powercheatofc/nexamod.powercheatofc.shop/vendor/hermawan/codeigniter4-datatables/src/DataTable.php(175): Hermawan\DataTables\DataTableQuery->getDataResult()
#7 /home/powercheatofc/nexamod.powercheatofc.shop/app/Models/KeysModel.php(71): Hermawan\DataTables\DataTable->toJson(true)
#8 /home/powercheatofc/nexamod.powercheatofc.shop/app/Controllers/Keys.php(163): App\Models\KeysModel->API_getKeys()
#9 /home/powercheatofc/nexamod.powercheatofc.shop/vendor/codeigniter4/framework/system/CodeIgniter.php(824): App\Controllers\Keys->api_get_keys()
#10 /home/powercheatofc/nexamod.powercheatofc.shop/vendor/codeigniter4/framework/system/CodeIgniter.php(410): CodeIgniter\CodeIgniter->runController(Object(App\Controllers\Keys))
#11 /home/powercheatofc/nexamod.powercheatofc.shop/vendor/codeigniter4/framework/system/CodeIgniter.php(318): CodeIgniter\CodeIgniter->handleRequest(NULL, Object(Config\Cache), false)
#12 /home/powercheatofc/nexamod.powercheatofc.shop/index.php(37): CodeIgniter\CodeIgniter->run()
#13 {main}
ERROR - 2025-10-19 17:47:26 --> Unknown column 'pass_key' in 'ORDER BY'
CRITICAL - 2025-10-19 17:47:26 --> Unknown column 'pass_key' in 'ORDER BY'
#0 /home/powercheatofc/nexamod.powercheatofc.shop/vendor/codeigniter4/framework/system/Database/MySQLi/Connection.php(292): mysqli->query('SELECT CONCAT(k...', 0)
#1 /home/powercheatofc/nexamod.powercheatofc.shop/vendor/codeigniter4/framework/system/Database/BaseConnection.php(670): CodeIgniter\Database\MySQLi\Connection->execute('SELECT CONCAT(k...')
#2 /home/powercheatofc/nexamod.powercheatofc.shop/vendor/codeigniter4/framework/system/Database/BaseConnection.php(598): CodeIgniter\Database\BaseConnection->simpleQuery('SELECT CONCAT(k...')
#3 /home/powercheatofc/nexamod.powercheatofc.shop/vendor/codeigniter4/framework/system/Database/BaseBuilder.php(1443): CodeIgniter\Database\BaseConnection->query('SELECT CONCAT(k...', Array, false)
#4 /home/powercheatofc/nexamod.powercheatofc.shop/vendor/hermawan/codeigniter4-datatables/src/DataTableQuery.php(215): CodeIgniter\Database\BaseBuilder->get()
#5 /home/powercheatofc/nexamod.powercheatofc.shop/vendor/hermawan/codeigniter4-datatables/src/DataTableQuery.php(70): Hermawan\DataTables\DataTableQuery->queryResult()
#6 /home/powercheatofc/nexamod.powercheatofc.shop/vendor/hermawan/codeigniter4-datatables/src/DataTable.php(175): Hermawan\DataTables\DataTableQuery->getDataResult()
#7 /home/powercheatofc/nexamod.powercheatofc.shop/app/Models/KeysModel.php(71): Hermawan\DataTables\DataTable->toJson(true)
#8 /home/powercheatofc/nexamod.powercheatofc.shop/app/Controllers/Keys.php(163): App\Models\KeysModel->API_getKeys()
#9 /home/powercheatofc/nexamod.powercheatofc.shop/vendor/codeigniter4/framework/system/CodeIgniter.php(824): App\Controllers\Keys->api_get_keys()
#10 /home/powercheatofc/nexamod.powercheatofc.shop/vendor/codeigniter4/framework/system/CodeIgniter.php(410): CodeIgniter\CodeIgniter->runController(Object(App\Controllers\Keys))
#11 /home/powercheatofc/nexamod.powercheatofc.shop/vendor/codeigniter4/framework/system/CodeIgniter.php(318): CodeIgniter\CodeIgniter->handleRequest(NULL, Object(Config\Cache), false)
#12 /home/powercheatofc/nexamod.powercheatofc.shop/index.php(37): CodeIgniter\CodeIgniter->run()
#13 {main}
ERROR - 2025-10-19 17:47:40 --> Unknown column 'pass_key' in 'ORDER BY'
CRITICAL - 2025-10-19 17:47:40 --> Unknown column 'pass_key' in 'ORDER BY'
#0 /home/powercheatofc/nexamod.powercheatofc.shop/vendor/codeigniter4/framework/system/Database/MySQLi/Connection.php(292): mysqli->query('SELECT CONCAT(k...', 0)
#1 /home/powercheatofc/nexamod.powercheatofc.shop/vendor/codeigniter4/framework/system/Database/BaseConnection.php(670): CodeIgniter\Database\MySQLi\Connection->execute('SELECT CONCAT(k...')
#2 /home/powercheatofc/nexamod.powercheatofc.shop/vendor/codeigniter4/framework/system/Database/BaseConnection.php(598): CodeIgniter\Database\BaseConnection->simpleQuery('SELECT CONCAT(k...')
#3 /home/powercheatofc/nexamod.powercheatofc.shop/vendor/codeigniter4/framework/system/Database/BaseBuilder.php(1443): CodeIgniter\Database\BaseConnection->query('SELECT CONCAT(k...', Array, false)
#4 /home/powercheatofc/nexamod.powercheatofc.shop/vendor/hermawan/codeigniter4-datatables/src/DataTableQuery.php(215): CodeIgniter\Database\BaseBuilder->get()
#5 /home/powercheatofc/nexamod.powercheatofc.shop/vendor/hermawan/codeigniter4-datatables/src/DataTableQuery.php(70): Hermawan\DataTables\DataTableQuery->queryResult()
#6 /home/powercheatofc/nexamod.powercheatofc.shop/vendor/hermawan/codeigniter4-datatables/src/DataTable.php(175): Hermawan\DataTables\DataTableQuery->getDataResult()
#7 /home/powercheatofc/nexamod.powercheatofc.shop/app/Models/KeysModel.php(71): Hermawan\DataTables\DataTable->toJson(true)
#8 /home/powercheatofc/nexamod.powercheatofc.shop/app/Controllers/Keys.php(163): App\Models\KeysModel->API_getKeys()
#9 /home/powercheatofc/nexamod.powercheatofc.shop/vendor/codeigniter4/framework/system/CodeIgniter.php(824): App\Controllers\Keys->api_get_keys()
#10 /home/powercheatofc/nexamod.powercheatofc.shop/vendor/codeigniter4/framework/system/CodeIgniter.php(410): CodeIgniter\CodeIgniter->runController(Object(App\Controllers\Keys))
#11 /home/powercheatofc/nexamod.powercheatofc.shop/vendor/codeigniter4/framework/system/CodeIgniter.php(318): CodeIgniter\CodeIgniter->handleRequest(NULL, Object(Config\Cache), false)
#12 /home/powercheatofc/nexamod.powercheatofc.shop/index.php(37): CodeIgniter\CodeIgniter->run()
#13 {main}
ERROR - 2025-10-19 17:47:45 --> Unknown column 'pass_key' in 'ORDER BY'
CRITICAL - 2025-10-19 17:47:45 --> Unknown column 'pass_key' in 'ORDER BY'
#0 /home/powercheatofc/nexamod.powercheatofc.shop/vendor/codeigniter4/framework/system/Database/MySQLi/Connection.php(292): mysqli->query('SELECT CONCAT(k...', 0)
#1 /home/powercheatofc/nexamod.powercheatofc.shop/vendor/codeigniter4/framework/system/Database/BaseConnection.php(670): CodeIgniter\Database\MySQLi\Connection->execute('SELECT CONCAT(k...')
#2 /home/powercheatofc/nexamod.powercheatofc.shop/vendor/codeigniter4/framework/system/Database/BaseConnection.php(598): CodeIgniter\Database\BaseConnection->simpleQuery('SELECT CONCAT(k...')
#3 /home/powercheatofc/nexamod.powercheatofc.shop/vendor/codeigniter4/framework/system/Database/BaseBuilder.php(1443): CodeIgniter\Database\BaseConnection->query('SELECT CONCAT(k...', Array, false)
#4 /home/powercheatofc/nexamod.powercheatofc.shop/vendor/hermawan/codeigniter4-datatables/src/DataTableQuery.php(215): CodeIgniter\Database\BaseBuilder->get()
#5 /home/powercheatofc/nexamod.powercheatofc.shop/vendor/hermawan/codeigniter4-datatables/src/DataTableQuery.php(70): Hermawan\DataTables\DataTableQuery->queryResult()
#6 /home/powercheatofc/nexamod.powercheatofc.shop/vendor/hermawan/codeigniter4-datatables/src/DataTable.php(175): Hermawan\DataTables\DataTableQuery->getDataResult()
#7 /home/powercheatofc/nexamod.powercheatofc.shop/app/Models/KeysModel.php(71): Hermawan\DataTables\DataTable->toJson(true)
#8 /home/powercheatofc/nexamod.powercheatofc.shop/app/Controllers/Keys.php(163): App\Models\KeysModel->API_getKeys()
#9 /home/powercheatofc/nexamod.powercheatofc.shop/vendor/codeigniter4/framework/system/CodeIgniter.php(824): App\Controllers\Keys->api_get_keys()
#10 /home/powercheatofc/nexamod.powercheatofc.shop/vendor/codeigniter4/framework/system/CodeIgniter.php(410): CodeIgniter\CodeIgniter->runController(Object(App\Controllers\Keys))
#11 /home/powercheatofc/nexamod.powercheatofc.shop/vendor/codeigniter4/framework/system/CodeIgniter.php(318): CodeIgniter\CodeIgniter->handleRequest(NULL, Object(Config\Cache), false)
#12 /home/powercheatofc/nexamod.powercheatofc.shop/index.php(37): CodeIgniter\CodeIgniter->run()
#13 {main}
ERROR - 2025-10-19 17:48:03 --> Unknown column 'pass_key' in 'ORDER BY'
CRITICAL - 2025-10-19 17:48:03 --> Unknown column 'pass_key' in 'ORDER BY'
#0 /home/powercheatofc/nexamod.powercheatofc.shop/vendor/codeigniter4/framework/system/Database/MySQLi/Connection.php(292): mysqli->query('SELECT CONCAT(k...', 0)
#1 /home/powercheatofc/nexamod.powercheatofc.shop/vendor/codeigniter4/framework/system/Database/BaseConnection.php(670): CodeIgniter\Database\MySQLi\Connection->execute('SELECT CONCAT(k...')
#2 /home/powercheatofc/nexamod.powercheatofc.shop/vendor/codeigniter4/framework/system/Database/BaseConnection.php(598): CodeIgniter\Database\BaseConnection->simpleQuery('SELECT CONCAT(k...')
#3 /home/powercheatofc/nexamod.powercheatofc.shop/vendor/codeigniter4/framework/system/Database/BaseBuilder.php(1443): CodeIgniter\Database\BaseConnection->query('SELECT CONCAT(k...', Array, false)
#4 /home/powercheatofc/nexamod.powercheatofc.shop/vendor/hermawan/codeigniter4-datatables/src/DataTableQuery.php(215): CodeIgniter\Database\BaseBuilder->get()
#5 /home/powercheatofc/nexamod.powercheatofc.shop/vendor/hermawan/codeigniter4-datatables/src/DataTableQuery.php(70): Hermawan\DataTables\DataTableQuery->queryResult()
#6 /home/powercheatofc/nexamod.powercheatofc.shop/vendor/hermawan/codeigniter4-datatables/src/DataTable.php(175): Hermawan\DataTables\DataTableQuery->getDataResult()
#7 /home/powercheatofc/nexamod.powercheatofc.shop/app/Models/KeysModel.php(71): Hermawan\DataTables\DataTable->toJson(true)
#8 /home/powercheatofc/nexamod.powercheatofc.shop/app/Controllers/Keys.php(163): App\Models\KeysModel->API_getKeys()
#9 /home/powercheatofc/nexamod.powercheatofc.shop/vendor/codeigniter4/framework/system/CodeIgniter.php(824): App\Controllers\Keys->api_get_keys()
#10 /home/powercheatofc/nexamod.powercheatofc.shop/vendor/codeigniter4/framework/system/CodeIgniter.php(410): CodeIgniter\CodeIgniter->runController(Object(App\Controllers\Keys))
#11 /home/powercheatofc/nexamod.powercheatofc.shop/vendor/codeigniter4/framework/system/CodeIgniter.php(318): CodeIgniter\CodeIgniter->handleRequest(NULL, Object(Config\Cache), false)
#12 /home/powercheatofc/nexamod.powercheatofc.shop/index.php(37): CodeIgniter\CodeIgniter->run()
#13 {main}
