CRITICAL - 2026-01-22 23:35:07 --> Undefined offset: 3
#0 /home/u668489569/domains/xyzcheats.com/public_html/app/Views/User/dashboard.php(161): CodeIgniter\Debug\Exceptions->errorHandler(8, 'Undefined offse...', '/home/u66848956...', 161, Array)
#1 /home/u668489569/domains/xyzcheats.com/public_html/vendor/codeigniter4/framework/system/View/View.php(214): include('/home/u66848956...')
#2 /home/u668489569/domains/xyzcheats.com/public_html/vendor/codeigniter4/framework/system/View/View.php(217): CodeIgniter\View\View->CodeIgniter\View\{closure}()
#3 /home/u668489569/domains/xyzcheats.com/public_html/vendor/codeigniter4/framework/system/Common.php(1097): CodeIgniter\View\View->render('User/dashboard', Array, true)
#4 /home/u668489569/domains/xyzcheats.com/public_html/app/Controllers/User.php(51): view('User/dashboard', Array)
#5 /home/u668489569/domains/xyzcheats.com/public_html/vendor/codeigniter4/framework/system/CodeIgniter.php(824): App\Controllers\User->index()
#6 /home/u668489569/domains/xyzcheats.com/public_html/vendor/codeigniter4/framework/system/CodeIgniter.php(410): CodeIgniter\CodeIgniter->runController(Object(App\Controllers\User))
#7 /home/u668489569/domains/xyzcheats.com/public_html/vendor/codeigniter4/framework/system/CodeIgniter.php(318): CodeIgniter\CodeIgniter->handleRequest(NULL, Object(Config\Cache), false)
#8 /home/u668489569/domains/xyzcheats.com/public_html/index.php(37): CodeIgniter\CodeIgniter->run()
#9 {main}
CRITICAL - 2026-01-22 23:35:09 --> Undefined offset: 3
#0 /home/u668489569/domains/xyzcheats.com/public_html/app/Views/User/dashboard.php(161): CodeIgniter\Debug\Exceptions->errorHandler(8, 'Undefined offse...', '/home/u66848956...', 161, Array)
#1 /home/u668489569/domains/xyzcheats.com/public_html/vendor/codeigniter4/framework/system/View/View.php(214): include('/home/u66848956...')
#2 /home/u668489569/domains/xyzcheats.com/public_html/vendor/codeigniter4/framework/system/View/View.php(217): CodeIgniter\View\View->CodeIgniter\View\{closure}()
#3 /home/u668489569/domains/xyzcheats.com/public_html/vendor/codeigniter4/framework/system/Common.php(1097): CodeIgniter\View\View->render('User/dashboard', Array, true)
#4 /home/u668489569/domains/xyzcheats.com/public_html/app/Controllers/User.php(51): view('User/dashboard', Array)
#5 /home/u668489569/domains/xyzcheats.com/public_html/vendor/codeigniter4/framework/system/CodeIgniter.php(824): App\Controllers\User->index()
#6 /home/u668489569/domains/xyzcheats.com/public_html/vendor/codeigniter4/framework/system/CodeIgniter.php(410): CodeIgniter\CodeIgniter->runController(Object(App\Controllers\User))
#7 /home/u668489569/domains/xyzcheats.com/public_html/vendor/codeigniter4/framework/system/CodeIgniter.php(318): CodeIgniter\CodeIgniter->handleRequest(NULL, Object(Config\Cache), false)
#8 /home/u668489569/domains/xyzcheats.com/public_html/index.php(37): CodeIgniter\CodeIgniter->run()
#9 {main}
CRITICAL - 2026-01-22 23:35:12 --> Undefined offset: 3
#0 /home/u668489569/domains/xyzcheats.com/public_html/app/Views/User/dashboard.php(161): CodeIgniter\Debug\Exceptions->errorHandler(8, 'Undefined offse...', '/home/u66848956...', 161, Array)
#1 /home/u668489569/domains/xyzcheats.com/public_html/vendor/codeigniter4/framework/system/View/View.php(214): include('/home/u66848956...')
#2 /home/u668489569/domains/xyzcheats.com/public_html/vendor/codeigniter4/framework/system/View/View.php(217): CodeIgniter\View\View->CodeIgniter\View\{closure}()
#3 /home/u668489569/domains/xyzcheats.com/public_html/vendor/codeigniter4/framework/system/Common.php(1097): CodeIgniter\View\View->render('User/dashboard', Array, true)
#4 /home/u668489569/domains/xyzcheats.com/public_html/app/Controllers/User.php(51): view('User/dashboard', Array)
#5 /home/u668489569/domains/xyzcheats.com/public_html/vendor/codeigniter4/framework/system/CodeIgniter.php(824): App\Controllers\User->index()
#6 /home/u668489569/domains/xyzcheats.com/public_html/vendor/codeigniter4/framework/system/CodeIgniter.php(410): CodeIgniter\CodeIgniter->runController(Object(App\Controllers\User))
#7 /home/u668489569/domains/xyzcheats.com/public_html/vendor/codeigniter4/framework/system/CodeIgniter.php(318): CodeIgniter\CodeIgniter->handleRequest(NULL, Object(Config\Cache), false)
#8 /home/u668489569/domains/xyzcheats.com/public_html/index.php(37): CodeIgniter\CodeIgniter->run()
#9 {main}
CRITICAL - 2026-01-22 23:35:18 --> Undefined offset: 3
#0 /home/u668489569/domains/xyzcheats.com/public_html/app/Views/User/dashboard.php(161): CodeIgniter\Debug\Exceptions->errorHandler(8, 'Undefined offse...', '/home/u66848956...', 161, Array)
#1 /home/u668489569/domains/xyzcheats.com/public_html/vendor/codeigniter4/framework/system/View/View.php(214): include('/home/u66848956...')
#2 /home/u668489569/domains/xyzcheats.com/public_html/vendor/codeigniter4/framework/system/View/View.php(217): CodeIgniter\View\View->CodeIgniter\View\{closure}()
#3 /home/u668489569/domains/xyzcheats.com/public_html/vendor/codeigniter4/framework/system/Common.php(1097): CodeIgniter\View\View->render('User/dashboard', Array, true)
#4 /home/u668489569/domains/xyzcheats.com/public_html/app/Controllers/User.php(51): view('User/dashboard', Array)
#5 /home/u668489569/domains/xyzcheats.com/public_html/vendor/codeigniter4/framework/system/CodeIgniter.php(824): App\Controllers\User->index()
#6 /home/u668489569/domains/xyzcheats.com/public_html/vendor/codeigniter4/framework/system/CodeIgniter.php(410): CodeIgniter\CodeIgniter->runController(Object(App\Controllers\User))
#7 /home/u668489569/domains/xyzcheats.com/public_html/vendor/codeigniter4/framework/system/CodeIgniter.php(318): CodeIgniter\CodeIgniter->handleRequest(NULL, Object(Config\Cache), false)
#8 /home/u668489569/domains/xyzcheats.com/public_html/index.php(37): CodeIgniter\CodeIgniter->run()
#9 {main}
CRITICAL - 2026-01-22 23:35:21 --> Undefined offset: 3
#0 /home/u668489569/domains/xyzcheats.com/public_html/app/Views/User/dashboard.php(161): CodeIgniter\Debug\Exceptions->errorHandler(8, 'Undefined offse...', '/home/u66848956...', 161, Array)
#1 /home/u668489569/domains/xyzcheats.com/public_html/vendor/codeigniter4/framework/system/View/View.php(214): include('/home/u66848956...')
#2 /home/u668489569/domains/xyzcheats.com/public_html/vendor/codeigniter4/framework/system/View/View.php(217): CodeIgniter\View\View->CodeIgniter\View\{closure}()
#3 /home/u668489569/domains/xyzcheats.com/public_html/vendor/codeigniter4/framework/system/Common.php(1097): CodeIgniter\View\View->render('User/dashboard', Array, true)
#4 /home/u668489569/domains/xyzcheats.com/public_html/app/Controllers/User.php(51): view('User/dashboard', Array)
#5 /home/u668489569/domains/xyzcheats.com/public_html/vendor/codeigniter4/framework/system/CodeIgniter.php(824): App\Controllers\User->index()
#6 /home/u668489569/domains/xyzcheats.com/public_html/vendor/codeigniter4/framework/system/CodeIgniter.php(410): CodeIgniter\CodeIgniter->runController(Object(App\Controllers\User))
#7 /home/u668489569/domains/xyzcheats.com/public_html/vendor/codeigniter4/framework/system/CodeIgniter.php(318): CodeIgniter\CodeIgniter->handleRequest(NULL, Object(Config\Cache), false)
#8 /home/u668489569/domains/xyzcheats.com/public_html/index.php(37): CodeIgniter\CodeIgniter->run()
#9 {main}
CRITICAL - 2026-01-22 23:35:22 --> Undefined offset: 3
#0 /home/u668489569/domains/xyzcheats.com/public_html/app/Views/User/dashboard.php(161): CodeIgniter\Debug\Exceptions->errorHandler(8, 'Undefined offse...', '/home/u66848956...', 161, Array)
#1 /home/u668489569/domains/xyzcheats.com/public_html/vendor/codeigniter4/framework/system/View/View.php(214): include('/home/u66848956...')
#2 /home/u668489569/domains/xyzcheats.com/public_html/vendor/codeigniter4/framework/system/View/View.php(217): CodeIgniter\View\View->CodeIgniter\View\{closure}()
#3 /home/u668489569/domains/xyzcheats.com/public_html/vendor/codeigniter4/framework/system/Common.php(1097): CodeIgniter\View\View->render('User/dashboard', Array, true)
#4 /home/u668489569/domains/xyzcheats.com/public_html/app/Controllers/User.php(51): view('User/dashboard', Array)
#5 /home/u668489569/domains/xyzcheats.com/public_html/vendor/codeigniter4/framework/system/CodeIgniter.php(824): App\Controllers\User->index()
#6 /home/u668489569/domains/xyzcheats.com/public_html/vendor/codeigniter4/framework/system/CodeIgniter.php(410): CodeIgniter\CodeIgniter->runController(Object(App\Controllers\User))
#7 /home/u668489569/domains/xyzcheats.com/public_html/vendor/codeigniter4/framework/system/CodeIgniter.php(318): CodeIgniter\CodeIgniter->handleRequest(NULL, Object(Config\Cache), false)
#8 /home/u668489569/domains/xyzcheats.com/public_html/index.php(37): CodeIgniter\CodeIgniter->run()
#9 {main}
CRITICAL - 2026-01-22 23:38:09 --> Undefined offset: 3
#0 /home/u668489569/domains/xyzcheats.com/public_html/app/Views/User/dashboard.php(161): CodeIgniter\Debug\Exceptions->errorHandler(8, 'Undefined offse...', '/home/u66848956...', 161, Array)
#1 /home/u668489569/domains/xyzcheats.com/public_html/vendor/codeigniter4/framework/system/View/View.php(214): include('/home/u66848956...')
#2 /home/u668489569/domains/xyzcheats.com/public_html/vendor/codeigniter4/framework/system/View/View.php(217): CodeIgniter\View\View->CodeIgniter\View\{closure}()
#3 /home/u668489569/domains/xyzcheats.com/public_html/vendor/codeigniter4/framework/system/Common.php(1097): CodeIgniter\View\View->render('User/dashboard', Array, true)
#4 /home/u668489569/domains/xyzcheats.com/public_html/app/Controllers/User.php(51): view('User/dashboard', Array)
#5 /home/u668489569/domains/xyzcheats.com/public_html/vendor/codeigniter4/framework/system/CodeIgniter.php(824): App\Controllers\User->index()
#6 /home/u668489569/domains/xyzcheats.com/public_html/vendor/codeigniter4/framework/system/CodeIgniter.php(410): CodeIgniter\CodeIgniter->runController(Object(App\Controllers\User))
#7 /home/u668489569/domains/xyzcheats.com/public_html/vendor/codeigniter4/framework/system/CodeIgniter.php(318): CodeIgniter\CodeIgniter->handleRequest(NULL, Object(Config\Cache), false)
#8 /home/u668489569/domains/xyzcheats.com/public_html/index.php(37): CodeIgniter\CodeIgniter->run()
#9 {main}
CRITICAL - 2026-01-22 23:38:12 --> Undefined offset: 3
#0 /home/u668489569/domains/xyzcheats.com/public_html/app/Views/User/dashboard.php(161): CodeIgniter\Debug\Exceptions->errorHandler(8, 'Undefined offse...', '/home/u66848956...', 161, Array)
#1 /home/u668489569/domains/xyzcheats.com/public_html/vendor/codeigniter4/framework/system/View/View.php(214): include('/home/u66848956...')
#2 /home/u668489569/domains/xyzcheats.com/public_html/vendor/codeigniter4/framework/system/View/View.php(217): CodeIgniter\View\View->CodeIgniter\View\{closure}()
#3 /home/u668489569/domains/xyzcheats.com/public_html/vendor/codeigniter4/framework/system/Common.php(1097): CodeIgniter\View\View->render('User/dashboard', Array, true)
#4 /home/u668489569/domains/xyzcheats.com/public_html/app/Controllers/User.php(51): view('User/dashboard', Array)
#5 /home/u668489569/domains/xyzcheats.com/public_html/vendor/codeigniter4/framework/system/CodeIgniter.php(824): App\Controllers\User->index()
#6 /home/u668489569/domains/xyzcheats.com/public_html/vendor/codeigniter4/framework/system/CodeIgniter.php(410): CodeIgniter\CodeIgniter->runController(Object(App\Controllers\User))
#7 /home/u668489569/domains/xyzcheats.com/public_html/vendor/codeigniter4/framework/system/CodeIgniter.php(318): CodeIgniter\CodeIgniter->handleRequest(NULL, Object(Config\Cache), false)
#8 /home/u668489569/domains/xyzcheats.com/public_html/index.php(37): CodeIgniter\CodeIgniter->run()
#9 {main}
CRITICAL - 2026-01-22 23:41:05 --> file_get_contents(/home/u668489569/domains/xyzcheats.com/public_html/hwang/liblamdo.so): failed to open stream: No such file or directory
#0 [internal function]: CodeIgniter\Debug\Exceptions->errorHandler(2, 'file_get_conten...', '/home/u66848956...', 203, Array)
#1 /home/u668489569/domains/xyzcheats.com/public_html/app/Controllers/Connect.php(203): file_get_contents('/home/u66848956...')
#2 /home/u668489569/domains/xyzcheats.com/public_html/app/Controllers/Connect.php(61): App\Controllers\Connect->index_post()
#3 /home/u668489569/domains/xyzcheats.com/public_html/vendor/codeigniter4/framework/system/CodeIgniter.php(824): App\Controllers\Connect->index()
#4 /home/u668489569/domains/xyzcheats.com/public_html/vendor/codeigniter4/framework/system/CodeIgniter.php(410): CodeIgniter\CodeIgniter->runController(Object(App\Controllers\Connect))
#5 /home/u668489569/domains/xyzcheats.com/public_html/vendor/codeigniter4/framework/system/CodeIgniter.php(318): CodeIgniter\CodeIgniter->handleRequest(NULL, Object(Config\Cache), false)
#6 /home/u668489569/domains/xyzcheats.com/public_html/index.php(37): CodeIgniter\CodeIgniter->run()
#7 {main}
CRITICAL - 2026-01-22 23:41:10 --> file_get_contents(/home/u668489569/domains/xyzcheats.com/public_html/hwang/liblamdo.so): failed to open stream: No such file or directory
#0 [internal function]: CodeIgniter\Debug\Exceptions->errorHandler(2, 'file_get_conten...', '/home/u66848956...', 203, Array)
#1 /home/u668489569/domains/xyzcheats.com/public_html/app/Controllers/Connect.php(203): file_get_contents('/home/u66848956...')
#2 /home/u668489569/domains/xyzcheats.com/public_html/app/Controllers/Connect.php(61): App\Controllers\Connect->index_post()
#3 /home/u668489569/domains/xyzcheats.com/public_html/vendor/codeigniter4/framework/system/CodeIgniter.php(824): App\Controllers\Connect->index()
#4 /home/u668489569/domains/xyzcheats.com/public_html/vendor/codeigniter4/framework/system/CodeIgniter.php(410): CodeIgniter\CodeIgniter->runController(Object(App\Controllers\Connect))
#5 /home/u668489569/domains/xyzcheats.com/public_html/vendor/codeigniter4/framework/system/CodeIgniter.php(318): CodeIgniter\CodeIgniter->handleRequest(NULL, Object(Config\Cache), false)
#6 /home/u668489569/domains/xyzcheats.com/public_html/index.php(37): CodeIgniter\CodeIgniter->run()
#7 {main}
CRITICAL - 2026-01-22 23:43:42 --> file_get_contents(/home/u668489569/domains/xyzcheats.com/public_html/hwang/liblamdo.so): failed to open stream: No such file or directory
#0 [internal function]: CodeIgniter\Debug\Exceptions->errorHandler(2, 'file_get_conten...', '/home/u66848956...', 203, Array)
#1 /home/u668489569/domains/xyzcheats.com/public_html/app/Controllers/Connect.php(203): file_get_contents('/home/u66848956...')
#2 /home/u668489569/domains/xyzcheats.com/public_html/app/Controllers/Connect.php(61): App\Controllers\Connect->index_post()
#3 /home/u668489569/domains/xyzcheats.com/public_html/vendor/codeigniter4/framework/system/CodeIgniter.php(824): App\Controllers\Connect->index()
#4 /home/u668489569/domains/xyzcheats.com/public_html/vendor/codeigniter4/framework/system/CodeIgniter.php(410): CodeIgniter\CodeIgniter->runController(Object(App\Controllers\Connect))
#5 /home/u668489569/domains/xyzcheats.com/public_html/vendor/codeigniter4/framework/system/CodeIgniter.php(318): CodeIgniter\CodeIgniter->handleRequest(NULL, Object(Config\Cache), false)
#6 /home/u668489569/domains/xyzcheats.com/public_html/index.php(37): CodeIgniter\CodeIgniter->run()
#7 {main}
CRITICAL - 2026-01-22 23:43:56 --> file_get_contents(/home/u668489569/domains/xyzcheats.com/public_html/hwang/liblamdo.so): failed to open stream: No such file or directory
#0 [internal function]: CodeIgniter\Debug\Exceptions->errorHandler(2, 'file_get_conten...', '/home/u66848956...', 203, Array)
#1 /home/u668489569/domains/xyzcheats.com/public_html/app/Controllers/Connect.php(203): file_get_contents('/home/u66848956...')
#2 /home/u668489569/domains/xyzcheats.com/public_html/app/Controllers/Connect.php(61): App\Controllers\Connect->index_post()
#3 /home/u668489569/domains/xyzcheats.com/public_html/vendor/codeigniter4/framework/system/CodeIgniter.php(824): App\Controllers\Connect->index()
#4 /home/u668489569/domains/xyzcheats.com/public_html/vendor/codeigniter4/framework/system/CodeIgniter.php(410): CodeIgniter\CodeIgniter->runController(Object(App\Controllers\Connect))
#5 /home/u668489569/domains/xyzcheats.com/public_html/vendor/codeigniter4/framework/system/CodeIgniter.php(318): CodeIgniter\CodeIgniter->handleRequest(NULL, Object(Config\Cache), false)
#6 /home/u668489569/domains/xyzcheats.com/public_html/index.php(37): CodeIgniter\CodeIgniter->run()
#7 {main}
CRITICAL - 2026-01-22 23:44:20 --> Undefined offset: 3
#0 /home/u668489569/domains/xyzcheats.com/public_html/app/Views/User/dashboard.php(161): CodeIgniter\Debug\Exceptions->errorHandler(8, 'Undefined offse...', '/home/u66848956...', 161, Array)
#1 /home/u668489569/domains/xyzcheats.com/public_html/vendor/codeigniter4/framework/system/View/View.php(214): include('/home/u66848956...')
#2 /home/u668489569/domains/xyzcheats.com/public_html/vendor/codeigniter4/framework/system/View/View.php(217): CodeIgniter\View\View->CodeIgniter\View\{closure}()
#3 /home/u668489569/domains/xyzcheats.com/public_html/vendor/codeigniter4/framework/system/Common.php(1097): CodeIgniter\View\View->render('User/dashboard', Array, true)
#4 /home/u668489569/domains/xyzcheats.com/public_html/app/Controllers/User.php(51): view('User/dashboard', Array)
#5 /home/u668489569/domains/xyzcheats.com/public_html/vendor/codeigniter4/framework/system/CodeIgniter.php(824): App\Controllers\User->index()
#6 /home/u668489569/domains/xyzcheats.com/public_html/vendor/codeigniter4/framework/system/CodeIgniter.php(410): CodeIgniter\CodeIgniter->runController(Object(App\Controllers\User))
#7 /home/u668489569/domains/xyzcheats.com/public_html/vendor/codeigniter4/framework/system/CodeIgniter.php(318): CodeIgniter\CodeIgniter->handleRequest(NULL, Object(Config\Cache), false)
#8 /home/u668489569/domains/xyzcheats.com/public_html/index.php(37): CodeIgniter\CodeIgniter->run()
#9 {main}
CRITICAL - 2026-01-22 23:44:22 --> Undefined offset: 3
#0 /home/u668489569/domains/xyzcheats.com/public_html/app/Views/User/dashboard.php(161): CodeIgniter\Debug\Exceptions->errorHandler(8, 'Undefined offse...', '/home/u66848956...', 161, Array)
#1 /home/u668489569/domains/xyzcheats.com/public_html/vendor/codeigniter4/framework/system/View/View.php(214): include('/home/u66848956...')
#2 /home/u668489569/domains/xyzcheats.com/public_html/vendor/codeigniter4/framework/system/View/View.php(217): CodeIgniter\View\View->CodeIgniter\View\{closure}()
#3 /home/u668489569/domains/xyzcheats.com/public_html/vendor/codeigniter4/framework/system/Common.php(1097): CodeIgniter\View\View->render('User/dashboard', Array, true)
#4 /home/u668489569/domains/xyzcheats.com/public_html/app/Controllers/User.php(51): view('User/dashboard', Array)
#5 /home/u668489569/domains/xyzcheats.com/public_html/vendor/codeigniter4/framework/system/CodeIgniter.php(824): App\Controllers\User->index()
#6 /home/u668489569/domains/xyzcheats.com/public_html/vendor/codeigniter4/framework/system/CodeIgniter.php(410): CodeIgniter\CodeIgniter->runController(Object(App\Controllers\User))
#7 /home/u668489569/domains/xyzcheats.com/public_html/vendor/codeigniter4/framework/system/CodeIgniter.php(318): CodeIgniter\CodeIgniter->handleRequest(NULL, Object(Config\Cache), false)
#8 /home/u668489569/domains/xyzcheats.com/public_html/index.php(37): CodeIgniter\CodeIgniter->run()
#9 {main}
CRITICAL - 2026-01-22 23:44:23 --> Undefined offset: 3
#0 /home/u668489569/domains/xyzcheats.com/public_html/app/Views/User/dashboard.php(161): CodeIgniter\Debug\Exceptions->errorHandler(8, 'Undefined offse...', '/home/u66848956...', 161, Array)
#1 /home/u668489569/domains/xyzcheats.com/public_html/vendor/codeigniter4/framework/system/View/View.php(214): include('/home/u66848956...')
#2 /home/u668489569/domains/xyzcheats.com/public_html/vendor/codeigniter4/framework/system/View/View.php(217): CodeIgniter\View\View->CodeIgniter\View\{closure}()
#3 /home/u668489569/domains/xyzcheats.com/public_html/vendor/codeigniter4/framework/system/Common.php(1097): CodeIgniter\View\View->render('User/dashboard', Array, true)
#4 /home/u668489569/domains/xyzcheats.com/public_html/app/Controllers/User.php(51): view('User/dashboard', Array)
#5 /home/u668489569/domains/xyzcheats.com/public_html/vendor/codeigniter4/framework/system/CodeIgniter.php(824): App\Controllers\User->index()
#6 /home/u668489569/domains/xyzcheats.com/public_html/vendor/codeigniter4/framework/system/CodeIgniter.php(410): CodeIgniter\CodeIgniter->runController(Object(App\Controllers\User))
#7 /home/u668489569/domains/xyzcheats.com/public_html/vendor/codeigniter4/framework/system/CodeIgniter.php(318): CodeIgniter\CodeIgniter->handleRequest(NULL, Object(Config\Cache), false)
#8 /home/u668489569/domains/xyzcheats.com/public_html/index.php(37): CodeIgniter\CodeIgniter->run()
#9 {main}
CRITICAL - 2026-01-22 23:44:45 --> file_get_contents(/home/u668489569/domains/xyzcheats.com/public_html/hwang/liblamdo.so): failed to open stream: No such file or directory
#0 [internal function]: CodeIgniter\Debug\Exceptions->errorHandler(2, 'file_get_conten...', '/home/u66848956...', 203, Array)
#1 /home/u668489569/domains/xyzcheats.com/public_html/app/Controllers/Connect.php(203): file_get_contents('/home/u66848956...')
#2 /home/u668489569/domains/xyzcheats.com/public_html/app/Controllers/Connect.php(61): App\Controllers\Connect->index_post()
#3 /home/u668489569/domains/xyzcheats.com/public_html/vendor/codeigniter4/framework/system/CodeIgniter.php(824): App\Controllers\Connect->index()
#4 /home/u668489569/domains/xyzcheats.com/public_html/vendor/codeigniter4/framework/system/CodeIgniter.php(410): CodeIgniter\CodeIgniter->runController(Object(App\Controllers\Connect))
#5 /home/u668489569/domains/xyzcheats.com/public_html/vendor/codeigniter4/framework/system/CodeIgniter.php(318): CodeIgniter\CodeIgniter->handleRequest(NULL, Object(Config\Cache), false)
#6 /home/u668489569/domains/xyzcheats.com/public_html/index.php(37): CodeIgniter\CodeIgniter->run()
#7 {main}
CRITICAL - 2026-01-22 23:44:50 --> file_get_contents(/home/u668489569/domains/xyzcheats.com/public_html/hwang/liblamdo.so): failed to open stream: No such file or directory
#0 [internal function]: CodeIgniter\Debug\Exceptions->errorHandler(2, 'file_get_conten...', '/home/u66848956...', 203, Array)
#1 /home/u668489569/domains/xyzcheats.com/public_html/app/Controllers/Connect.php(203): file_get_contents('/home/u66848956...')
#2 /home/u668489569/domains/xyzcheats.com/public_html/app/Controllers/Connect.php(61): App\Controllers\Connect->index_post()
#3 /home/u668489569/domains/xyzcheats.com/public_html/vendor/codeigniter4/framework/system/CodeIgniter.php(824): App\Controllers\Connect->index()
#4 /home/u668489569/domains/xyzcheats.com/public_html/vendor/codeigniter4/framework/system/CodeIgniter.php(410): CodeIgniter\CodeIgniter->runController(Object(App\Controllers\Connect))
#5 /home/u668489569/domains/xyzcheats.com/public_html/vendor/codeigniter4/framework/system/CodeIgniter.php(318): CodeIgniter\CodeIgniter->handleRequest(NULL, Object(Config\Cache), false)
#6 /home/u668489569/domains/xyzcheats.com/public_html/index.php(37): CodeIgniter\CodeIgniter->run()
#7 {main}
CRITICAL - 2026-01-22 23:44:52 --> file_get_contents(/home/u668489569/domains/xyzcheats.com/public_html/hwang/liblamdo.so): failed to open stream: No such file or directory
#0 [internal function]: CodeIgniter\Debug\Exceptions->errorHandler(2, 'file_get_conten...', '/home/u66848956...', 203, Array)
#1 /home/u668489569/domains/xyzcheats.com/public_html/app/Controllers/Connect.php(203): file_get_contents('/home/u66848956...')
#2 /home/u668489569/domains/xyzcheats.com/public_html/app/Controllers/Connect.php(61): App\Controllers\Connect->index_post()
#3 /home/u668489569/domains/xyzcheats.com/public_html/vendor/codeigniter4/framework/system/CodeIgniter.php(824): App\Controllers\Connect->index()
#4 /home/u668489569/domains/xyzcheats.com/public_html/vendor/codeigniter4/framework/system/CodeIgniter.php(410): CodeIgniter\CodeIgniter->runController(Object(App\Controllers\Connect))
#5 /home/u668489569/domains/xyzcheats.com/public_html/vendor/codeigniter4/framework/system/CodeIgniter.php(318): CodeIgniter\CodeIgniter->handleRequest(NULL, Object(Config\Cache), false)
#6 /home/u668489569/domains/xyzcheats.com/public_html/index.php(37): CodeIgniter\CodeIgniter->run()
#7 {main}
CRITICAL - 2026-01-22 23:44:54 --> file_get_contents(/home/u668489569/domains/xyzcheats.com/public_html/hwang/liblamdo.so): failed to open stream: No such file or directory
#0 [internal function]: CodeIgniter\Debug\Exceptions->errorHandler(2, 'file_get_conten...', '/home/u66848956...', 203, Array)
#1 /home/u668489569/domains/xyzcheats.com/public_html/app/Controllers/Connect.php(203): file_get_contents('/home/u66848956...')
#2 /home/u668489569/domains/xyzcheats.com/public_html/app/Controllers/Connect.php(61): App\Controllers\Connect->index_post()
#3 /home/u668489569/domains/xyzcheats.com/public_html/vendor/codeigniter4/framework/system/CodeIgniter.php(824): App\Controllers\Connect->index()
#4 /home/u668489569/domains/xyzcheats.com/public_html/vendor/codeigniter4/framework/system/CodeIgniter.php(410): CodeIgniter\CodeIgniter->runController(Object(App\Controllers\Connect))
#5 /home/u668489569/domains/xyzcheats.com/public_html/vendor/codeigniter4/framework/system/CodeIgniter.php(318): CodeIgniter\CodeIgniter->handleRequest(NULL, Object(Config\Cache), false)
#6 /home/u668489569/domains/xyzcheats.com/public_html/index.php(37): CodeIgniter\CodeIgniter->run()
#7 {main}
CRITICAL - 2026-01-22 23:44:56 --> file_get_contents(/home/u668489569/domains/xyzcheats.com/public_html/hwang/liblamdo.so): failed to open stream: No such file or directory
#0 [internal function]: CodeIgniter\Debug\Exceptions->errorHandler(2, 'file_get_conten...', '/home/u66848956...', 203, Array)
#1 /home/u668489569/domains/xyzcheats.com/public_html/app/Controllers/Connect.php(203): file_get_contents('/home/u66848956...')
#2 /home/u668489569/domains/xyzcheats.com/public_html/app/Controllers/Connect.php(61): App\Controllers\Connect->index_post()
#3 /home/u668489569/domains/xyzcheats.com/public_html/vendor/codeigniter4/framework/system/CodeIgniter.php(824): App\Controllers\Connect->index()
#4 /home/u668489569/domains/xyzcheats.com/public_html/vendor/codeigniter4/framework/system/CodeIgniter.php(410): CodeIgniter\CodeIgniter->runController(Object(App\Controllers\Connect))
#5 /home/u668489569/domains/xyzcheats.com/public_html/vendor/codeigniter4/framework/system/CodeIgniter.php(318): CodeIgniter\CodeIgniter->handleRequest(NULL, Object(Config\Cache), false)
#6 /home/u668489569/domains/xyzcheats.com/public_html/index.php(37): CodeIgniter\CodeIgniter->run()
#7 {main}
CRITICAL - 2026-01-22 23:44:57 --> file_get_contents(/home/u668489569/domains/xyzcheats.com/public_html/hwang/liblamdo.so): failed to open stream: No such file or directory
#0 [internal function]: CodeIgniter\Debug\Exceptions->errorHandler(2, 'file_get_conten...', '/home/u66848956...', 203, Array)
#1 /home/u668489569/domains/xyzcheats.com/public_html/app/Controllers/Connect.php(203): file_get_contents('/home/u66848956...')
#2 /home/u668489569/domains/xyzcheats.com/public_html/app/Controllers/Connect.php(61): App\Controllers\Connect->index_post()
#3 /home/u668489569/domains/xyzcheats.com/public_html/vendor/codeigniter4/framework/system/CodeIgniter.php(824): App\Controllers\Connect->index()
#4 /home/u668489569/domains/xyzcheats.com/public_html/vendor/codeigniter4/framework/system/CodeIgniter.php(410): CodeIgniter\CodeIgniter->runController(Object(App\Controllers\Connect))
#5 /home/u668489569/domains/xyzcheats.com/public_html/vendor/codeigniter4/framework/system/CodeIgniter.php(318): CodeIgniter\CodeIgniter->handleRequest(NULL, Object(Config\Cache), false)
#6 /home/u668489569/domains/xyzcheats.com/public_html/index.php(37): CodeIgniter\CodeIgniter->run()
#7 {main}
CRITICAL - 2026-01-22 23:45:10 --> file_get_contents(/home/u668489569/domains/xyzcheats.com/public_html/hwang/liblamdo.so): failed to open stream: No such file or directory
#0 [internal function]: CodeIgniter\Debug\Exceptions->errorHandler(2, 'file_get_conten...', '/home/u66848956...', 203, Array)
#1 /home/u668489569/domains/xyzcheats.com/public_html/app/Controllers/Connect.php(203): file_get_contents('/home/u66848956...')
#2 /home/u668489569/domains/xyzcheats.com/public_html/app/Controllers/Connect.php(61): App\Controllers\Connect->index_post()
#3 /home/u668489569/domains/xyzcheats.com/public_html/vendor/codeigniter4/framework/system/CodeIgniter.php(824): App\Controllers\Connect->index()
#4 /home/u668489569/domains/xyzcheats.com/public_html/vendor/codeigniter4/framework/system/CodeIgniter.php(410): CodeIgniter\CodeIgniter->runController(Object(App\Controllers\Connect))
#5 /home/u668489569/domains/xyzcheats.com/public_html/vendor/codeigniter4/framework/system/CodeIgniter.php(318): CodeIgniter\CodeIgniter->handleRequest(NULL, Object(Config\Cache), false)
#6 /home/u668489569/domains/xyzcheats.com/public_html/index.php(37): CodeIgniter\CodeIgniter->run()
#7 {main}
CRITICAL - 2026-01-22 23:46:37 --> file_get_contents(/home/u668489569/domains/xyzcheats.com/public_html/hwang/liblamdo.so): failed to open stream: No such file or directory
#0 [internal function]: CodeIgniter\Debug\Exceptions->errorHandler(2, 'file_get_conten...', '/home/u66848956...', 203, Array)
#1 /home/u668489569/domains/xyzcheats.com/public_html/app/Controllers/Connect.php(203): file_get_contents('/home/u66848956...')
#2 /home/u668489569/domains/xyzcheats.com/public_html/app/Controllers/Connect.php(61): App\Controllers\Connect->index_post()
#3 /home/u668489569/domains/xyzcheats.com/public_html/vendor/codeigniter4/framework/system/CodeIgniter.php(824): App\Controllers\Connect->index()
#4 /home/u668489569/domains/xyzcheats.com/public_html/vendor/codeigniter4/framework/system/CodeIgniter.php(410): CodeIgniter\CodeIgniter->runController(Object(App\Controllers\Connect))
#5 /home/u668489569/domains/xyzcheats.com/public_html/vendor/codeigniter4/framework/system/CodeIgniter.php(318): CodeIgniter\CodeIgniter->handleRequest(NULL, Object(Config\Cache), false)
#6 /home/u668489569/domains/xyzcheats.com/public_html/index.php(37): CodeIgniter\CodeIgniter->run()
#7 {main}
CRITICAL - 2026-01-22 23:46:45 --> file_get_contents(/home/u668489569/domains/xyzcheats.com/public_html/hwang/liblamdo.so): failed to open stream: No such file or directory
#0 [internal function]: CodeIgniter\Debug\Exceptions->errorHandler(2, 'file_get_conten...', '/home/u66848956...', 203, Array)
#1 /home/u668489569/domains/xyzcheats.com/public_html/app/Controllers/Connect.php(203): file_get_contents('/home/u66848956...')
#2 /home/u668489569/domains/xyzcheats.com/public_html/app/Controllers/Connect.php(61): App\Controllers\Connect->index_post()
#3 /home/u668489569/domains/xyzcheats.com/public_html/vendor/codeigniter4/framework/system/CodeIgniter.php(824): App\Controllers\Connect->index()
#4 /home/u668489569/domains/xyzcheats.com/public_html/vendor/codeigniter4/framework/system/CodeIgniter.php(410): CodeIgniter\CodeIgniter->runController(Object(App\Controllers\Connect))
#5 /home/u668489569/domains/xyzcheats.com/public_html/vendor/codeigniter4/framework/system/CodeIgniter.php(318): CodeIgniter\CodeIgniter->handleRequest(NULL, Object(Config\Cache), false)
#6 /home/u668489569/domains/xyzcheats.com/public_html/index.php(37): CodeIgniter\CodeIgniter->run()
#7 {main}
CRITICAL - 2026-01-22 23:46:51 --> file_get_contents(/home/u668489569/domains/xyzcheats.com/public_html/hwang/liblamdo.so): failed to open stream: No such file or directory
#0 [internal function]: CodeIgniter\Debug\Exceptions->errorHandler(2, 'file_get_conten...', '/home/u66848956...', 203, Array)
#1 /home/u668489569/domains/xyzcheats.com/public_html/app/Controllers/Connect.php(203): file_get_contents('/home/u66848956...')
#2 /home/u668489569/domains/xyzcheats.com/public_html/app/Controllers/Connect.php(61): App\Controllers\Connect->index_post()
#3 /home/u668489569/domains/xyzcheats.com/public_html/vendor/codeigniter4/framework/system/CodeIgniter.php(824): App\Controllers\Connect->index()
#4 /home/u668489569/domains/xyzcheats.com/public_html/vendor/codeigniter4/framework/system/CodeIgniter.php(410): CodeIgniter\CodeIgniter->runController(Object(App\Controllers\Connect))
#5 /home/u668489569/domains/xyzcheats.com/public_html/vendor/codeigniter4/framework/system/CodeIgniter.php(318): CodeIgniter\CodeIgniter->handleRequest(NULL, Object(Config\Cache), false)
#6 /home/u668489569/domains/xyzcheats.com/public_html/index.php(37): CodeIgniter\CodeIgniter->run()
#7 {main}
CRITICAL - 2026-01-22 23:48:24 --> file_get_contents(/home/u668489569/domains/xyzcheats.com/public_html/hwang/liblamdo.so): failed to open stream: No such file or directory
#0 [internal function]: CodeIgniter\Debug\Exceptions->errorHandler(2, 'file_get_conten...', '/home/u66848956...', 203, Array)
#1 /home/u668489569/domains/xyzcheats.com/public_html/app/Controllers/Connect.php(203): file_get_contents('/home/u66848956...')
#2 /home/u668489569/domains/xyzcheats.com/public_html/app/Controllers/Connect.php(61): App\Controllers\Connect->index_post()
#3 /home/u668489569/domains/xyzcheats.com/public_html/vendor/codeigniter4/framework/system/CodeIgniter.php(824): App\Controllers\Connect->index()
#4 /home/u668489569/domains/xyzcheats.com/public_html/vendor/codeigniter4/framework/system/CodeIgniter.php(410): CodeIgniter\CodeIgniter->runController(Object(App\Controllers\Connect))
#5 /home/u668489569/domains/xyzcheats.com/public_html/vendor/codeigniter4/framework/system/CodeIgniter.php(318): CodeIgniter\CodeIgniter->handleRequest(NULL, Object(Config\Cache), false)
#6 /home/u668489569/domains/xyzcheats.com/public_html/index.php(37): CodeIgniter\CodeIgniter->run()
#7 {main}
CRITICAL - 2026-01-22 23:48:52 --> file_get_contents(/home/u668489569/domains/xyzcheats.com/public_html/hwang/liblamdo.so): failed to open stream: No such file or directory
#0 [internal function]: CodeIgniter\Debug\Exceptions->errorHandler(2, 'file_get_conten...', '/home/u66848956...', 203, Array)
#1 /home/u668489569/domains/xyzcheats.com/public_html/app/Controllers/Connect.php(203): file_get_contents('/home/u66848956...')
#2 /home/u668489569/domains/xyzcheats.com/public_html/app/Controllers/Connect.php(61): App\Controllers\Connect->index_post()
#3 /home/u668489569/domains/xyzcheats.com/public_html/vendor/codeigniter4/framework/system/CodeIgniter.php(824): App\Controllers\Connect->index()
#4 /home/u668489569/domains/xyzcheats.com/public_html/vendor/codeigniter4/framework/system/CodeIgniter.php(410): CodeIgniter\CodeIgniter->runController(Object(App\Controllers\Connect))
#5 /home/u668489569/domains/xyzcheats.com/public_html/vendor/codeigniter4/framework/system/CodeIgniter.php(318): CodeIgniter\CodeIgniter->handleRequest(NULL, Object(Config\Cache), false)
#6 /home/u668489569/domains/xyzcheats.com/public_html/index.php(37): CodeIgniter\CodeIgniter->run()
#7 {main}
CRITICAL - 2026-01-22 23:49:22 --> file_get_contents(/home/u668489569/domains/xyzcheats.com/public_html/hwang/liblamdo.so): failed to open stream: No such file or directory
#0 [internal function]: CodeIgniter\Debug\Exceptions->errorHandler(2, 'file_get_conten...', '/home/u66848956...', 203, Array)
#1 /home/u668489569/domains/xyzcheats.com/public_html/app/Controllers/Connect.php(203): file_get_contents('/home/u66848956...')
#2 /home/u668489569/domains/xyzcheats.com/public_html/app/Controllers/Connect.php(61): App\Controllers\Connect->index_post()
#3 /home/u668489569/domains/xyzcheats.com/public_html/vendor/codeigniter4/framework/system/CodeIgniter.php(824): App\Controllers\Connect->index()
#4 /home/u668489569/domains/xyzcheats.com/public_html/vendor/codeigniter4/framework/system/CodeIgniter.php(410): CodeIgniter\CodeIgniter->runController(Object(App\Controllers\Connect))
#5 /home/u668489569/domains/xyzcheats.com/public_html/vendor/codeigniter4/framework/system/CodeIgniter.php(318): CodeIgniter\CodeIgniter->handleRequest(NULL, Object(Config\Cache), false)
#6 /home/u668489569/domains/xyzcheats.com/public_html/index.php(37): CodeIgniter\CodeIgniter->run()
#7 {main}
CRITICAL - 2026-01-22 23:49:27 --> file_get_contents(/home/u668489569/domains/xyzcheats.com/public_html/hwang/liblamdo.so): failed to open stream: No such file or directory
#0 [internal function]: CodeIgniter\Debug\Exceptions->errorHandler(2, 'file_get_conten...', '/home/u66848956...', 203, Array)
#1 /home/u668489569/domains/xyzcheats.com/public_html/app/Controllers/Connect.php(203): file_get_contents('/home/u66848956...')
#2 /home/u668489569/domains/xyzcheats.com/public_html/app/Controllers/Connect.php(61): App\Controllers\Connect->index_post()
#3 /home/u668489569/domains/xyzcheats.com/public_html/vendor/codeigniter4/framework/system/CodeIgniter.php(824): App\Controllers\Connect->index()
#4 /home/u668489569/domains/xyzcheats.com/public_html/vendor/codeigniter4/framework/system/CodeIgniter.php(410): CodeIgniter\CodeIgniter->runController(Object(App\Controllers\Connect))
#5 /home/u668489569/domains/xyzcheats.com/public_html/vendor/codeigniter4/framework/system/CodeIgniter.php(318): CodeIgniter\CodeIgniter->handleRequest(NULL, Object(Config\Cache), false)
#6 /home/u668489569/domains/xyzcheats.com/public_html/index.php(37): CodeIgniter\CodeIgniter->run()
#7 {main}
CRITICAL - 2026-01-22 23:49:32 --> file_get_contents(/home/u668489569/domains/xyzcheats.com/public_html/hwang/liblamdo.so): failed to open stream: No such file or directory
#0 [internal function]: CodeIgniter\Debug\Exceptions->errorHandler(2, 'file_get_conten...', '/home/u66848956...', 203, Array)
#1 /home/u668489569/domains/xyzcheats.com/public_html/app/Controllers/Connect.php(203): file_get_contents('/home/u66848956...')
#2 /home/u668489569/domains/xyzcheats.com/public_html/app/Controllers/Connect.php(61): App\Controllers\Connect->index_post()
#3 /home/u668489569/domains/xyzcheats.com/public_html/vendor/codeigniter4/framework/system/CodeIgniter.php(824): App\Controllers\Connect->index()
#4 /home/u668489569/domains/xyzcheats.com/public_html/vendor/codeigniter4/framework/system/CodeIgniter.php(410): CodeIgniter\CodeIgniter->runController(Object(App\Controllers\Connect))
#5 /home/u668489569/domains/xyzcheats.com/public_html/vendor/codeigniter4/framework/system/CodeIgniter.php(318): CodeIgniter\CodeIgniter->handleRequest(NULL, Object(Config\Cache), false)
#6 /home/u668489569/domains/xyzcheats.com/public_html/index.php(37): CodeIgniter\CodeIgniter->run()
#7 {main}
CRITICAL - 2026-01-22 23:50:40 --> file_get_contents(/home/u668489569/domains/xyzcheats.com/public_html/hwang/liblamdo.so): failed to open stream: No such file or directory
#0 [internal function]: CodeIgniter\Debug\Exceptions->errorHandler(2, 'file_get_conten...', '/home/u66848956...', 203, Array)
#1 /home/u668489569/domains/xyzcheats.com/public_html/app/Controllers/Connect.php(203): file_get_contents('/home/u66848956...')
#2 /home/u668489569/domains/xyzcheats.com/public_html/app/Controllers/Connect.php(61): App\Controllers\Connect->index_post()
#3 /home/u668489569/domains/xyzcheats.com/public_html/vendor/codeigniter4/framework/system/CodeIgniter.php(824): App\Controllers\Connect->index()
#4 /home/u668489569/domains/xyzcheats.com/public_html/vendor/codeigniter4/framework/system/CodeIgniter.php(410): CodeIgniter\CodeIgniter->runController(Object(App\Controllers\Connect))
#5 /home/u668489569/domains/xyzcheats.com/public_html/vendor/codeigniter4/framework/system/CodeIgniter.php(318): CodeIgniter\CodeIgniter->handleRequest(NULL, Object(Config\Cache), false)
#6 /home/u668489569/domains/xyzcheats.com/public_html/index.php(37): CodeIgniter\CodeIgniter->run()
#7 {main}
CRITICAL - 2026-01-22 23:51:19 --> file_get_contents(/home/u668489569/domains/xyzcheats.com/public_html/hwang/liblamdo.so): failed to open stream: No such file or directory
#0 [internal function]: CodeIgniter\Debug\Exceptions->errorHandler(2, 'file_get_conten...', '/home/u66848956...', 203, Array)
#1 /home/u668489569/domains/xyzcheats.com/public_html/app/Controllers/Connect.php(203): file_get_contents('/home/u66848956...')
#2 /home/u668489569/domains/xyzcheats.com/public_html/app/Controllers/Connect.php(61): App\Controllers\Connect->index_post()
#3 /home/u668489569/domains/xyzcheats.com/public_html/vendor/codeigniter4/framework/system/CodeIgniter.php(824): App\Controllers\Connect->index()
#4 /home/u668489569/domains/xyzcheats.com/public_html/vendor/codeigniter4/framework/system/CodeIgniter.php(410): CodeIgniter\CodeIgniter->runController(Object(App\Controllers\Connect))
#5 /home/u668489569/domains/xyzcheats.com/public_html/vendor/codeigniter4/framework/system/CodeIgniter.php(318): CodeIgniter\CodeIgniter->handleRequest(NULL, Object(Config\Cache), false)
#6 /home/u668489569/domains/xyzcheats.com/public_html/index.php(37): CodeIgniter\CodeIgniter->run()
#7 {main}
CRITICAL - 2026-01-22 23:51:32 --> file_get_contents(/home/u668489569/domains/xyzcheats.com/public_html/hwang/liblamdo.so): failed to open stream: No such file or directory
#0 [internal function]: CodeIgniter\Debug\Exceptions->errorHandler(2, 'file_get_conten...', '/home/u66848956...', 203, Array)
#1 /home/u668489569/domains/xyzcheats.com/public_html/app/Controllers/Connect.php(203): file_get_contents('/home/u66848956...')
#2 /home/u668489569/domains/xyzcheats.com/public_html/app/Controllers/Connect.php(61): App\Controllers\Connect->index_post()
#3 /home/u668489569/domains/xyzcheats.com/public_html/vendor/codeigniter4/framework/system/CodeIgniter.php(824): App\Controllers\Connect->index()
#4 /home/u668489569/domains/xyzcheats.com/public_html/vendor/codeigniter4/framework/system/CodeIgniter.php(410): CodeIgniter\CodeIgniter->runController(Object(App\Controllers\Connect))
#5 /home/u668489569/domains/xyzcheats.com/public_html/vendor/codeigniter4/framework/system/CodeIgniter.php(318): CodeIgniter\CodeIgniter->handleRequest(NULL, Object(Config\Cache), false)
#6 /home/u668489569/domains/xyzcheats.com/public_html/index.php(37): CodeIgniter\CodeIgniter->run()
#7 {main}
CRITICAL - 2026-01-22 23:53:35 --> file_get_contents(/home/u668489569/domains/xyzcheats.com/public_html/hwang/liblamdo.so): failed to open stream: No such file or directory
#0 [internal function]: CodeIgniter\Debug\Exceptions->errorHandler(2, 'file_get_conten...', '/home/u66848956...', 203, Array)
#1 /home/u668489569/domains/xyzcheats.com/public_html/app/Controllers/Connect.php(203): file_get_contents('/home/u66848956...')
#2 /home/u668489569/domains/xyzcheats.com/public_html/app/Controllers/Connect.php(61): App\Controllers\Connect->index_post()
#3 /home/u668489569/domains/xyzcheats.com/public_html/vendor/codeigniter4/framework/system/CodeIgniter.php(824): App\Controllers\Connect->index()
#4 /home/u668489569/domains/xyzcheats.com/public_html/vendor/codeigniter4/framework/system/CodeIgniter.php(410): CodeIgniter\CodeIgniter->runController(Object(App\Controllers\Connect))
#5 /home/u668489569/domains/xyzcheats.com/public_html/vendor/codeigniter4/framework/system/CodeIgniter.php(318): CodeIgniter\CodeIgniter->handleRequest(NULL, Object(Config\Cache), false)
#6 /home/u668489569/domains/xyzcheats.com/public_html/index.php(37): CodeIgniter\CodeIgniter->run()
#7 {main}
CRITICAL - 2026-01-22 23:54:13 --> file_get_contents(/home/u668489569/domains/xyzcheats.com/public_html/hwang/liblamdo.so): failed to open stream: No such file or directory
#0 [internal function]: CodeIgniter\Debug\Exceptions->errorHandler(2, 'file_get_conten...', '/home/u66848956...', 203, Array)
#1 /home/u668489569/domains/xyzcheats.com/public_html/app/Controllers/Connect.php(203): file_get_contents('/home/u66848956...')
#2 /home/u668489569/domains/xyzcheats.com/public_html/app/Controllers/Connect.php(61): App\Controllers\Connect->index_post()
#3 /home/u668489569/domains/xyzcheats.com/public_html/vendor/codeigniter4/framework/system/CodeIgniter.php(824): App\Controllers\Connect->index()
#4 /home/u668489569/domains/xyzcheats.com/public_html/vendor/codeigniter4/framework/system/CodeIgniter.php(410): CodeIgniter\CodeIgniter->runController(Object(App\Controllers\Connect))
#5 /home/u668489569/domains/xyzcheats.com/public_html/vendor/codeigniter4/framework/system/CodeIgniter.php(318): CodeIgniter\CodeIgniter->handleRequest(NULL, Object(Config\Cache), false)
#6 /home/u668489569/domains/xyzcheats.com/public_html/index.php(37): CodeIgniter\CodeIgniter->run()
#7 {main}
CRITICAL - 2026-01-22 23:54:18 --> file_get_contents(/home/u668489569/domains/xyzcheats.com/public_html/hwang/liblamdo.so): failed to open stream: No such file or directory
#0 [internal function]: CodeIgniter\Debug\Exceptions->errorHandler(2, 'file_get_conten...', '/home/u66848956...', 203, Array)
#1 /home/u668489569/domains/xyzcheats.com/public_html/app/Controllers/Connect.php(203): file_get_contents('/home/u66848956...')
#2 /home/u668489569/domains/xyzcheats.com/public_html/app/Controllers/Connect.php(61): App\Controllers\Connect->index_post()
#3 /home/u668489569/domains/xyzcheats.com/public_html/vendor/codeigniter4/framework/system/CodeIgniter.php(824): App\Controllers\Connect->index()
#4 /home/u668489569/domains/xyzcheats.com/public_html/vendor/codeigniter4/framework/system/CodeIgniter.php(410): CodeIgniter\CodeIgniter->runController(Object(App\Controllers\Connect))
#5 /home/u668489569/domains/xyzcheats.com/public_html/vendor/codeigniter4/framework/system/CodeIgniter.php(318): CodeIgniter\CodeIgniter->handleRequest(NULL, Object(Config\Cache), false)
#6 /home/u668489569/domains/xyzcheats.com/public_html/index.php(37): CodeIgniter\CodeIgniter->run()
#7 {main}
CRITICAL - 2026-01-22 23:54:23 --> file_get_contents(/home/u668489569/domains/xyzcheats.com/public_html/hwang/liblamdo.so): failed to open stream: No such file or directory
#0 [internal function]: CodeIgniter\Debug\Exceptions->errorHandler(2, 'file_get_conten...', '/home/u66848956...', 203, Array)
#1 /home/u668489569/domains/xyzcheats.com/public_html/app/Controllers/Connect.php(203): file_get_contents('/home/u66848956...')
#2 /home/u668489569/domains/xyzcheats.com/public_html/app/Controllers/Connect.php(61): App\Controllers\Connect->index_post()
#3 /home/u668489569/domains/xyzcheats.com/public_html/vendor/codeigniter4/framework/system/CodeIgniter.php(824): App\Controllers\Connect->index()
#4 /home/u668489569/domains/xyzcheats.com/public_html/vendor/codeigniter4/framework/system/CodeIgniter.php(410): CodeIgniter\CodeIgniter->runController(Object(App\Controllers\Connect))
#5 /home/u668489569/domains/xyzcheats.com/public_html/vendor/codeigniter4/framework/system/CodeIgniter.php(318): CodeIgniter\CodeIgniter->handleRequest(NULL, Object(Config\Cache), false)
#6 /home/u668489569/domains/xyzcheats.com/public_html/index.php(37): CodeIgniter\CodeIgniter->run()
#7 {main}
CRITICAL - 2026-01-22 23:54:28 --> file_get_contents(/home/u668489569/domains/xyzcheats.com/public_html/hwang/liblamdo.so): failed to open stream: No such file or directory
#0 [internal function]: CodeIgniter\Debug\Exceptions->errorHandler(2, 'file_get_conten...', '/home/u66848956...', 203, Array)
#1 /home/u668489569/domains/xyzcheats.com/public_html/app/Controllers/Connect.php(203): file_get_contents('/home/u66848956...')
#2 /home/u668489569/domains/xyzcheats.com/public_html/app/Controllers/Connect.php(61): App\Controllers\Connect->index_post()
#3 /home/u668489569/domains/xyzcheats.com/public_html/vendor/codeigniter4/framework/system/CodeIgniter.php(824): App\Controllers\Connect->index()
#4 /home/u668489569/domains/xyzcheats.com/public_html/vendor/codeigniter4/framework/system/CodeIgniter.php(410): CodeIgniter\CodeIgniter->runController(Object(App\Controllers\Connect))
#5 /home/u668489569/domains/xyzcheats.com/public_html/vendor/codeigniter4/framework/system/CodeIgniter.php(318): CodeIgniter\CodeIgniter->handleRequest(NULL, Object(Config\Cache), false)
#6 /home/u668489569/domains/xyzcheats.com/public_html/index.php(37): CodeIgniter\CodeIgniter->run()
#7 {main}
CRITICAL - 2026-01-22 23:54:41 --> file_get_contents(/home/u668489569/domains/xyzcheats.com/public_html/hwang/liblamdo.so): failed to open stream: No such file or directory
#0 [internal function]: CodeIgniter\Debug\Exceptions->errorHandler(2, 'file_get_conten...', '/home/u66848956...', 203, Array)
#1 /home/u668489569/domains/xyzcheats.com/public_html/app/Controllers/Connect.php(203): file_get_contents('/home/u66848956...')
#2 /home/u668489569/domains/xyzcheats.com/public_html/app/Controllers/Connect.php(61): App\Controllers\Connect->index_post()
#3 /home/u668489569/domains/xyzcheats.com/public_html/vendor/codeigniter4/framework/system/CodeIgniter.php(824): App\Controllers\Connect->index()
#4 /home/u668489569/domains/xyzcheats.com/public_html/vendor/codeigniter4/framework/system/CodeIgniter.php(410): CodeIgniter\CodeIgniter->runController(Object(App\Controllers\Connect))
#5 /home/u668489569/domains/xyzcheats.com/public_html/vendor/codeigniter4/framework/system/CodeIgniter.php(318): CodeIgniter\CodeIgniter->handleRequest(NULL, Object(Config\Cache), false)
#6 /home/u668489569/domains/xyzcheats.com/public_html/index.php(37): CodeIgniter\CodeIgniter->run()
#7 {main}
