ERROR - 2026-08-02 02:12:57 --> Telegram controller called
ERROR - 2026-08-02 02:12:57 --> Telegram Bot Token not set in .env
ERROR - 2026-08-02 07:31:01 --> Telegram controller called
ERROR - 2026-08-02 07:31:01 --> Telegram Bot Token not set in .env
CRITICAL - 2026-08-02 15:56:10 --> Trying to get property 'level' of non-object
#0 /home/xkynpbah/public_html/app/Models/UserModel.php(84): CodeIgniter\Debug\Exceptions->errorHandler(8, 'Trying to get p...', '/home/xkynpbah/...', 84, Array)
#1 /home/xkynpbah/public_html/app/Filters/AuthFilter.php(19): App\Models\UserModel->checkAuthFilter()
#2 /home/xkynpbah/public_html/vendor/codeigniter4/framework/system/Filters/Filters.php(173): App\Filters\AuthFilter->before(Object(CodeIgniter\HTTP\IncomingRequest), NULL)
#3 /home/xkynpbah/public_html/vendor/codeigniter4/framework/system/CodeIgniter.php(384): CodeIgniter\Filters\Filters->run('logout', 'before')
#4 /home/xkynpbah/public_html/vendor/codeigniter4/framework/system/CodeIgniter.php(318): CodeIgniter\CodeIgniter->handleRequest(NULL, Object(Config\Cache), false)
#5 /home/xkynpbah/public_html/index.php(37): CodeIgniter\CodeIgniter->run()
#6 {main}
CRITICAL - 2026-08-02 15:56:23 --> Trying to get property 'level' of non-object
#0 /home/xkynpbah/public_html/app/Models/UserModel.php(84): CodeIgniter\Debug\Exceptions->errorHandler(8, 'Trying to get p...', '/home/xkynpbah/...', 84, Array)
#1 /home/xkynpbah/public_html/app/Filters/AuthFilter.php(19): App\Models\UserModel->checkAuthFilter()
#2 /home/xkynpbah/public_html/vendor/codeigniter4/framework/system/Filters/Filters.php(173): App\Filters\AuthFilter->before(Object(CodeIgniter\HTTP\IncomingRequest), NULL)
#3 /home/xkynpbah/public_html/vendor/codeigniter4/framework/system/CodeIgniter.php(384): CodeIgniter\Filters\Filters->run('dashboard', 'before')
#4 /home/xkynpbah/public_html/vendor/codeigniter4/framework/system/CodeIgniter.php(318): CodeIgniter\CodeIgniter->handleRequest(NULL, Object(Config\Cache), false)
#5 /home/xkynpbah/public_html/index.php(37): CodeIgniter\CodeIgniter->run()
#6 {main}
CRITICAL - 2026-08-02 15:56:27 --> Trying to get property 'level' of non-object
#0 /home/xkynpbah/public_html/app/Models/UserModel.php(84): CodeIgniter\Debug\Exceptions->errorHandler(8, 'Trying to get p...', '/home/xkynpbah/...', 84, Array)
#1 /home/xkynpbah/public_html/app/Filters/AuthFilter.php(19): App\Models\UserModel->checkAuthFilter()
#2 /home/xkynpbah/public_html/vendor/codeigniter4/framework/system/Filters/Filters.php(173): App\Filters\AuthFilter->before(Object(CodeIgniter\HTTP\IncomingRequest), NULL)
#3 /home/xkynpbah/public_html/vendor/codeigniter4/framework/system/CodeIgniter.php(384): CodeIgniter\Filters\Filters->run('dashboard', 'before')
#4 /home/xkynpbah/public_html/vendor/codeigniter4/framework/system/CodeIgniter.php(318): CodeIgniter\CodeIgniter->handleRequest(NULL, Object(Config\Cache), false)
#5 /home/xkynpbah/public_html/index.php(37): CodeIgniter\CodeIgniter->run()
#6 {main}
CRITICAL - 2026-08-02 15:56:37 --> Trying to get property 'level' of non-object
#0 /home/xkynpbah/public_html/app/Models/UserModel.php(84): CodeIgniter\Debug\Exceptions->errorHandler(8, 'Trying to get p...', '/home/xkynpbah/...', 84, Array)
#1 /home/xkynpbah/public_html/app/Filters/AuthFilter.php(19): App\Models\UserModel->checkAuthFilter()
#2 /home/xkynpbah/public_html/vendor/codeigniter4/framework/system/Filters/Filters.php(173): App\Filters\AuthFilter->before(Object(CodeIgniter\HTTP\IncomingRequest), NULL)
#3 /home/xkynpbah/public_html/vendor/codeigniter4/framework/system/CodeIgniter.php(384): CodeIgniter\Filters\Filters->run('dashboard', 'before')
#4 /home/xkynpbah/public_html/vendor/codeigniter4/framework/system/CodeIgniter.php(318): CodeIgniter\CodeIgniter->handleRequest(NULL, Object(Config\Cache), false)
#5 /home/xkynpbah/public_html/index.php(37): CodeIgniter\CodeIgniter->run()
#6 {main}
CRITICAL - 2026-08-02 15:57:10 --> Trying to get property 'level' of non-object
#0 /home/xkynpbah/public_html/app/Models/UserModel.php(84): CodeIgniter\Debug\Exceptions->errorHandler(8, 'Trying to get p...', '/home/xkynpbah/...', 84, Array)
#1 /home/xkynpbah/public_html/app/Filters/AuthFilter.php(19): App\Models\UserModel->checkAuthFilter()
#2 /home/xkynpbah/public_html/vendor/codeigniter4/framework/system/Filters/Filters.php(173): App\Filters\AuthFilter->before(Object(CodeIgniter\HTTP\IncomingRequest), NULL)
#3 /home/xkynpbah/public_html/vendor/codeigniter4/framework/system/CodeIgniter.php(384): CodeIgniter\Filters\Filters->run('dashboard', 'before')
#4 /home/xkynpbah/public_html/vendor/codeigniter4/framework/system/CodeIgniter.php(318): CodeIgniter\CodeIgniter->handleRequest(NULL, Object(Config\Cache), false)
#5 /home/xkynpbah/public_html/index.php(37): CodeIgniter\CodeIgniter->run()
#6 {main}
CRITICAL - 2026-08-02 15:57:25 --> Trying to get property 'level' of non-object
#0 /home/xkynpbah/public_html/app/Models/UserModel.php(84): CodeIgniter\Debug\Exceptions->errorHandler(8, 'Trying to get p...', '/home/xkynpbah/...', 84, Array)
#1 /home/xkynpbah/public_html/app/Filters/AuthFilter.php(19): App\Models\UserModel->checkAuthFilter()
#2 /home/xkynpbah/public_html/vendor/codeigniter4/framework/system/Filters/Filters.php(173): App\Filters\AuthFilter->before(Object(CodeIgniter\HTTP\IncomingRequest), NULL)
#3 /home/xkynpbah/public_html/vendor/codeigniter4/framework/system/CodeIgniter.php(384): CodeIgniter\Filters\Filters->run('dashboard', 'before')
#4 /home/xkynpbah/public_html/vendor/codeigniter4/framework/system/CodeIgniter.php(318): CodeIgniter\CodeIgniter->handleRequest(NULL, Object(Config\Cache), false)
#5 /home/xkynpbah/public_html/index.php(37): CodeIgniter\CodeIgniter->run()
#6 {main}
CRITICAL - 2026-08-02 16:13:01 --> Trying to get property 'level' of non-object
#0 /home/xkynpbah/public_html/app/Models/UserModel.php(84): CodeIgniter\Debug\Exceptions->errorHandler(8, 'Trying to get p...', '/home/xkynpbah/...', 84, Array)
#1 /home/xkynpbah/public_html/app/Filters/AuthFilter.php(19): App\Models\UserModel->checkAuthFilter()
#2 /home/xkynpbah/public_html/vendor/codeigniter4/framework/system/Filters/Filters.php(173): App\Filters\AuthFilter->before(Object(CodeIgniter\HTTP\IncomingRequest), NULL)
#3 /home/xkynpbah/public_html/vendor/codeigniter4/framework/system/CodeIgniter.php(384): CodeIgniter\Filters\Filters->run('dashboard', 'before')
#4 /home/xkynpbah/public_html/vendor/codeigniter4/framework/system/CodeIgniter.php(318): CodeIgniter\CodeIgniter->handleRequest(NULL, Object(Config\Cache), false)
#5 /home/xkynpbah/public_html/index.php(37): CodeIgniter\CodeIgniter->run()
#6 {main}
CRITICAL - 2026-08-02 16:13:03 --> Trying to get property 'level' of non-object
#0 /home/xkynpbah/public_html/app/Models/UserModel.php(84): CodeIgniter\Debug\Exceptions->errorHandler(8, 'Trying to get p...', '/home/xkynpbah/...', 84, Array)
#1 /home/xkynpbah/public_html/app/Filters/AuthFilter.php(19): App\Models\UserModel->checkAuthFilter()
#2 /home/xkynpbah/public_html/vendor/codeigniter4/framework/system/Filters/Filters.php(173): App\Filters\AuthFilter->before(Object(CodeIgniter\HTTP\IncomingRequest), NULL)
#3 /home/xkynpbah/public_html/vendor/codeigniter4/framework/system/CodeIgniter.php(384): CodeIgniter\Filters\Filters->run('dashboard', 'before')
#4 /home/xkynpbah/public_html/vendor/codeigniter4/framework/system/CodeIgniter.php(318): CodeIgniter\CodeIgniter->handleRequest(NULL, Object(Config\Cache), false)
#5 /home/xkynpbah/public_html/index.php(37): CodeIgniter\CodeIgniter->run()
#6 {main}
CRITICAL - 2026-08-02 16:13:32 --> Trying to get property 'level' of non-object
#0 /home/xkynpbah/public_html/app/Models/UserModel.php(84): CodeIgniter\Debug\Exceptions->errorHandler(8, 'Trying to get p...', '/home/xkynpbah/...', 84, Array)
#1 /home/xkynpbah/public_html/app/Filters/AuthFilter.php(19): App\Models\UserModel->checkAuthFilter()
#2 /home/xkynpbah/public_html/vendor/codeigniter4/framework/system/Filters/Filters.php(173): App\Filters\AuthFilter->before(Object(CodeIgniter\HTTP\IncomingRequest), NULL)
#3 /home/xkynpbah/public_html/vendor/codeigniter4/framework/system/CodeIgniter.php(384): CodeIgniter\Filters\Filters->run('dashboard', 'before')
#4 /home/xkynpbah/public_html/vendor/codeigniter4/framework/system/CodeIgniter.php(318): CodeIgniter\CodeIgniter->handleRequest(NULL, Object(Config\Cache), false)
#5 /home/xkynpbah/public_html/index.php(37): CodeIgniter\CodeIgniter->run()
#6 {main}
CRITICAL - 2026-08-02 16:13:33 --> Trying to get property 'level' of non-object
#0 /home/xkynpbah/public_html/app/Models/UserModel.php(84): CodeIgniter\Debug\Exceptions->errorHandler(8, 'Trying to get p...', '/home/xkynpbah/...', 84, Array)
#1 /home/xkynpbah/public_html/app/Filters/AuthFilter.php(19): App\Models\UserModel->checkAuthFilter()
#2 /home/xkynpbah/public_html/vendor/codeigniter4/framework/system/Filters/Filters.php(173): App\Filters\AuthFilter->before(Object(CodeIgniter\HTTP\IncomingRequest), NULL)
#3 /home/xkynpbah/public_html/vendor/codeigniter4/framework/system/CodeIgniter.php(384): CodeIgniter\Filters\Filters->run('dashboard', 'before')
#4 /home/xkynpbah/public_html/vendor/codeigniter4/framework/system/CodeIgniter.php(318): CodeIgniter\CodeIgniter->handleRequest(NULL, Object(Config\Cache), false)
#5 /home/xkynpbah/public_html/index.php(37): CodeIgniter\CodeIgniter->run()
#6 {main}
ERROR - 2026-08-02 20:19:06 --> [UserBot] editMessageText failed: 22 : The requested URL returned error: 400
ERROR - 2026-08-02 20:21:40 --> Telegram controller called
ERROR - 2026-08-02 20:21:40 --> Telegram Bot Token not set in .env
ERROR - 2026-08-02 20:21:45 --> Telegram controller called
ERROR - 2026-08-02 20:21:45 --> Telegram Bot Token not set in .env
ERROR - 2026-08-02 21:48:42 --> [UserBot] editMessageText failed: 22 : The requested URL returned error: 400
