CRITICAL - 2026-06-01 05:42:56 --> Undefined index: HTTP_USER_AGENT
#0 /home/u160951123/domains/rapidcore.fun/public_html/app/Views/Auth/login.php(120): CodeIgniter\Debug\Exceptions->errorHandler(8, 'Undefined index...', '/home/u16095112...', 120, Array)
#1 /home/u160951123/domains/rapidcore.fun/public_html/vendor/codeigniter4/framework/system/View/View.php(214): include('/home/u16095112...')
#2 /home/u160951123/domains/rapidcore.fun/public_html/vendor/codeigniter4/framework/system/View/View.php(217): CodeIgniter\View\View->CodeIgniter\View\{closure}()
#3 /home/u160951123/domains/rapidcore.fun/public_html/vendor/codeigniter4/framework/system/Common.php(1097): CodeIgniter\View\View->render('Auth/login', Array, true)
#4 /home/u160951123/domains/rapidcore.fun/public_html/app/Controllers/Auth.php(27): view('Auth/login', Array)
#5 /home/u160951123/domains/rapidcore.fun/public_html/vendor/codeigniter4/framework/system/CodeIgniter.php(824): App\Controllers\Auth->login()
#6 /home/u160951123/domains/rapidcore.fun/public_html/vendor/codeigniter4/framework/system/CodeIgniter.php(410): CodeIgniter\CodeIgniter->runController(Object(App\Controllers\Auth))
#7 /home/u160951123/domains/rapidcore.fun/public_html/vendor/codeigniter4/framework/system/CodeIgniter.php(318): CodeIgniter\CodeIgniter->handleRequest(NULL, Object(Config\Cache), false)
#8 /home/u160951123/domains/rapidcore.fun/public_html/index.php(37): CodeIgniter\CodeIgniter->run()
#9 {main}
CRITICAL - 2026-06-01 08:46:21 --> Undefined index: HTTP_USER_AGENT
#0 /home/u160951123/domains/rapidcore.fun/public_html/app/Views/Auth/login.php(120): CodeIgniter\Debug\Exceptions->errorHandler(8, 'Undefined index...', '/home/u16095112...', 120, Array)
#1 /home/u160951123/domains/rapidcore.fun/public_html/vendor/codeigniter4/framework/system/View/View.php(214): include('/home/u16095112...')
#2 /home/u160951123/domains/rapidcore.fun/public_html/vendor/codeigniter4/framework/system/View/View.php(217): CodeIgniter\View\View->CodeIgniter\View\{closure}()
#3 /home/u160951123/domains/rapidcore.fun/public_html/vendor/codeigniter4/framework/system/Common.php(1097): CodeIgniter\View\View->render('Auth/login', Array, true)
#4 /home/u160951123/domains/rapidcore.fun/public_html/app/Controllers/Auth.php(27): view('Auth/login', Array)
#5 /home/u160951123/domains/rapidcore.fun/public_html/vendor/codeigniter4/framework/system/CodeIgniter.php(824): App\Controllers\Auth->login()
#6 /home/u160951123/domains/rapidcore.fun/public_html/vendor/codeigniter4/framework/system/CodeIgniter.php(410): CodeIgniter\CodeIgniter->runController(Object(App\Controllers\Auth))
#7 /home/u160951123/domains/rapidcore.fun/public_html/vendor/codeigniter4/framework/system/CodeIgniter.php(318): CodeIgniter\CodeIgniter->handleRequest(NULL, Object(Config\Cache), false)
#8 /home/u160951123/domains/rapidcore.fun/public_html/index.php(37): CodeIgniter\CodeIgniter->run()
#9 {main}
