ERROR - 2026-08-05 11:34:40 --> Telegram controller called
ERROR - 2026-08-05 11:34:40 --> Telegram Bot Token not set in .env
ERROR - 2026-08-05 11:45:26 --> Telegram controller called
ERROR - 2026-08-05 11:45:26 --> Telegram Bot Token not set in .env
ERROR - 2026-08-05 12:06:58 --> Telegram controller called
ERROR - 2026-08-05 12:06:58 --> Telegram Bot Token not set in .env
CRITICAL - 2026-08-05 13:10:49 --> Trying to get property 'level' of non-object
#0 /home/xkynpbah/public_html/app/Models/UserModel.php(84): CodeIgniter\Debug\Exceptions->errorHandler(8, 'Trying to get p...', '/home/xkynpbah/...', 84, Array)
#1 /home/xkynpbah/public_html/app/Filters/AuthFilter.php(19): App\Models\UserModel->checkAuthFilter()
#2 /home/xkynpbah/public_html/vendor/codeigniter4/framework/system/Filters/Filters.php(173): App\Filters\AuthFilter->before(Object(CodeIgniter\HTTP\IncomingRequest), NULL)
#3 /home/xkynpbah/public_html/vendor/codeigniter4/framework/system/CodeIgniter.php(384): CodeIgniter\Filters\Filters->run('keys/generate', 'before')
#4 /home/xkynpbah/public_html/vendor/codeigniter4/framework/system/CodeIgniter.php(318): CodeIgniter\CodeIgniter->handleRequest(NULL, Object(Config\Cache), false)
#5 /home/xkynpbah/public_html/index.php(37): CodeIgniter\CodeIgniter->run()
#6 {main}
CRITICAL - 2026-08-05 13:10:57 --> Trying to get property 'level' of non-object
#0 /home/xkynpbah/public_html/app/Models/UserModel.php(84): CodeIgniter\Debug\Exceptions->errorHandler(8, 'Trying to get p...', '/home/xkynpbah/...', 84, Array)
#1 /home/xkynpbah/public_html/app/Filters/AuthFilter.php(19): App\Models\UserModel->checkAuthFilter()
#2 /home/xkynpbah/public_html/vendor/codeigniter4/framework/system/Filters/Filters.php(173): App\Filters\AuthFilter->before(Object(CodeIgniter\HTTP\IncomingRequest), NULL)
#3 /home/xkynpbah/public_html/vendor/codeigniter4/framework/system/CodeIgniter.php(384): CodeIgniter\Filters\Filters->run('keys/generate', 'before')
#4 /home/xkynpbah/public_html/vendor/codeigniter4/framework/system/CodeIgniter.php(318): CodeIgniter\CodeIgniter->handleRequest(NULL, Object(Config\Cache), false)
#5 /home/xkynpbah/public_html/index.php(37): CodeIgniter\CodeIgniter->run()
#6 {main}
CRITICAL - 2026-08-05 13:11:00 --> Trying to get property 'level' of non-object
#0 /home/xkynpbah/public_html/app/Models/UserModel.php(84): CodeIgniter\Debug\Exceptions->errorHandler(8, 'Trying to get p...', '/home/xkynpbah/...', 84, Array)
#1 /home/xkynpbah/public_html/app/Filters/AuthFilter.php(19): App\Models\UserModel->checkAuthFilter()
#2 /home/xkynpbah/public_html/vendor/codeigniter4/framework/system/Filters/Filters.php(173): App\Filters\AuthFilter->before(Object(CodeIgniter\HTTP\IncomingRequest), NULL)
#3 /home/xkynpbah/public_html/vendor/codeigniter4/framework/system/CodeIgniter.php(384): CodeIgniter\Filters\Filters->run('keys/generate', 'before')
#4 /home/xkynpbah/public_html/vendor/codeigniter4/framework/system/CodeIgniter.php(318): CodeIgniter\CodeIgniter->handleRequest(NULL, Object(Config\Cache), false)
#5 /home/xkynpbah/public_html/index.php(37): CodeIgniter\CodeIgniter->run()
#6 {main}
CRITICAL - 2026-08-05 13:11:10 --> Trying to get property 'level' of non-object
#0 /home/xkynpbah/public_html/app/Models/UserModel.php(84): CodeIgniter\Debug\Exceptions->errorHandler(8, 'Trying to get p...', '/home/xkynpbah/...', 84, Array)
#1 /home/xkynpbah/public_html/app/Filters/AuthFilter.php(19): App\Models\UserModel->checkAuthFilter()
#2 /home/xkynpbah/public_html/vendor/codeigniter4/framework/system/Filters/Filters.php(173): App\Filters\AuthFilter->before(Object(CodeIgniter\HTTP\IncomingRequest), NULL)
#3 /home/xkynpbah/public_html/vendor/codeigniter4/framework/system/CodeIgniter.php(384): CodeIgniter\Filters\Filters->run('dashboard', 'before')
#4 /home/xkynpbah/public_html/vendor/codeigniter4/framework/system/CodeIgniter.php(318): CodeIgniter\CodeIgniter->handleRequest(NULL, Object(Config\Cache), false)
#5 /home/xkynpbah/public_html/index.php(37): CodeIgniter\CodeIgniter->run()
#6 {main}
CRITICAL - 2026-08-05 13:11:26 --> Trying to get property 'level' of non-object
#0 /home/xkynpbah/public_html/app/Models/UserModel.php(84): CodeIgniter\Debug\Exceptions->errorHandler(8, 'Trying to get p...', '/home/xkynpbah/...', 84, Array)
#1 /home/xkynpbah/public_html/app/Filters/AuthFilter.php(19): App\Models\UserModel->checkAuthFilter()
#2 /home/xkynpbah/public_html/vendor/codeigniter4/framework/system/Filters/Filters.php(173): App\Filters\AuthFilter->before(Object(CodeIgniter\HTTP\IncomingRequest), NULL)
#3 /home/xkynpbah/public_html/vendor/codeigniter4/framework/system/CodeIgniter.php(384): CodeIgniter\Filters\Filters->run('keys/api', 'before')
#4 /home/xkynpbah/public_html/vendor/codeigniter4/framework/system/CodeIgniter.php(318): CodeIgniter\CodeIgniter->handleRequest(NULL, Object(Config\Cache), false)
#5 /home/xkynpbah/public_html/index.php(37): CodeIgniter\CodeIgniter->run()
#6 {main}
CRITICAL - 2026-08-05 13:11:55 --> Trying to get property 'level' of non-object
#0 /home/xkynpbah/public_html/app/Models/UserModel.php(84): CodeIgniter\Debug\Exceptions->errorHandler(8, 'Trying to get p...', '/home/xkynpbah/...', 84, Array)
#1 /home/xkynpbah/public_html/app/Filters/AuthFilter.php(19): App\Models\UserModel->checkAuthFilter()
#2 /home/xkynpbah/public_html/vendor/codeigniter4/framework/system/Filters/Filters.php(173): App\Filters\AuthFilter->before(Object(CodeIgniter\HTTP\IncomingRequest), NULL)
#3 /home/xkynpbah/public_html/vendor/codeigniter4/framework/system/CodeIgniter.php(384): CodeIgniter\Filters\Filters->run('dashboard', 'before')
#4 /home/xkynpbah/public_html/vendor/codeigniter4/framework/system/CodeIgniter.php(318): CodeIgniter\CodeIgniter->handleRequest(NULL, Object(Config\Cache), false)
#5 /home/xkynpbah/public_html/index.php(37): CodeIgniter\CodeIgniter->run()
#6 {main}
CRITICAL - 2026-08-05 13:11:57 --> Trying to get property 'level' of non-object
#0 /home/xkynpbah/public_html/app/Models/UserModel.php(84): CodeIgniter\Debug\Exceptions->errorHandler(8, 'Trying to get p...', '/home/xkynpbah/...', 84, Array)
#1 /home/xkynpbah/public_html/app/Filters/AuthFilter.php(19): App\Models\UserModel->checkAuthFilter()
#2 /home/xkynpbah/public_html/vendor/codeigniter4/framework/system/Filters/Filters.php(173): App\Filters\AuthFilter->before(Object(CodeIgniter\HTTP\IncomingRequest), NULL)
#3 /home/xkynpbah/public_html/vendor/codeigniter4/framework/system/CodeIgniter.php(384): CodeIgniter\Filters\Filters->run('keys/generate', 'before')
#4 /home/xkynpbah/public_html/vendor/codeigniter4/framework/system/CodeIgniter.php(318): CodeIgniter\CodeIgniter->handleRequest(NULL, Object(Config\Cache), false)
#5 /home/xkynpbah/public_html/index.php(37): CodeIgniter\CodeIgniter->run()
#6 {main}
CRITICAL - 2026-08-05 13:12:08 --> Trying to get property 'level' of non-object
#0 /home/xkynpbah/public_html/app/Models/UserModel.php(84): CodeIgniter\Debug\Exceptions->errorHandler(8, 'Trying to get p...', '/home/xkynpbah/...', 84, Array)
#1 /home/xkynpbah/public_html/app/Filters/AuthFilter.php(19): App\Models\UserModel->checkAuthFilter()
#2 /home/xkynpbah/public_html/vendor/codeigniter4/framework/system/Filters/Filters.php(173): App\Filters\AuthFilter->before(Object(CodeIgniter\HTTP\IncomingRequest), NULL)
#3 /home/xkynpbah/public_html/vendor/codeigniter4/framework/system/CodeIgniter.php(384): CodeIgniter\Filters\Filters->run('dashboard', 'before')
#4 /home/xkynpbah/public_html/vendor/codeigniter4/framework/system/CodeIgniter.php(318): CodeIgniter\CodeIgniter->handleRequest(NULL, Object(Config\Cache), false)
#5 /home/xkynpbah/public_html/index.php(37): CodeIgniter\CodeIgniter->run()
#6 {main}
CRITICAL - 2026-08-05 16:14:26 --> Trying to get property 'level' of non-object
#0 /home/xkynpbah/public_html/app/Models/UserModel.php(84): CodeIgniter\Debug\Exceptions->errorHandler(8, 'Trying to get p...', '/home/xkynpbah/...', 84, Array)
#1 /home/xkynpbah/public_html/app/Filters/AuthFilter.php(19): App\Models\UserModel->checkAuthFilter()
#2 /home/xkynpbah/public_html/vendor/codeigniter4/framework/system/Filters/Filters.php(173): App\Filters\AuthFilter->before(Object(CodeIgniter\HTTP\IncomingRequest), NULL)
#3 /home/xkynpbah/public_html/vendor/codeigniter4/framework/system/CodeIgniter.php(384): CodeIgniter\Filters\Filters->run('keys/generate', 'before')
#4 /home/xkynpbah/public_html/vendor/codeigniter4/framework/system/CodeIgniter.php(318): CodeIgniter\CodeIgniter->handleRequest(NULL, Object(Config\Cache), false)
#5 /home/xkynpbah/public_html/index.php(37): CodeIgniter\CodeIgniter->run()
#6 {main}
CRITICAL - 2026-08-05 16:14:28 --> Trying to get property 'level' of non-object
#0 /home/xkynpbah/public_html/app/Models/UserModel.php(84): CodeIgniter\Debug\Exceptions->errorHandler(8, 'Trying to get p...', '/home/xkynpbah/...', 84, Array)
#1 /home/xkynpbah/public_html/app/Filters/AuthFilter.php(19): App\Models\UserModel->checkAuthFilter()
#2 /home/xkynpbah/public_html/vendor/codeigniter4/framework/system/Filters/Filters.php(173): App\Filters\AuthFilter->before(Object(CodeIgniter\HTTP\IncomingRequest), NULL)
#3 /home/xkynpbah/public_html/vendor/codeigniter4/framework/system/CodeIgniter.php(384): CodeIgniter\Filters\Filters->run('keys/generate', 'before')
#4 /home/xkynpbah/public_html/vendor/codeigniter4/framework/system/CodeIgniter.php(318): CodeIgniter\CodeIgniter->handleRequest(NULL, Object(Config\Cache), false)
#5 /home/xkynpbah/public_html/index.php(37): CodeIgniter\CodeIgniter->run()
#6 {main}
CRITICAL - 2026-08-05 16:14:39 --> Trying to get property 'level' of non-object
#0 /home/xkynpbah/public_html/app/Models/UserModel.php(84): CodeIgniter\Debug\Exceptions->errorHandler(8, 'Trying to get p...', '/home/xkynpbah/...', 84, Array)
#1 /home/xkynpbah/public_html/app/Filters/AuthFilter.php(19): App\Models\UserModel->checkAuthFilter()
#2 /home/xkynpbah/public_html/vendor/codeigniter4/framework/system/Filters/Filters.php(173): App\Filters\AuthFilter->before(Object(CodeIgniter\HTTP\IncomingRequest), NULL)
#3 /home/xkynpbah/public_html/vendor/codeigniter4/framework/system/CodeIgniter.php(384): CodeIgniter\Filters\Filters->run('dashboard', 'before')
#4 /home/xkynpbah/public_html/vendor/codeigniter4/framework/system/CodeIgniter.php(318): CodeIgniter\CodeIgniter->handleRequest(NULL, Object(Config\Cache), false)
#5 /home/xkynpbah/public_html/index.php(37): CodeIgniter\CodeIgniter->run()
#6 {main}
CRITICAL - 2026-08-05 16:14:42 --> Trying to get property 'level' of non-object
#0 /home/xkynpbah/public_html/app/Models/UserModel.php(84): CodeIgniter\Debug\Exceptions->errorHandler(8, 'Trying to get p...', '/home/xkynpbah/...', 84, Array)
#1 /home/xkynpbah/public_html/app/Filters/AuthFilter.php(19): App\Models\UserModel->checkAuthFilter()
#2 /home/xkynpbah/public_html/vendor/codeigniter4/framework/system/Filters/Filters.php(173): App\Filters\AuthFilter->before(Object(CodeIgniter\HTTP\IncomingRequest), NULL)
#3 /home/xkynpbah/public_html/vendor/codeigniter4/framework/system/CodeIgniter.php(384): CodeIgniter\Filters\Filters->run('keys/generate', 'before')
#4 /home/xkynpbah/public_html/vendor/codeigniter4/framework/system/CodeIgniter.php(318): CodeIgniter\CodeIgniter->handleRequest(NULL, Object(Config\Cache), false)
#5 /home/xkynpbah/public_html/index.php(37): CodeIgniter\CodeIgniter->run()
#6 {main}
CRITICAL - 2026-08-05 16:14:43 --> Trying to get property 'level' of non-object
#0 /home/xkynpbah/public_html/app/Models/UserModel.php(84): CodeIgniter\Debug\Exceptions->errorHandler(8, 'Trying to get p...', '/home/xkynpbah/...', 84, Array)
#1 /home/xkynpbah/public_html/app/Filters/AuthFilter.php(19): App\Models\UserModel->checkAuthFilter()
#2 /home/xkynpbah/public_html/vendor/codeigniter4/framework/system/Filters/Filters.php(173): App\Filters\AuthFilter->before(Object(CodeIgniter\HTTP\IncomingRequest), NULL)
#3 /home/xkynpbah/public_html/vendor/codeigniter4/framework/system/CodeIgniter.php(384): CodeIgniter\Filters\Filters->run('dashboard', 'before')
#4 /home/xkynpbah/public_html/vendor/codeigniter4/framework/system/CodeIgniter.php(318): CodeIgniter\CodeIgniter->handleRequest(NULL, Object(Config\Cache), false)
#5 /home/xkynpbah/public_html/index.php(37): CodeIgniter\CodeIgniter->run()
#6 {main}
CRITICAL - 2026-08-05 16:14:44 --> Trying to get property 'level' of non-object
#0 /home/xkynpbah/public_html/app/Models/UserModel.php(84): CodeIgniter\Debug\Exceptions->errorHandler(8, 'Trying to get p...', '/home/xkynpbah/...', 84, Array)
#1 /home/xkynpbah/public_html/app/Filters/AuthFilter.php(19): App\Models\UserModel->checkAuthFilter()
#2 /home/xkynpbah/public_html/vendor/codeigniter4/framework/system/Filters/Filters.php(173): App\Filters\AuthFilter->before(Object(CodeIgniter\HTTP\IncomingRequest), NULL)
#3 /home/xkynpbah/public_html/vendor/codeigniter4/framework/system/CodeIgniter.php(384): CodeIgniter\Filters\Filters->run('keys', 'before')
#4 /home/xkynpbah/public_html/vendor/codeigniter4/framework/system/CodeIgniter.php(318): CodeIgniter\CodeIgniter->handleRequest(NULL, Object(Config\Cache), false)
#5 /home/xkynpbah/public_html/index.php(37): CodeIgniter\CodeIgniter->run()
#6 {main}
CRITICAL - 2026-08-05 19:15:53 --> Trying to get property 'level' of non-object
#0 /home/xkynpbah/public_html/app/Models/UserModel.php(84): CodeIgniter\Debug\Exceptions->errorHandler(8, 'Trying to get p...', '/home/xkynpbah/...', 84, Array)
#1 /home/xkynpbah/public_html/app/Filters/AuthFilter.php(19): App\Models\UserModel->checkAuthFilter()
#2 /home/xkynpbah/public_html/vendor/codeigniter4/framework/system/Filters/Filters.php(173): App\Filters\AuthFilter->before(Object(CodeIgniter\HTTP\IncomingRequest), NULL)
#3 /home/xkynpbah/public_html/vendor/codeigniter4/framework/system/CodeIgniter.php(384): CodeIgniter\Filters\Filters->run('keys', 'before')
#4 /home/xkynpbah/public_html/vendor/codeigniter4/framework/system/CodeIgniter.php(318): CodeIgniter\CodeIgniter->handleRequest(NULL, Object(Config\Cache), false)
#5 /home/xkynpbah/public_html/index.php(37): CodeIgniter\CodeIgniter->run()
#6 {main}
CRITICAL - 2026-08-05 22:53:18 --> Trying to get property 'level' of non-object
#0 /home/xkynpbah/public_html/app/Models/UserModel.php(84): CodeIgniter\Debug\Exceptions->errorHandler(8, 'Trying to get p...', '/home/xkynpbah/...', 84, Array)
#1 /home/xkynpbah/public_html/app/Filters/AuthFilter.php(19): App\Models\UserModel->checkAuthFilter()
#2 /home/xkynpbah/public_html/vendor/codeigniter4/framework/system/Filters/Filters.php(173): App\Filters\AuthFilter->before(Object(CodeIgniter\HTTP\IncomingRequest), NULL)
#3 /home/xkynpbah/public_html/vendor/codeigniter4/framework/system/CodeIgniter.php(384): CodeIgniter\Filters\Filters->run('keys', 'before')
#4 /home/xkynpbah/public_html/vendor/codeigniter4/framework/system/CodeIgniter.php(318): CodeIgniter\CodeIgniter->handleRequest(NULL, Object(Config\Cache), false)
#5 /home/xkynpbah/public_html/index.php(37): CodeIgniter\CodeIgniter->run()
#6 {main}
