CRITICAL - 2025-09-20 00:20:20 --> Undefined variable: conn
#0 /home/ffdetect/public_html/app/Views/User/dashboard.php(4): CodeIgniter\Debug\Exceptions->errorHandler(8, 'Undefined varia...', '/home/ffdetect/...', 4, Array)
#1 /home/ffdetect/public_html/vendor/codeigniter4/framework/system/View/View.php(214): include('/home/ffdetect/...')
#2 /home/ffdetect/public_html/vendor/codeigniter4/framework/system/View/View.php(217): CodeIgniter\View\View->CodeIgniter\View\{closure}()
#3 /home/ffdetect/public_html/vendor/codeigniter4/framework/system/Common.php(1097): CodeIgniter\View\View->render('User/dashboard', Array, true)
#4 /home/ffdetect/public_html/app/Controllers/User.php(51): view('User/dashboard', Array)
#5 /home/ffdetect/public_html/vendor/codeigniter4/framework/system/CodeIgniter.php(824): App\Controllers\User->index()
#6 /home/ffdetect/public_html/vendor/codeigniter4/framework/system/CodeIgniter.php(410): CodeIgniter\CodeIgniter->runController(Object(App\Controllers\User))
#7 /home/ffdetect/public_html/vendor/codeigniter4/framework/system/CodeIgniter.php(318): CodeIgniter\CodeIgniter->handleRequest(NULL, Object(Config\Cache), false)
#8 /home/ffdetect/public_html/index.php(37): CodeIgniter\CodeIgniter->run()
#9 {main}
CRITICAL - 2025-09-20 00:20:22 --> Undefined variable: conn
#0 /home/ffdetect/public_html/app/Views/User/dashboard.php(4): CodeIgniter\Debug\Exceptions->errorHandler(8, 'Undefined varia...', '/home/ffdetect/...', 4, Array)
#1 /home/ffdetect/public_html/vendor/codeigniter4/framework/system/View/View.php(214): include('/home/ffdetect/...')
#2 /home/ffdetect/public_html/vendor/codeigniter4/framework/system/View/View.php(217): CodeIgniter\View\View->CodeIgniter\View\{closure}()
#3 /home/ffdetect/public_html/vendor/codeigniter4/framework/system/Common.php(1097): CodeIgniter\View\View->render('User/dashboard', Array, true)
#4 /home/ffdetect/public_html/app/Controllers/User.php(51): view('User/dashboard', Array)
#5 /home/ffdetect/public_html/vendor/codeigniter4/framework/system/CodeIgniter.php(824): App\Controllers\User->index()
#6 /home/ffdetect/public_html/vendor/codeigniter4/framework/system/CodeIgniter.php(410): CodeIgniter\CodeIgniter->runController(Object(App\Controllers\User))
#7 /home/ffdetect/public_html/vendor/codeigniter4/framework/system/CodeIgniter.php(318): CodeIgniter\CodeIgniter->handleRequest(NULL, Object(Config\Cache), false)
#8 /home/ffdetect/public_html/index.php(37): CodeIgniter\CodeIgniter->run()
#9 {main}
CRITICAL - 2025-09-20 00:20:23 --> Undefined variable: conn
#0 /home/ffdetect/public_html/app/Views/User/dashboard.php(4): CodeIgniter\Debug\Exceptions->errorHandler(8, 'Undefined varia...', '/home/ffdetect/...', 4, Array)
#1 /home/ffdetect/public_html/vendor/codeigniter4/framework/system/View/View.php(214): include('/home/ffdetect/...')
#2 /home/ffdetect/public_html/vendor/codeigniter4/framework/system/View/View.php(217): CodeIgniter\View\View->CodeIgniter\View\{closure}()
#3 /home/ffdetect/public_html/vendor/codeigniter4/framework/system/Common.php(1097): CodeIgniter\View\View->render('User/dashboard', Array, true)
#4 /home/ffdetect/public_html/app/Controllers/User.php(51): view('User/dashboard', Array)
#5 /home/ffdetect/public_html/vendor/codeigniter4/framework/system/CodeIgniter.php(824): App\Controllers\User->index()
#6 /home/ffdetect/public_html/vendor/codeigniter4/framework/system/CodeIgniter.php(410): CodeIgniter\CodeIgniter->runController(Object(App\Controllers\User))
#7 /home/ffdetect/public_html/vendor/codeigniter4/framework/system/CodeIgniter.php(318): CodeIgniter\CodeIgniter->handleRequest(NULL, Object(Config\Cache), false)
#8 /home/ffdetect/public_html/index.php(37): CodeIgniter\CodeIgniter->run()
#9 {main}
CRITICAL - 2025-09-20 00:20:26 --> Undefined variable: conn
#0 /home/ffdetect/public_html/app/Views/User/dashboard.php(4): CodeIgniter\Debug\Exceptions->errorHandler(8, 'Undefined varia...', '/home/ffdetect/...', 4, Array)
#1 /home/ffdetect/public_html/vendor/codeigniter4/framework/system/View/View.php(214): include('/home/ffdetect/...')
#2 /home/ffdetect/public_html/vendor/codeigniter4/framework/system/View/View.php(217): CodeIgniter\View\View->CodeIgniter\View\{closure}()
#3 /home/ffdetect/public_html/vendor/codeigniter4/framework/system/Common.php(1097): CodeIgniter\View\View->render('User/dashboard', Array, true)
#4 /home/ffdetect/public_html/app/Controllers/User.php(51): view('User/dashboard', Array)
#5 /home/ffdetect/public_html/vendor/codeigniter4/framework/system/CodeIgniter.php(824): App\Controllers\User->index()
#6 /home/ffdetect/public_html/vendor/codeigniter4/framework/system/CodeIgniter.php(410): CodeIgniter\CodeIgniter->runController(Object(App\Controllers\User))
#7 /home/ffdetect/public_html/vendor/codeigniter4/framework/system/CodeIgniter.php(318): CodeIgniter\CodeIgniter->handleRequest(NULL, Object(Config\Cache), false)
#8 /home/ffdetect/public_html/index.php(37): CodeIgniter\CodeIgniter->run()
#9 {main}
CRITICAL - 2025-09-20 00:22:09 --> Undefined variable: conn
#0 /home/ffdetect/public_html/app/Views/User/dashboard.php(4): CodeIgniter\Debug\Exceptions->errorHandler(8, 'Undefined varia...', '/home/ffdetect/...', 4, Array)
#1 /home/ffdetect/public_html/vendor/codeigniter4/framework/system/View/View.php(214): include('/home/ffdetect/...')
#2 /home/ffdetect/public_html/vendor/codeigniter4/framework/system/View/View.php(217): CodeIgniter\View\View->CodeIgniter\View\{closure}()
#3 /home/ffdetect/public_html/vendor/codeigniter4/framework/system/Common.php(1097): CodeIgniter\View\View->render('User/dashboard', Array, true)
#4 /home/ffdetect/public_html/app/Controllers/User.php(51): view('User/dashboard', Array)
#5 /home/ffdetect/public_html/vendor/codeigniter4/framework/system/CodeIgniter.php(824): App\Controllers\User->index()
#6 /home/ffdetect/public_html/vendor/codeigniter4/framework/system/CodeIgniter.php(410): CodeIgniter\CodeIgniter->runController(Object(App\Controllers\User))
#7 /home/ffdetect/public_html/vendor/codeigniter4/framework/system/CodeIgniter.php(318): CodeIgniter\CodeIgniter->handleRequest(NULL, Object(Config\Cache), false)
#8 /home/ffdetect/public_html/index.php(37): CodeIgniter\CodeIgniter->run()
#9 {main}
CRITICAL - 2025-09-20 00:22:49 --> Undefined variable: conn
#0 /home/ffdetect/public_html/app/Views/User/dashboard.php(4): CodeIgniter\Debug\Exceptions->errorHandler(8, 'Undefined varia...', '/home/ffdetect/...', 4, Array)
#1 /home/ffdetect/public_html/vendor/codeigniter4/framework/system/View/View.php(214): include('/home/ffdetect/...')
#2 /home/ffdetect/public_html/vendor/codeigniter4/framework/system/View/View.php(217): CodeIgniter\View\View->CodeIgniter\View\{closure}()
#3 /home/ffdetect/public_html/vendor/codeigniter4/framework/system/Common.php(1097): CodeIgniter\View\View->render('User/dashboard', Array, true)
#4 /home/ffdetect/public_html/app/Controllers/User.php(51): view('User/dashboard', Array)
#5 /home/ffdetect/public_html/vendor/codeigniter4/framework/system/CodeIgniter.php(824): App\Controllers\User->index()
#6 /home/ffdetect/public_html/vendor/codeigniter4/framework/system/CodeIgniter.php(410): CodeIgniter\CodeIgniter->runController(Object(App\Controllers\User))
#7 /home/ffdetect/public_html/vendor/codeigniter4/framework/system/CodeIgniter.php(318): CodeIgniter\CodeIgniter->handleRequest(NULL, Object(Config\Cache), false)
#8 /home/ffdetect/public_html/index.php(37): CodeIgniter\CodeIgniter->run()
#9 {main}
CRITICAL - 2025-09-20 00:22:51 --> Undefined variable: conn
#0 /home/ffdetect/public_html/app/Views/User/dashboard.php(4): CodeIgniter\Debug\Exceptions->errorHandler(8, 'Undefined varia...', '/home/ffdetect/...', 4, Array)
#1 /home/ffdetect/public_html/vendor/codeigniter4/framework/system/View/View.php(214): include('/home/ffdetect/...')
#2 /home/ffdetect/public_html/vendor/codeigniter4/framework/system/View/View.php(217): CodeIgniter\View\View->CodeIgniter\View\{closure}()
#3 /home/ffdetect/public_html/vendor/codeigniter4/framework/system/Common.php(1097): CodeIgniter\View\View->render('User/dashboard', Array, true)
#4 /home/ffdetect/public_html/app/Controllers/User.php(51): view('User/dashboard', Array)
#5 /home/ffdetect/public_html/vendor/codeigniter4/framework/system/CodeIgniter.php(824): App\Controllers\User->index()
#6 /home/ffdetect/public_html/vendor/codeigniter4/framework/system/CodeIgniter.php(410): CodeIgniter\CodeIgniter->runController(Object(App\Controllers\User))
#7 /home/ffdetect/public_html/vendor/codeigniter4/framework/system/CodeIgniter.php(318): CodeIgniter\CodeIgniter->handleRequest(NULL, Object(Config\Cache), false)
#8 /home/ffdetect/public_html/index.php(37): CodeIgniter\CodeIgniter->run()
#9 {main}
CRITICAL - 2025-09-20 12:00:37 --> mysqli_connect(): (HY000/2002): No such file or directory
#0 [internal function]: CodeIgniter\Debug\Exceptions->errorHandler(2, 'mysqli_connect(...', '/home/ffdetect/...', 8, Array)
#1 /home/ffdetect/public_html/conn.php(8): mysqli_connect('localhost', 'ffdetect_main', 'ffdetect_main', 'ffdetect_main')
#2 /home/ffdetect/public_html/app/Controllers/Connect.php(13): include('/home/ffdetect/...')
#3 /home/ffdetect/public_html/vendor/codeigniter4/framework/system/CodeIgniter.php(801): App\Controllers\Connect->__construct()
#4 /home/ffdetect/public_html/vendor/codeigniter4/framework/system/CodeIgniter.php(401): CodeIgniter\CodeIgniter->createController()
#5 /home/ffdetect/public_html/vendor/codeigniter4/framework/system/CodeIgniter.php(318): CodeIgniter\CodeIgniter->handleRequest(NULL, Object(Config\Cache), false)
#6 /home/ffdetect/public_html/index.php(37): CodeIgniter\CodeIgniter->run()
#7 {main}
CRITICAL - 2025-09-20 17:09:03 --> Undefined index: HTTP_USER_AGENT
#0 /home/ffdetect/public_html/app/Views/Auth/login.php(42): CodeIgniter\Debug\Exceptions->errorHandler(8, 'Undefined index...', '/home/ffdetect/...', 42, Array)
#1 /home/ffdetect/public_html/vendor/codeigniter4/framework/system/View/View.php(214): include('/home/ffdetect/...')
#2 /home/ffdetect/public_html/vendor/codeigniter4/framework/system/View/View.php(217): CodeIgniter\View\View->CodeIgniter\View\{closure}()
#3 /home/ffdetect/public_html/vendor/codeigniter4/framework/system/Common.php(1097): CodeIgniter\View\View->render('Auth/login', Array, true)
#4 /home/ffdetect/public_html/app/Controllers/Auth.php(54): view('Auth/login', Array)
#5 /home/ffdetect/public_html/vendor/codeigniter4/framework/system/CodeIgniter.php(824): App\Controllers\Auth->login()
#6 /home/ffdetect/public_html/vendor/codeigniter4/framework/system/CodeIgniter.php(410): CodeIgniter\CodeIgniter->runController(Object(App\Controllers\Auth))
#7 /home/ffdetect/public_html/vendor/codeigniter4/framework/system/CodeIgniter.php(318): CodeIgniter\CodeIgniter->handleRequest(NULL, Object(Config\Cache), false)
#8 /home/ffdetect/public_html/index.php(37): CodeIgniter\CodeIgniter->run()
#9 {main}
CRITICAL - 2025-09-20 18:00:12 --> mysqli_connect(): (HY000/2002): No such file or directory
#0 [internal function]: CodeIgniter\Debug\Exceptions->errorHandler(2, 'mysqli_connect(...', '/home/ffdetect/...', 8, Array)
#1 /home/ffdetect/public_html/conn.php(8): mysqli_connect('localhost', 'ffdetect_main', 'ffdetect_main', 'ffdetect_main')
#2 /home/ffdetect/public_html/app/Controllers/Connect.php(13): include('/home/ffdetect/...')
#3 /home/ffdetect/public_html/vendor/codeigniter4/framework/system/CodeIgniter.php(801): App\Controllers\Connect->__construct()
#4 /home/ffdetect/public_html/vendor/codeigniter4/framework/system/CodeIgniter.php(401): CodeIgniter\CodeIgniter->createController()
#5 /home/ffdetect/public_html/vendor/codeigniter4/framework/system/CodeIgniter.php(318): CodeIgniter\CodeIgniter->handleRequest(NULL, Object(Config\Cache), false)
#6 /home/ffdetect/public_html/index.php(37): CodeIgniter\CodeIgniter->run()
#7 {main}
CRITICAL - 2025-09-20 18:00:13 --> mysqli_connect(): (HY000/2002): No such file or directory
#0 [internal function]: CodeIgniter\Debug\Exceptions->errorHandler(2, 'mysqli_connect(...', '/home/ffdetect/...', 8, Array)
#1 /home/ffdetect/public_html/conn.php(8): mysqli_connect('localhost', 'ffdetect_main', 'ffdetect_main', 'ffdetect_main')
#2 /home/ffdetect/public_html/app/Controllers/Connect.php(13): include('/home/ffdetect/...')
#3 /home/ffdetect/public_html/vendor/codeigniter4/framework/system/CodeIgniter.php(801): App\Controllers\Connect->__construct()
#4 /home/ffdetect/public_html/vendor/codeigniter4/framework/system/CodeIgniter.php(401): CodeIgniter\CodeIgniter->createController()
#5 /home/ffdetect/public_html/vendor/codeigniter4/framework/system/CodeIgniter.php(318): CodeIgniter\CodeIgniter->handleRequest(NULL, Object(Config\Cache), false)
#6 /home/ffdetect/public_html/index.php(37): CodeIgniter\CodeIgniter->run()
#7 {main}
CRITICAL - 2025-09-20 18:00:17 --> mysqli_connect(): (HY000/2002): No such file or directory
#0 [internal function]: CodeIgniter\Debug\Exceptions->errorHandler(2, 'mysqli_connect(...', '/home/ffdetect/...', 8, Array)
#1 /home/ffdetect/public_html/conn.php(8): mysqli_connect('localhost', 'ffdetect_main', 'ffdetect_main', 'ffdetect_main')
#2 /home/ffdetect/public_html/app/Controllers/Connect.php(13): include('/home/ffdetect/...')
#3 /home/ffdetect/public_html/vendor/codeigniter4/framework/system/CodeIgniter.php(801): App\Controllers\Connect->__construct()
#4 /home/ffdetect/public_html/vendor/codeigniter4/framework/system/CodeIgniter.php(401): CodeIgniter\CodeIgniter->createController()
#5 /home/ffdetect/public_html/vendor/codeigniter4/framework/system/CodeIgniter.php(318): CodeIgniter\CodeIgniter->handleRequest(NULL, Object(Config\Cache), false)
#6 /home/ffdetect/public_html/index.php(37): CodeIgniter\CodeIgniter->run()
#7 {main}
CRITICAL - 2025-09-20 18:00:17 --> mysqli_connect(): (HY000/2002): No such file or directory
#0 [internal function]: CodeIgniter\Debug\Exceptions->errorHandler(2, 'mysqli_connect(...', '/home/ffdetect/...', 8, Array)
#1 /home/ffdetect/public_html/conn.php(8): mysqli_connect('localhost', 'ffdetect_main', 'ffdetect_main', 'ffdetect_main')
#2 /home/ffdetect/public_html/app/Controllers/Connect.php(13): include('/home/ffdetect/...')
#3 /home/ffdetect/public_html/vendor/codeigniter4/framework/system/CodeIgniter.php(801): App\Controllers\Connect->__construct()
#4 /home/ffdetect/public_html/vendor/codeigniter4/framework/system/CodeIgniter.php(401): CodeIgniter\CodeIgniter->createController()
#5 /home/ffdetect/public_html/vendor/codeigniter4/framework/system/CodeIgniter.php(318): CodeIgniter\CodeIgniter->handleRequest(NULL, Object(Config\Cache), false)
#6 /home/ffdetect/public_html/index.php(37): CodeIgniter\CodeIgniter->run()
#7 {main}
