CRITICAL - 2025-09-10 18:00:13 --> mysqli_connect(): (HY000/2002): No such file or directory
#0 [internal function]: CodeIgniter\Debug\Exceptions->errorHandler(2, 'mysqli_connect(...', '/home/ffdetect/...', 8, Array)
#1 /home/ffdetect/public_html/conn.php(8): mysqli_connect('localhost', 'ffdetect_main', 'ffdetect_main', 'ffdetect_main')
#2 /home/ffdetect/public_html/app/Controllers/Connect.php(13): include('/home/ffdetect/...')
#3 /home/ffdetect/public_html/vendor/codeigniter4/framework/system/CodeIgniter.php(801): App\Controllers\Connect->__construct()
#4 /home/ffdetect/public_html/vendor/codeigniter4/framework/system/CodeIgniter.php(401): CodeIgniter\CodeIgniter->createController()
#5 /home/ffdetect/public_html/vendor/codeigniter4/framework/system/CodeIgniter.php(318): CodeIgniter\CodeIgniter->handleRequest(NULL, Object(Config\Cache), false)
#6 /home/ffdetect/public_html/index.php(37): CodeIgniter\CodeIgniter->run()
#7 {main}
CRITICAL - 2025-09-10 18:00:16 --> mysqli_connect(): (HY000/2002): No such file or directory
#0 [internal function]: CodeIgniter\Debug\Exceptions->errorHandler(2, 'mysqli_connect(...', '/home/ffdetect/...', 8, Array)
#1 /home/ffdetect/public_html/conn.php(8): mysqli_connect('localhost', 'ffdetect_main', 'ffdetect_main', 'ffdetect_main')
#2 /home/ffdetect/public_html/app/Controllers/Connect.php(13): include('/home/ffdetect/...')
#3 /home/ffdetect/public_html/vendor/codeigniter4/framework/system/CodeIgniter.php(801): App\Controllers\Connect->__construct()
#4 /home/ffdetect/public_html/vendor/codeigniter4/framework/system/CodeIgniter.php(401): CodeIgniter\CodeIgniter->createController()
#5 /home/ffdetect/public_html/vendor/codeigniter4/framework/system/CodeIgniter.php(318): CodeIgniter\CodeIgniter->handleRequest(NULL, Object(Config\Cache), false)
#6 /home/ffdetect/public_html/index.php(37): CodeIgniter\CodeIgniter->run()
#7 {main}
CRITICAL - 2025-09-10 18:00:17 --> mysqli_connect(): (HY000/2002): No such file or directory
#0 [internal function]: CodeIgniter\Debug\Exceptions->errorHandler(2, 'mysqli_connect(...', '/home/ffdetect/...', 8, Array)
#1 /home/ffdetect/public_html/conn.php(8): mysqli_connect('localhost', 'ffdetect_main', 'ffdetect_main', 'ffdetect_main')
#2 /home/ffdetect/public_html/app/Controllers/Connect.php(13): include('/home/ffdetect/...')
#3 /home/ffdetect/public_html/vendor/codeigniter4/framework/system/CodeIgniter.php(801): App\Controllers\Connect->__construct()
#4 /home/ffdetect/public_html/vendor/codeigniter4/framework/system/CodeIgniter.php(401): CodeIgniter\CodeIgniter->createController()
#5 /home/ffdetect/public_html/vendor/codeigniter4/framework/system/CodeIgniter.php(318): CodeIgniter\CodeIgniter->handleRequest(NULL, Object(Config\Cache), false)
#6 /home/ffdetect/public_html/index.php(37): CodeIgniter\CodeIgniter->run()
#7 {main}
