2026-02-24 13:32:56 | {"reason":"status_not_active","key":"zikzs","uid":"1e1904ed9a72fa19","device_id":"1e1904ed9a72fa19","game":"com.haegin.playtogether2"}
2026-02-24 14:02:14 | {"reason":"user_not_found","key":"zikzs","uid":"1e1904ed9a72fa19","device_id":"1e1904ed9a72fa19","game":"com.haegin.playtogether2"}
2026-02-24 14:06:33 | {"reason":"user_not_found","key":"zikzs","uid":"1e1904ed9a72fa19","device_id":"1e1904ed9a72fa19","game":"com.haegin.playtogether2"}
2026-02-24 14:06:34 | {"reason":"user_not_found","key":"zikzs","uid":"1e1904ed9a72fa19","device_id":"1e1904ed9a72fa19","game":"com.haegin.playtogether2"}
2026-02-25 14:59:47 | {"reason":"uid_mismatch","key":"mcgwibu","uid":"e8d79a5f1a61021f","device_id":"e8d79a5f1a61021f","game":"com.haegin.playtogether2","db_uid":"c7eb407fb6a8c002"}
2026-02-25 14:59:56 | {"reason":"uid_mismatch","key":"mcgwibu","uid":"e8d79a5f1a61021f","device_id":"e8d79a5f1a61021f","game":"com.haegin.playtogether2","db_uid":"c7eb407fb6a8c002"}
2026-02-25 15:00:56 | {"reason":"uid_mismatch","key":"mcgwibu","uid":"e8d79a5f1a61021f","device_id":"e8d79a5f1a61021f","game":"com.haegin.playtogether2","db_uid":"c7eb407fb6a8c002"}
2026-02-25 15:00:58 | {"reason":"uid_mismatch","key":"mcgwibu","uid":"e8d79a5f1a61021f","device_id":"e8d79a5f1a61021f","game":"com.haegin.playtogether2","db_uid":"c7eb407fb6a8c002"}
2026-02-25 15:01:06 | {"reason":"uid_mismatch","key":"mcgwibu","uid":"e8d79a5f1a61021f","device_id":"e8d79a5f1a61021f","game":"com.haegin.playtogether2","db_uid":"c7eb407fb6a8c002"}
2026-02-25 15:01:46 | {"reason":"uid_mismatch","key":"mcgwibu","uid":"e8d79a5f1a61021f","device_id":"e8d79a5f1a61021f","game":"com.haegin.playtogether2","db_uid":"c7eb407fb6a8c002"}
2026-02-25 15:01:47 | {"reason":"uid_mismatch","key":"mcgwibu","uid":"e8d79a5f1a61021f","device_id":"e8d79a5f1a61021f","game":"com.haegin.playtogether2","db_uid":"c7eb407fb6a8c002"}
2026-02-25 15:01:48 | {"reason":"uid_mismatch","key":"mcgwibu","uid":"e8d79a5f1a61021f","device_id":"e8d79a5f1a61021f","game":"com.haegin.playtogether2","db_uid":"c7eb407fb6a8c002"}
2026-02-25 15:01:48 | {"reason":"uid_mismatch","key":"mcgwibu","uid":"e8d79a5f1a61021f","device_id":"e8d79a5f1a61021f","game":"com.haegin.playtogether2","db_uid":"c7eb407fb6a8c002"}
2026-02-25 15:01:49 | {"reason":"uid_mismatch","key":"mcgwibu","uid":"e8d79a5f1a61021f","device_id":"e8d79a5f1a61021f","game":"com.haegin.playtogether2","db_uid":"c7eb407fb6a8c002"}
2026-02-25 15:01:49 | {"reason":"uid_mismatch","key":"mcgwibu","uid":"e8d79a5f1a61021f","device_id":"e8d79a5f1a61021f","game":"com.haegin.playtogether2","db_uid":"c7eb407fb6a8c002"}
2026-02-25 15:01:49 | {"reason":"uid_mismatch","key":"mcgwibu","uid":"e8d79a5f1a61021f","device_id":"e8d79a5f1a61021f","game":"com.haegin.playtogether2","db_uid":"c7eb407fb6a8c002"}
2026-02-25 15:01:50 | {"reason":"uid_mismatch","key":"mcgwibu","uid":"e8d79a5f1a61021f","device_id":"e8d79a5f1a61021f","game":"com.haegin.playtogether2","db_uid":"c7eb407fb6a8c002"}
2026-02-25 15:01:51 | {"reason":"uid_mismatch","key":"mcgwibu","uid":"e8d79a5f1a61021f","device_id":"e8d79a5f1a61021f","game":"com.haegin.playtogether2","db_uid":"c7eb407fb6a8c002"}
2026-02-25 15:01:51 | {"reason":"uid_mismatch","key":"mcgwibu","uid":"e8d79a5f1a61021f","device_id":"e8d79a5f1a61021f","game":"com.haegin.playtogether2","db_uid":"c7eb407fb6a8c002"}
2026-02-25 15:01:52 | {"reason":"uid_mismatch","key":"mcgwibu","uid":"e8d79a5f1a61021f","device_id":"e8d79a5f1a61021f","game":"com.haegin.playtogether2","db_uid":"c7eb407fb6a8c002"}
2026-02-25 15:01:52 | {"reason":"uid_mismatch","key":"mcgwibu","uid":"e8d79a5f1a61021f","device_id":"e8d79a5f1a61021f","game":"com.haegin.playtogether2","db_uid":"c7eb407fb6a8c002"}
2026-02-25 15:01:52 | {"reason":"uid_mismatch","key":"mcgwibu","uid":"e8d79a5f1a61021f","device_id":"e8d79a5f1a61021f","game":"com.haegin.playtogether2","db_uid":"c7eb407fb6a8c002"}
2026-02-25 15:01:53 | {"reason":"uid_mismatch","key":"mcgwibu","uid":"e8d79a5f1a61021f","device_id":"e8d79a5f1a61021f","game":"com.haegin.playtogether2","db_uid":"c7eb407fb6a8c002"}
2026-02-25 15:01:53 | {"reason":"uid_mismatch","key":"mcgwibu","uid":"e8d79a5f1a61021f","device_id":"e8d79a5f1a61021f","game":"com.haegin.playtogether2","db_uid":"c7eb407fb6a8c002"}
2026-02-25 15:01:54 | {"reason":"uid_mismatch","key":"mcgwibu","uid":"e8d79a5f1a61021f","device_id":"e8d79a5f1a61021f","game":"com.haegin.playtogether2","db_uid":"c7eb407fb6a8c002"}
2026-02-25 15:01:54 | {"reason":"uid_mismatch","key":"mcgwibu","uid":"e8d79a5f1a61021f","device_id":"e8d79a5f1a61021f","game":"com.haegin.playtogether2","db_uid":"c7eb407fb6a8c002"}
2026-02-25 15:01:55 | {"reason":"uid_mismatch","key":"mcgwibu","uid":"e8d79a5f1a61021f","device_id":"e8d79a5f1a61021f","game":"com.haegin.playtogether2","db_uid":"c7eb407fb6a8c002"}
2026-02-25 15:04:31 | {"reason":"uid_mismatch","key":"mcgwibu","uid":"e8d79a5f1a61021f","device_id":"e8d79a5f1a61021f","game":"com.haegin.playtogether2","db_uid":"c7eb407fb6a8c002"}
2026-02-25 15:04:36 | {"reason":"uid_mismatch","key":"mcgwibu","uid":"e8d79a5f1a61021f","device_id":"e8d79a5f1a61021f","game":"com.haegin.playtogether2","db_uid":"c7eb407fb6a8c002"}
2026-02-25 15:55:35 | {"reason":"uid_mismatch","key":"mcgwibu","uid":"525e9b8cc99283f7","device_id":"525e9b8cc99283f7","game":"com.haegin.playtogether2","db_uid":"c7eb407fb6a8c002"}
2026-02-25 15:55:36 | {"reason":"uid_mismatch","key":"mcgwibu","uid":"525e9b8cc99283f7","device_id":"525e9b8cc99283f7","game":"com.haegin.playtogether2","db_uid":"c7eb407fb6a8c002"}
2026-02-25 15:55:37 | {"reason":"uid_mismatch","key":"mcgwibu","uid":"525e9b8cc99283f7","device_id":"525e9b8cc99283f7","game":"com.haegin.playtogether2","db_uid":"c7eb407fb6a8c002"}
2026-02-25 15:55:37 | {"reason":"uid_mismatch","key":"mcgwibu","uid":"525e9b8cc99283f7","device_id":"525e9b8cc99283f7","game":"com.haegin.playtogether2","db_uid":"c7eb407fb6a8c002"}
2026-02-25 15:55:38 | {"reason":"uid_mismatch","key":"mcgwibu","uid":"525e9b8cc99283f7","device_id":"525e9b8cc99283f7","game":"com.haegin.playtogether2","db_uid":"c7eb407fb6a8c002"}
2026-02-25 15:55:38 | {"reason":"uid_mismatch","key":"mcgwibu","uid":"525e9b8cc99283f7","device_id":"525e9b8cc99283f7","game":"com.haegin.playtogether2","db_uid":"c7eb407fb6a8c002"}
2026-02-25 15:55:38 | {"reason":"uid_mismatch","key":"mcgwibu","uid":"525e9b8cc99283f7","device_id":"525e9b8cc99283f7","game":"com.haegin.playtogether2","db_uid":"c7eb407fb6a8c002"}
2026-02-25 15:56:53 | {"reason":"uid_mismatch","key":"mcgwibu","uid":"525e9b8cc99283f7","device_id":"525e9b8cc99283f7","game":"com.haegin.playtogether2","db_uid":"c7eb407fb6a8c002"}
2026-02-25 15:58:10 | {"reason":"uid_mismatch","key":"mcgwibu","uid":"525e9b8cc99283f7","device_id":"525e9b8cc99283f7","game":"com.haegin.playtogether2","db_uid":"c7eb407fb6a8c002"}
2026-02-25 15:58:11 | {"reason":"uid_mismatch","key":"mcgwibu","uid":"525e9b8cc99283f7","device_id":"525e9b8cc99283f7","game":"com.haegin.playtogether2","db_uid":"c7eb407fb6a8c002"}
2026-02-25 15:58:11 | {"reason":"uid_mismatch","key":"mcgwibu","uid":"525e9b8cc99283f7","device_id":"525e9b8cc99283f7","game":"com.haegin.playtogether2","db_uid":"c7eb407fb6a8c002"}
2026-02-25 15:58:12 | {"reason":"uid_mismatch","key":"mcgwibu","uid":"525e9b8cc99283f7","device_id":"525e9b8cc99283f7","game":"com.haegin.playtogether2","db_uid":"c7eb407fb6a8c002"}
2026-02-25 16:56:48 | {"reason":"uid_mismatch","key":"mcgwibu","uid":"f93fdcb5aa1cd136","device_id":"f93fdcb5aa1cd136","game":"com.haegin.playtogether2","db_uid":"c7eb407fb6a8c002"}
2026-02-25 16:56:49 | {"reason":"uid_mismatch","key":"mcgwibu","uid":"f93fdcb5aa1cd136","device_id":"f93fdcb5aa1cd136","game":"com.haegin.playtogether2","db_uid":"c7eb407fb6a8c002"}
2026-02-25 18:47:18 | {"reason":"user_not_found","key":"0R5FCa","uid":"5e5936e37e37ed30","device_id":"5e5936e37e37ed30","game":"com.haegin.playtogether2"}
2026-02-25 18:47:20 | {"reason":"user_not_found","key":"0R5FCa","uid":"5e5936e37e37ed30","device_id":"5e5936e37e37ed30","game":"com.haegin.playtogether2"}
2026-02-25 18:56:11 | {"reason":"user_not_found","key":"User: FreeKey_7bpt4D | Game: PLAYTOGETHER PRIME | H\u1ea1n: 1 ng\u00e0y | Thi\u1ebft b\u1ecb: 0/1","uid":"68615e3f33103b42","device_id":"68615e3f33103b42","game":"com.haegin.playtogether2"}
2026-02-25 18:58:15 | {"reason":"user_not_found","key":"https://www.ngocbonggaming.com/2026/02/tai-play-together-hack-mod-apk-menu-vip.html","uid":"1c9c5af7f1b86431","device_id":"1c9c5af7f1b86431","game":"com.haegin.playtogether2"}
2026-02-25 19:11:48 | {"reason":"user_not_found","key":"Pdv7h3JGmaWbD","uid":"52eb688071d22558","device_id":"52eb688071d22558","game":"com.haegin.playtogether2"}
2026-02-25 19:11:51 | {"reason":"user_not_found","key":"Pdv7h3JGmaWbD","uid":"52eb688071d22558","device_id":"52eb688071d22558","game":"com.haegin.playtogether2"}
2026-02-25 19:12:16 | {"reason":"user_not_found","key":"Pdv7h3JGmaWbD","uid":"52eb688071d22558","device_id":"52eb688071d22558","game":"com.haegin.playtogether2"}
2026-02-25 19:12:17 | {"reason":"user_not_found","key":"Pdv7h3JGmaWbD","uid":"52eb688071d22558","device_id":"52eb688071d22558","game":"com.haegin.playtogether2"}
2026-02-25 19:12:19 | {"reason":"user_not_found","key":"Pdv7h3JGmaWbD","uid":"52eb688071d22558","device_id":"52eb688071d22558","game":"com.haegin.playtogether2"}
2026-02-25 19:12:19 | {"reason":"user_not_found","key":"Pdv7h3JGmaWbD","uid":"52eb688071d22558","device_id":"52eb688071d22558","game":"com.haegin.playtogether2"}
2026-02-25 19:17:41 | {"reason":"user_not_found","key":"hxA3wHpWs8\\n","uid":"52eb688071d22558","device_id":"52eb688071d22558","game":"com.haegin.playtogether2"}
2026-02-25 19:17:50 | {"reason":"user_not_found","key":"hxA3wHpWs8\\n","uid":"52eb688071d22558","device_id":"52eb688071d22558","game":"com.haegin.playtogether2"}
2026-02-25 19:17:51 | {"reason":"user_not_found","key":"hxA3wHpWs8\\n","uid":"52eb688071d22558","device_id":"52eb688071d22558","game":"com.haegin.playtogether2"}
2026-02-25 19:17:51 | {"reason":"user_not_found","key":"hxA3wHpWs8\\n","uid":"52eb688071d22558","device_id":"52eb688071d22558","game":"com.haegin.playtogether2"}
2026-02-25 19:17:51 | {"reason":"user_not_found","key":"hxA3wHpWs8\\n","uid":"52eb688071d22558","device_id":"52eb688071d22558","game":"com.haegin.playtogether2"}
2026-02-25 19:17:52 | {"reason":"user_not_found","key":"hxA3wHpWs8\\n","uid":"52eb688071d22558","device_id":"52eb688071d22558","game":"com.haegin.playtogether2"}
2026-02-25 19:17:53 | {"reason":"user_not_found","key":"hxA3wHpWs8\\n","uid":"52eb688071d22558","device_id":"52eb688071d22558","game":"com.haegin.playtogether2"}
2026-02-25 19:17:53 | {"reason":"user_not_found","key":"hxA3wHpWs8\\n","uid":"52eb688071d22558","device_id":"52eb688071d22558","game":"com.haegin.playtogether2"}
2026-02-25 19:17:53 | {"reason":"user_not_found","key":"hxA3wHpWs8\\n","uid":"52eb688071d22558","device_id":"52eb688071d22558","game":"com.haegin.playtogether2"}
2026-02-25 20:36:46 | {"reason":"user_not_found","key":"hoaf337","uid":"e49caf06af457b9a","device_id":"e49caf06af457b9a","game":"com.haegin.playtogether2"}
2026-02-25 20:36:52 | {"reason":"user_not_found","key":"hoaf337","uid":"e49caf06af457b9a","device_id":"e49caf06af457b9a","game":"com.haegin.playtogether2"}
2026-02-25 21:16:11 | {"reason":"uid_mismatch","key":"FreeKey_2R3y9M","uid":"5e6629a0d114f600","device_id":"5e6629a0d114f600","game":"com.haegin.playtogether2","db_uid":"b25e97036b7ccd5d"}
2026-02-25 21:16:13 | {"reason":"uid_mismatch","key":"FreeKey_2R3y9M","uid":"5e6629a0d114f600","device_id":"5e6629a0d114f600","game":"com.haegin.playtogether2","db_uid":"b25e97036b7ccd5d"}
2026-02-25 23:21:50 | {"reason":"user_not_found","key":"TpTNM4wJ","uid":"aabe515e2306938e","device_id":"aabe515e2306938e","game":"com.haegin.playtogether2"}
2026-02-25 23:21:52 | {"reason":"user_not_found","key":"TpTNM4wJ","uid":"aabe515e2306938e","device_id":"aabe515e2306938e","game":"com.haegin.playtogether2"}
2026-02-25 23:21:52 | {"reason":"user_not_found","key":"TpTNM4wJ","uid":"aabe515e2306938e","device_id":"aabe515e2306938e","game":"com.haegin.playtogether2"}
2026-02-26 08:29:06 | {"reason":"user_not_found","key":"TTSPLAYCAQAKEC5OW","uid":"bf08d135962dd737","device_id":"bf08d135962dd737","game":"com.haegin.playtogether2"}
2026-02-26 11:40:27 | {"reason":"user_not_found","key":"GTBVIP-LZLIVXMN","uid":"fe966f6d9c77624a","device_id":"fe966f6d9c77624a","game":"com.haegin.playtogether2"}
2026-02-26 11:53:33 | {"reason":"user_not_found","key":"GTBVIP-LZLIVXMN","uid":"fe966f6d9c77624a","device_id":"fe966f6d9c77624a","game":"com.haegin.playtogether2"}
2026-02-26 12:06:42 | {"reason":"user_not_found","key":"GTBVIP-LZLIVXMN","uid":"fe966f6d9c77624a","device_id":"fe966f6d9c77624a","game":"com.haegin.playtogether2"}
2026-02-26 12:12:50 | {"reason":"user_not_found","key":"GTBVIP-LZLIVXMN","uid":"fe966f6d9c77624a","device_id":"fe966f6d9c77624a","game":"com.haegin.playtogether2"}
2026-02-26 12:34:43 | {"reason":"user_not_found","key":"GTBVIP-LZLIVXMN","uid":"fe966f6d9c77624a","device_id":"fe966f6d9c77624a","game":"com.haegin.playtogether2"}
2026-02-26 12:46:33 | {"reason":"user_not_found","key":"modvip94151","uid":"c19392e147573d10","device_id":"c19392e147573d10","game":"com.haegin.playtogether2"}
2026-02-26 12:49:44 | {"reason":"user_not_found","key":"JJCA-FURL-LMGG","uid":"fdd1a29827927a8e","device_id":"fdd1a29827927a8e","game":"com.haegin.playtogether2"}
2026-02-26 12:49:46 | {"reason":"user_not_found","key":"JJCA-FURL-LMGG","uid":"fdd1a29827927a8e","device_id":"fdd1a29827927a8e","game":"com.haegin.playtogether2"}
2026-02-26 12:49:55 | {"reason":"user_not_found","key":"yNhEqLaJ7sRplYxo","uid":"fdd1a29827927a8e","device_id":"fdd1a29827927a8e","game":"com.haegin.playtogether2"}
2026-02-26 15:09:47 | {"reason":"uid_mismatch","key":"FreeKey_32754d","uid":"2d6480aa9fdb2182","device_id":"2d6480aa9fdb2182","game":"com.haegin.playtogether2","db_uid":"00418cf39c244936"}
2026-02-26 15:25:30 | {"reason":"user_not_found","key":"BIGBEDM7XRSAPK","uid":"40d3a8625e64deb0","device_id":"40d3a8625e64deb0","game":"com.haegin.playtogether2"}
2026-02-26 15:48:45 | {"reason":"user_not_found","key":"FREE-192aa00b0541a7e","uid":"fdd1a29827927a8e","device_id":"fdd1a29827927a8e","game":"com.haegin.playtogether2"}
2026-02-26 15:48:47 | {"reason":"user_not_found","key":"FREE-192aa00b0541a7e","uid":"fdd1a29827927a8e","device_id":"fdd1a29827927a8e","game":"com.haegin.playtogether2"}
2026-02-26 15:48:48 | {"reason":"user_not_found","key":"FREE-192aa00b0541a7e","uid":"fdd1a29827927a8e","device_id":"fdd1a29827927a8e","game":"com.haegin.playtogether2"}
2026-02-26 15:48:49 | {"reason":"user_not_found","key":"FREE-192aa00b0541a7e","uid":"fdd1a29827927a8e","device_id":"fdd1a29827927a8e","game":"com.haegin.playtogether2"}
2026-02-26 15:48:52 | {"reason":"user_not_found","key":"FREE-192aa00b0541a7e","uid":"fdd1a29827927a8e","device_id":"fdd1a29827927a8e","game":"com.haegin.playtogether2"}
2026-02-26 15:48:56 | {"reason":"user_not_found","key":"FREE-192aa00b0541a7e","uid":"fdd1a29827927a8e","device_id":"fdd1a29827927a8e","game":"com.haegin.playtogether2"}
2026-02-26 15:49:09 | {"reason":"user_not_found","key":"FREE-192aa00b0541a7e","uid":"fdd1a29827927a8e","device_id":"fdd1a29827927a8e","game":"com.haegin.playtogether2"}
2026-02-26 15:49:11 | {"reason":"user_not_found","key":"FREE-192aa00b0541a7e","uid":"fdd1a29827927a8e","device_id":"fdd1a29827927a8e","game":"com.haegin.playtogether2"}
2026-02-26 15:49:12 | {"reason":"user_not_found","key":"FREE-192aa00b0541a7e","uid":"fdd1a29827927a8e","device_id":"fdd1a29827927a8e","game":"com.haegin.playtogether2"}
2026-02-26 15:49:12 | {"reason":"user_not_found","key":"FREE-192aa00b0541a7e","uid":"fdd1a29827927a8e","device_id":"fdd1a29827927a8e","game":"com.haegin.playtogether2"}
2026-02-26 15:49:13 | {"reason":"user_not_found","key":"FREE-192aa00b0541a7e","uid":"fdd1a29827927a8e","device_id":"fdd1a29827927a8e","game":"com.haegin.playtogether2"}
2026-02-26 15:49:13 | {"reason":"user_not_found","key":"FREE-192aa00b0541a7e","uid":"fdd1a29827927a8e","device_id":"fdd1a29827927a8e","game":"com.haegin.playtogether2"}
2026-02-26 15:49:14 | {"reason":"user_not_found","key":"FREE-192aa00b0541a7e","uid":"fdd1a29827927a8e","device_id":"fdd1a29827927a8e","game":"com.haegin.playtogether2"}
2026-02-26 15:49:14 | {"reason":"user_not_found","key":"FREE-192aa00b0541a7e","uid":"fdd1a29827927a8e","device_id":"fdd1a29827927a8e","game":"com.haegin.playtogether2"}
2026-02-26 15:50:32 | {"reason":"user_not_found","key":"FREE-192aa00b0541a7e","uid":"fdd1a29827927a8e","device_id":"fdd1a29827927a8e","game":"com.haegin.playtogether2"}
2026-02-26 15:50:32 | {"reason":"user_not_found","key":"FREE-192aa00b0541a7e","uid":"fdd1a29827927a8e","device_id":"fdd1a29827927a8e","game":"com.haegin.playtogether2"}
2026-02-26 15:50:34 | {"reason":"user_not_found","key":"FREE-192aa00b0541a7e","uid":"fdd1a29827927a8e","device_id":"fdd1a29827927a8e","game":"com.haegin.playtogether2"}
2026-02-26 16:18:27 | {"reason":"user_not_found","key":"FREE_dac8dd3b0c600afb3071b82557043b5e","uid":"75becb5ab1e241df","device_id":"75becb5ab1e241df","game":"com.haegin.playtogether2"}
2026-02-26 16:18:28 | {"reason":"user_not_found","key":"FREE_dac8dd3b0c600afb3071b82557043b5e","uid":"75becb5ab1e241df","device_id":"75becb5ab1e241df","game":"com.haegin.playtogether2"}
2026-02-26 16:19:10 | {"reason":"user_not_found","key":"FREE_dac8dd3b0c600afb3071b82557043b5e","uid":"75becb5ab1e241df","device_id":"75becb5ab1e241df","game":"com.haegin.playtogether2"}
2026-02-26 17:16:14 | {"reason":"user_not_found","key":"@Bomayne99","uid":"001e8687ee8a7008","device_id":"001e8687ee8a7008","game":"com.haegin.playtogether2"}
2026-02-26 17:46:37 | {"reason":"user_not_found","key":"dmdndmd","uid":"a7ad57671d821bbb","device_id":"a7ad57671d821bbb","game":"com.haegin.playtogether2"}
2026-02-26 18:06:59 | {"reason":"user_not_found","key":"https://discord.gg/jVGd52NVbH","uid":"b58f9d59f5d5e6a2","device_id":"b58f9d59f5d5e6a2","game":"com.haegin.playtogether2"}
2026-02-26 18:07:01 | {"reason":"user_not_found","key":"https://discord.gg/jVGd52NVbH","uid":"b58f9d59f5d5e6a2","device_id":"b58f9d59f5d5e6a2","game":"com.haegin.playtogether2"}
2026-02-26 18:24:08 | {"reason":"user_not_found","key":"BIGBEDM7XRSAPK","uid":"40d3a8625e64deb0","device_id":"40d3a8625e64deb0","game":"com.haegin.playtogether2"}
2026-02-26 18:26:11 | {"reason":"user_not_found","key":"BIGBEDM7XRSAPK","uid":"40d3a8625e64deb0","device_id":"40d3a8625e64deb0","game":"com.haegin.playtogether2"}
2026-02-26 18:50:54 | {"reason":"user_not_found","key":"FREEHGV_554WGDQO","uid":"c068e2b56ac79569","device_id":"c068e2b56ac79569","game":"com.haegin.playtogether2"}
2026-02-26 19:16:23 | {"reason":"user_not_found","key":"User: FreeKey_CQr2gy | Game: PLAYTOGETHER PRIME | H\u1ea1n: 1 ng\u00e0y | Thi\u1ebft b\u1ecb: 0/1","uid":"45b5ed43f3f0fc26","device_id":"45b5ed43f3f0fc26","game":"com.haegin.playtogether2"}
2026-02-26 20:24:32 | {"reason":"user_not_found","key":"User: FreeKey_Wd5lqf | Game: PLAYTOGETHER PRIME | H\u1ea1n: 1 ng\u00e0y | Thi\u1ebft b\u1ecb: 0/1","uid":"0422f6e3537c48e8","device_id":"0422f6e3537c48e8","game":"com.haegin.playtogether2"}
2026-02-26 20:24:49 | {"reason":"user_not_found","key":"User: FreeKey_Wd5lqf | Game: PLAYTOGETHER PRIME | H\u1ea1n: 1 ng\u00e0y | Thi\u1ebft b\u1ecb: 0/1","uid":"0422f6e3537c48e8","device_id":"0422f6e3537c48e8","game":"com.haegin.playtogether2"}
2026-02-26 21:48:00 | {"reason":"user_not_found","key":"IOSVIP-day-x6NdupdCRoTdZOso","uid":"e148418e275e4888","device_id":"e148418e275e4888","game":"com.haegin.playtogether2"}
2026-02-26 21:48:04 | {"reason":"user_not_found","key":"IOSVIP-day-x6NdupdCRoTdZOso","uid":"e148418e275e4888","device_id":"e148418e275e4888","game":"com.haegin.playtogether2"}
2026-02-26 21:48:05 | {"reason":"user_not_found","key":"IOSVIP-day-x6NdupdCRoTdZOso","uid":"e148418e275e4888","device_id":"e148418e275e4888","game":"com.haegin.playtogether2"}
2026-02-26 21:48:15 | {"reason":"user_not_found","key":"Iosvip-day-x6ndupdcrotdzoso","uid":"e148418e275e4888","device_id":"e148418e275e4888","game":"com.haegin.playtogether2"}
2026-02-26 21:50:00 | {"reason":"user_not_found","key":"4cnQ5PT8EJ9ZkeHh","uid":"6b761e46c296bf31","device_id":"6b761e46c296bf31","game":"com.haegin.playtogether2"}
2026-02-26 21:50:03 | {"reason":"user_not_found","key":"4cnQ5PT8EJ9ZkeHh","uid":"6b761e46c296bf31","device_id":"6b761e46c296bf31","game":"com.haegin.playtogether2"}
2026-02-26 22:18:52 | {"reason":"user_not_found","key":"https://yeulink.com/member","uid":"6b761e46c296bf31","device_id":"6b761e46c296bf31","game":"com.haegin.playtogether2"}
2026-02-26 23:18:15 | {"reason":"user_not_found","key":"MODZONE_TESTFEE","uid":"0a6d99622c88cd12","device_id":"0a6d99622c88cd12","game":"com.haegin.playtogether2"}
2026-02-26 23:18:21 | {"reason":"user_not_found","key":"MODZONE_TESTFEE","uid":"0a6d99622c88cd12","device_id":"0a6d99622c88cd12","game":"com.haegin.playtogether2"}
2026-02-26 23:18:35 | {"reason":"user_not_found","key":"MODZONE_TESTFEE","uid":"0a6d99622c88cd12","device_id":"0a6d99622c88cd12","game":"com.haegin.playtogether2"}
2026-02-26 23:34:21 | {"reason":"user_not_found","key":"4TNsm7vx","uid":"14803b1f96e61543","device_id":"14803b1f96e61543","game":"com.haegin.playtogether2"}
2026-02-26 23:39:13 | {"reason":"user_not_found","key":"Nbgm-dOiv5lggNygX","uid":"c7ccd248ae96124a","device_id":"c7ccd248ae96124a","game":"com.haegin.playtogether2"}
2026-02-27 00:52:39 | {"reason":"user_not_found","key":"4tNmThNt","uid":"0fda5c23c7f346ad","device_id":"0fda5c23c7f346ad","game":"com.haegin.playtogether2"}
2026-02-27 01:33:19 | {"reason":"user_not_found","key":"AYPT:7fde8b806","uid":"43a5e63bf893c31b","device_id":"43a5e63bf893c31b","game":"com.haegin.playtogether2"}
2026-02-27 07:18:23 | {"reason":"user_not_found","key":"fnSmOU8KdFVhDx0q","uid":"5f782a3e2348a590","device_id":"5f782a3e2348a590","game":"com.haegin.playtogether2"}
2026-02-27 07:18:25 | {"reason":"user_not_found","key":"fnSmOU8KdFVhDx0q","uid":"5f782a3e2348a590","device_id":"5f782a3e2348a590","game":"com.haegin.playtogether2"}
2026-02-27 07:18:28 | {"reason":"user_not_found","key":"fnSmOU8KdFVhDx0q","uid":"5f782a3e2348a590","device_id":"5f782a3e2348a590","game":"com.haegin.playtogether2"}
2026-02-27 07:18:35 | {"reason":"user_not_found","key":"fnSmOU8KdFVhDx0q","uid":"5f782a3e2348a590","device_id":"5f782a3e2348a590","game":"com.haegin.playtogether2"}
2026-02-27 07:18:41 | {"reason":"user_not_found","key":"fnSmOU8KdFVhDx0q","uid":"5f782a3e2348a590","device_id":"5f782a3e2348a590","game":"com.haegin.playtogether2"}
2026-02-27 10:34:35 | {"reason":"user_not_found","key":"8JFS-ZSHL-LMGY","uid":"c1401d2d25b2c564","device_id":"c1401d2d25b2c564","game":"com.haegin.playtogether2"}
2026-02-27 10:34:38 | {"reason":"user_not_found","key":"8JFS-ZSHL-LMGY","uid":"c1401d2d25b2c564","device_id":"c1401d2d25b2c564","game":"com.haegin.playtogether2"}
2026-02-27 11:11:05 | {"reason":"user_not_found","key":"MODZONEFREE_E92RTLKG","uid":"c1401d2d25b2c564","device_id":"c1401d2d25b2c564","game":"com.haegin.playtogether2"}
2026-02-27 11:15:08 | {"reason":"user_not_found","key":"FREE_707b766a71ea04f01b1879c11d17e200","uid":"2e7b5bfb2a4e2c66","device_id":"2e7b5bfb2a4e2c66","game":"com.haegin.playtogether2"}
2026-02-27 11:16:37 | {"reason":"user_not_found","key":"MODZONEFREE_E92RTLKG","uid":"c1401d2d25b2c564","device_id":"c1401d2d25b2c564","game":"com.haegin.playtogether2"}
2026-02-27 11:28:41 | {"reason":"user_not_found","key":"MODZONEFREE_E92RTLKG","uid":"c1401d2d25b2c564","device_id":"c1401d2d25b2c564","game":"com.haegin.playtogether2"}
2026-02-27 17:24:07 | {"reason":"user_not_found","key":"MODZONEFREE_E92RTLKG","uid":"c1401d2d25b2c564","device_id":"c1401d2d25b2c564","game":"com.haegin.playtogether2"}
2026-02-27 18:21:36 | {"reason":"user_not_found","key":"BTO5MfHyARm6w","uid":"00f64697c90b8afa","device_id":"00f64697c90b8afa","game":"com.haegin.playtogether2"}
2026-02-27 18:35:19 | {"reason":"user_not_found","key":"Pj3Hc2vgKOnqLQ4Z","uid":"2e7b5bfb2a4e2c66","device_id":"2e7b5bfb2a4e2c66","game":"com.haegin.playtogether2"}
2026-02-27 18:35:21 | {"reason":"user_not_found","key":"Pj3Hc2vgKOnqLQ4Z","uid":"2e7b5bfb2a4e2c66","device_id":"2e7b5bfb2a4e2c66","game":"com.haegin.playtogether2"}
2026-02-27 18:35:30 | {"reason":"user_not_found","key":"Hnx4vTP9","uid":"bc22c50433c75867","device_id":"bc22c50433c75867","game":"com.haegin.playtogether2"}
2026-02-27 18:35:31 | {"reason":"user_not_found","key":"Hnx4vTP9","uid":"bc22c50433c75867","device_id":"bc22c50433c75867","game":"com.haegin.playtogether2"}
2026-02-27 19:42:52 | {"reason":"user_not_found","key":"ae888 rocks","uid":"8845f159bdc4ac77","device_id":"8845f159bdc4ac77","game":"com.haegin.playtogether2"}
2026-02-27 20:15:08 | {"reason":"user_not_found","key":"KTUNPLAY_U8PRXEHK","uid":"2ecbb93baf7a9f4b","device_id":"2ecbb93baf7a9f4b","game":"com.haegin.playtogether2"}
2026-02-27 20:28:21 | {"reason":"user_not_found","key":"TP4CJBCm","uid":"c44d27f73a012483","device_id":"c44d27f73a012483","game":"com.haegin.playtogether2"}
2026-02-27 20:35:56 | {"reason":"user_not_found","key":"User: FreeKey_oND27B | Game: PLAYTOGETHER PRIME | H\u1ea1n: 1 ng\u00e0y | Thi\u1ebft b\u1ecb: 0/1","uid":"7fac2fdb23202736","device_id":"7fac2fdb23202736","game":"com.haegin.playtogether2"}
2026-02-27 20:35:57 | {"reason":"user_not_found","key":"User: FreeKey_oND27B | Game: PLAYTOGETHER PRIME | H\u1ea1n: 1 ng\u00e0y | Thi\u1ebft b\u1ecb: 0/1","uid":"7fac2fdb23202736","device_id":"7fac2fdb23202736","game":"com.haegin.playtogether2"}
2026-02-27 21:19:11 | {"reason":"user_not_found","key":"TTSPLAYCAQAKEC5OW","uid":"f6275cc090bf14ff","device_id":"f6275cc090bf14ff","game":"com.haegin.playtogether2"}
2026-02-27 21:20:27 | {"reason":"user_not_found","key":"7ff6cf57-7814-47c2-a826-797e126ef711","uid":"b7acfb485dd79cf8","device_id":"b7acfb485dd79cf8","game":"com.haegin.playtogether2"}
2026-02-27 21:20:28 | {"reason":"user_not_found","key":"7ff6cf57-7814-47c2-a826-797e126ef711","uid":"b7acfb485dd79cf8","device_id":"b7acfb485dd79cf8","game":"com.haegin.playtogether2"}
2026-02-27 21:23:02 | {"reason":"user_not_found","key":"nhat1061998","uid":"fa7bb371b7f340bd","device_id":"fa7bb371b7f340bd","game":"com.haegin.playtogether2"}
2026-02-27 21:37:25 | {"reason":"user_not_found","key":"YeuLink","uid":"98ecbfec89e4eb81","device_id":"98ecbfec89e4eb81","game":"com.haegin.playtogether2"}
2026-02-28 09:24:14 | {"reason":"user_not_found","key":"TPPW524j","uid":"9732207eaeb7dae4","device_id":"9732207eaeb7dae4","game":"com.haegin.playtogether2"}
2026-02-28 10:10:26 | {"reason":"user_not_found","key":"GTBVIP-LZLIVXMN","uid":"e9229594ce0a34a0","device_id":"e9229594ce0a34a0","game":"com.haegin.playtogether2"}
2026-02-28 10:10:59 | {"reason":"user_not_found","key":"GTBVIP-LZLIVXMN","uid":"e9229594ce0a34a0","device_id":"e9229594ce0a34a0","game":"com.haegin.playtogether2"}
2026-02-28 10:13:14 | {"reason":"user_not_found","key":"GTBVIP-LZLIVXMN","uid":"e9229594ce0a34a0","device_id":"e9229594ce0a34a0","game":"com.haegin.playtogether2"}
2026-02-28 11:01:25 | {"reason":"user_not_found","key":"HGV_TEST","uid":"7a2828dd4885c7af","device_id":"7a2828dd4885c7af","game":"com.haegin.playtogether2"}
2026-02-28 11:02:09 | {"reason":"user_not_found","key":"HGV_TEST","uid":"7a2828dd4885c7af","device_id":"7a2828dd4885c7af","game":"com.haegin.playtogether2"}
2026-02-28 11:03:37 | {"reason":"user_not_found","key":"HGV_TEST","uid":"7a2828dd4885c7af","device_id":"7a2828dd4885c7af","game":"com.haegin.playtogether2"}
2026-02-28 11:04:22 | {"reason":"user_not_found","key":"https://kissmodkey.online/PLAY_VNG_2.24.1.apk","uid":"fa0f21ee27da51b5","device_id":"fa0f21ee27da51b5","game":"com.haegin.playtogether2"}
2026-02-28 11:05:59 | {"reason":"user_not_found","key":"HGV_TEST","uid":"7a2828dd4885c7af","device_id":"7a2828dd4885c7af","game":"com.haegin.playtogether2"}
2026-02-28 12:43:29 | {"reason":"user_not_found","key":"FREEHGV_XMGAUEQP","uid":"98ecbfec89e4eb81","device_id":"98ecbfec89e4eb81","game":"com.haegin.playtogether2"}
2026-02-28 13:50:49 | {"reason":"user_not_found","key":"modzone_testfree","uid":"a11caf01a16522dc","device_id":"a11caf01a16522dc","game":"com.haegin.playtogether2"}
2026-02-28 13:51:26 | {"reason":"user_not_found","key":"modzone_testfree","uid":"a11caf01a16522dc","device_id":"a11caf01a16522dc","game":"com.haegin.playtogether2"}
2026-02-28 14:23:05 | {"reason":"user_not_found","key":"FREEHGV_S5NSU2QA","uid":"b82ad507ed572a04","device_id":"b82ad507ed572a04","game":"com.haegin.playtogether2"}
2026-02-28 14:24:06 | {"reason":"user_not_found","key":"FREEHGV_S5NSU2QA","uid":"b82ad507ed572a04","device_id":"b82ad507ed572a04","game":"com.haegin.playtogether2"}
2026-02-28 14:24:26 | {"reason":"user_not_found","key":"qweasz","uid":"5ba85e4bae77a897","device_id":"5ba85e4bae77a897","game":"com.haegin.playtogether2"}
2026-02-28 14:24:28 | {"reason":"user_not_found","key":"qweasz","uid":"5ba85e4bae77a897","device_id":"5ba85e4bae77a897","game":"com.haegin.playtogether2"}
2026-02-28 14:24:29 | {"reason":"user_not_found","key":"qweasz","uid":"5ba85e4bae77a897","device_id":"5ba85e4bae77a897","game":"com.haegin.playtogether2"}
2026-02-28 14:24:45 | {"reason":"user_not_found","key":"qwertyu123#\u20ab","uid":"5ba85e4bae77a897","device_id":"5ba85e4bae77a897","game":"com.haegin.playtogether2"}
2026-02-28 14:24:45 | {"reason":"user_not_found","key":"qwertyu123#\u20ab","uid":"5ba85e4bae77a897","device_id":"5ba85e4bae77a897","game":"com.haegin.playtogether2"}
2026-02-28 14:24:50 | {"reason":"user_not_found","key":"qwertyu123#\u20ab","uid":"5ba85e4bae77a897","device_id":"5ba85e4bae77a897","game":"com.haegin.playtogether2"}
2026-02-28 14:24:51 | {"reason":"user_not_found","key":"qwertyu123#\u20ab","uid":"5ba85e4bae77a897","device_id":"5ba85e4bae77a897","game":"com.haegin.playtogether2"}
2026-02-28 14:24:52 | {"reason":"user_not_found","key":"qwertyu123#\u20ab","uid":"5ba85e4bae77a897","device_id":"5ba85e4bae77a897","game":"com.haegin.playtogether2"}
2026-02-28 14:24:52 | {"reason":"user_not_found","key":"qwertyu123#\u20ab","uid":"5ba85e4bae77a897","device_id":"5ba85e4bae77a897","game":"com.haegin.playtogether2"}
2026-02-28 14:24:53 | {"reason":"user_not_found","key":"qwertyu123#\u20ab","uid":"5ba85e4bae77a897","device_id":"5ba85e4bae77a897","game":"com.haegin.playtogether2"}
2026-02-28 14:25:01 | {"reason":"user_not_found","key":"qwertyu123#\u20abjejs","uid":"5ba85e4bae77a897","device_id":"5ba85e4bae77a897","game":"com.haegin.playtogether2"}
2026-02-28 14:25:06 | {"reason":"user_not_found","key":"wishdhd","uid":"5ba85e4bae77a897","device_id":"5ba85e4bae77a897","game":"com.haegin.playtogether2"}
2026-02-28 14:28:11 | {"reason":"user_not_found","key":"qsjsh182#(@+","uid":"5ba85e4bae77a897","device_id":"5ba85e4bae77a897","game":"com.haegin.playtogether2"}
2026-02-28 14:28:12 | {"reason":"user_not_found","key":"qsjsh182#(@+","uid":"5ba85e4bae77a897","device_id":"5ba85e4bae77a897","game":"com.haegin.playtogether2"}
2026-02-28 14:30:07 | {"reason":"user_not_found","key":"FREEHGV_S5NSU2QA","uid":"b82ad507ed572a04","device_id":"b82ad507ed572a04","game":"com.haegin.playtogether2"}
2026-02-28 14:30:45 | {"reason":"user_not_found","key":"FREEHGV_S5NSU2QA","uid":"b82ad507ed572a04","device_id":"b82ad507ed572a04","game":"com.haegin.playtogether2"}
2026-02-28 14:39:13 | {"reason":"user_not_found","key":"TTSPLAYCAQAKEC50W","uid":"d11536abc18bc891","device_id":"d11536abc18bc891","game":"com.haegin.playtogether2"}
2026-02-28 14:39:15 | {"reason":"user_not_found","key":"TTSPLAYCAQAKEC50W","uid":"d11536abc18bc891","device_id":"d11536abc18bc891","game":"com.haegin.playtogether2"}
2026-02-28 14:39:38 | {"reason":"user_not_found","key":"FREEHGV_6ITVQJMD","uid":"7381c058833e8b16","device_id":"7381c058833e8b16","game":"com.haegin.playtogether2"}
2026-02-28 14:39:51 | {"reason":"user_not_found","key":"HGV_TEST","uid":"d11536abc18bc891","device_id":"d11536abc18bc891","game":"com.haegin.playtogether2"}
2026-02-28 14:40:09 | {"reason":"user_not_found","key":"FREEHGV_S5NSU2QA","uid":"b82ad507ed572a04","device_id":"b82ad507ed572a04","game":"com.haegin.playtogether2"}
2026-02-28 14:45:01 | {"reason":"user_not_found","key":"FREEHGV_6ITVQJMD","uid":"7381c058833e8b16","device_id":"7381c058833e8b16","game":"com.haegin.playtogether2"}
2026-02-28 15:03:17 | {"reason":"user_not_found","key":"FREEHGV_S5NSU2QA","uid":"b82ad507ed572a04","device_id":"b82ad507ed572a04","game":"com.haegin.playtogether2"}
2026-02-28 15:04:16 | {"reason":"user_not_found","key":"FREEHGV_S5NSU2QA","uid":"b82ad507ed572a04","device_id":"b82ad507ed572a04","game":"com.haegin.playtogether2"}
2026-02-28 15:34:52 | {"reason":"user_not_found","key":"FREEHGV_S5NSU2QA","uid":"b82ad507ed572a04","device_id":"b82ad507ed572a04","game":"com.haegin.playtogether2"}
2026-02-28 15:43:52 | {"reason":"user_not_found","key":"FREEHGV_S5NSU2QA","uid":"b82ad507ed572a04","device_id":"b82ad507ed572a04","game":"com.haegin.playtogether2"}
2026-02-28 16:18:07 | {"reason":"user_not_found","key":"FREEHGV_S5NSU2QA","uid":"b82ad507ed572a04","device_id":"b82ad507ed572a04","game":"com.haegin.playtogether2"}
2026-02-28 16:30:12 | {"reason":"user_not_found","key":"FREEHGV_S5NSU2QA","uid":"b82ad507ed572a04","device_id":"b82ad507ed572a04","game":"com.haegin.playtogether2"}
2026-02-28 16:35:40 | {"reason":"user_not_found","key":"FREEHGV_S5NSU2QA","uid":"b82ad507ed572a04","device_id":"b82ad507ed572a04","game":"com.haegin.playtogether2"}
2026-02-28 16:44:28 | {"reason":"user_not_found","key":"nsjskan1233@#\u20ab+\\","uid":"5ba85e4bae77a897","device_id":"5ba85e4bae77a897","game":"com.haegin.playtogether2"}
2026-02-28 16:44:41 | {"reason":"user_not_found","key":"nsjskan1233@#\u20ab+\\","uid":"5ba85e4bae77a897","device_id":"5ba85e4bae77a897","game":"com.haegin.playtogether2"}
2026-02-28 16:44:44 | {"reason":"user_not_found","key":"nsjskan1233@#\u20ab+\\","uid":"5ba85e4bae77a897","device_id":"5ba85e4bae77a897","game":"com.haegin.playtogether2"}
2026-02-28 16:44:56 | {"reason":"user_not_found","key":"nsjskan1233@#\u20ab+\\","uid":"5ba85e4bae77a897","device_id":"5ba85e4bae77a897","game":"com.haegin.playtogether2"}
2026-02-28 17:01:39 | {"reason":"user_not_found","key":"k\u00e8o nh\u00e0 c\u00e1i","uid":"66b0159ab7f258be","device_id":"66b0159ab7f258be","game":"com.haegin.playtogether2"}
2026-02-28 17:05:31 | {"reason":"user_not_found","key":"FREEHGV_S5NSU2QA","uid":"b82ad507ed572a04","device_id":"b82ad507ed572a04","game":"com.haegin.playtogether2"}
2026-02-28 17:26:44 | {"reason":"user_not_found","key":"@Hacker\ud83d\udcbb\ud83d\udc69\ud83c\udffb\u200d\ud83d\udcbb:https://playtogethermodhack.cfd/","uid":"a51ff6d60c5a7e23","device_id":"a51ff6d60c5a7e23","game":"com.haegin.playtogether2"}
2026-02-28 17:29:56 | {"reason":"user_not_found","key":"KTVIP_MKZSWQTL","uid":"a51ff6d60c5a7e23","device_id":"a51ff6d60c5a7e23","game":"com.haegin.playtogether2"}
2026-02-28 17:30:58 | {"reason":"user_not_found","key":"KISSDZ","uid":"240eb2fbd8cb6ce0","device_id":"240eb2fbd8cb6ce0","game":"com.haegin.playtogether2"}
2026-02-28 17:34:30 | {"reason":"user_not_found","key":"FREEHGV_S5NSU2QA","uid":"b82ad507ed572a04","device_id":"b82ad507ed572a04","game":"com.haegin.playtogether2"}
2026-02-28 18:00:25 | {"reason":"user_not_found","key":"HGV_TETS","uid":"228aca3ebb2d6fa9","device_id":"228aca3ebb2d6fa9","game":"com.haegin.playtogether2"}
2026-02-28 18:03:11 | {"reason":"user_not_found","key":"HGV_IIECGVNW","uid":"feb7231822597e12","device_id":"feb7231822597e12","game":"com.haegin.playtogether2"}
2026-02-28 18:03:40 | {"reason":"user_not_found","key":"HGV_TEST","uid":"feb7231822597e12","device_id":"feb7231822597e12","game":"com.haegin.playtogether2"}
2026-02-28 18:19:26 | {"reason":"user_not_found","key":"TTSPLAYCAQAKEC5OW","uid":"228aca3ebb2d6fa9","device_id":"228aca3ebb2d6fa9","game":"com.haegin.playtogether2"}
2026-02-28 18:36:33 | {"reason":"user_not_found","key":"HGV_7NGAY_NCJQQE9M","uid":"98e95bf02b7feffd","device_id":"98e95bf02b7feffd","game":"com.haegin.playtogether2"}
2026-02-28 18:37:23 | {"reason":"user_not_found","key":"FREEHGV_S5NSU2QA","uid":"b82ad507ed572a04","device_id":"b82ad507ed572a04","game":"com.haegin.playtogether2"}
2026-02-28 18:39:49 | {"reason":"user_not_found","key":"HGV_7NGAY_NCJQQE9M","uid":"98e95bf02b7feffd","device_id":"98e95bf02b7feffd","game":"com.haegin.playtogether2"}
2026-02-28 18:40:28 | {"reason":"user_not_found","key":"HGV_7NGAY_NCJQQE9M","uid":"98e95bf02b7feffd","device_id":"98e95bf02b7feffd","game":"com.haegin.playtogether2"}
2026-02-28 18:45:51 | {"reason":"user_not_found","key":"HGV_7NGAY_NCJQQE9M","uid":"98e95bf02b7feffd","device_id":"98e95bf02b7feffd","game":"com.haegin.playtogether2"}
2026-02-28 18:46:46 | {"reason":"user_not_found","key":"HGV_7NGAY_NCJQQE9M","uid":"98e95bf02b7feffd","device_id":"98e95bf02b7feffd","game":"com.haegin.playtogether2"}
2026-02-28 18:51:26 | {"reason":"user_not_found","key":"HGV_7NGAY_NCJQQE9M","uid":"98e95bf02b7feffd","device_id":"98e95bf02b7feffd","game":"com.haegin.playtogether2"}
2026-02-28 18:53:24 | {"reason":"user_not_found","key":"KTVIP_MKZSWQTL","uid":"a51ff6d60c5a7e23","device_id":"a51ff6d60c5a7e23","game":"com.haegin.playtogether2"}
2026-02-28 18:55:04 | {"reason":"user_not_found","key":"HGV_7NGAY_NCJQQE9M","uid":"98e95bf02b7feffd","device_id":"98e95bf02b7feffd","game":"com.haegin.playtogether2"}
2026-02-28 19:04:10 | {"reason":"user_not_found","key":"HGV_7NGAY_NCJQQE9M","uid":"98e95bf02b7feffd","device_id":"98e95bf02b7feffd","game":"com.haegin.playtogether2"}
2026-02-28 19:06:03 | {"reason":"user_not_found","key":"HGV_7NGAY_NCJQQE9M","uid":"98e95bf02b7feffd","device_id":"98e95bf02b7feffd","game":"com.haegin.playtogether2"}
2026-02-28 19:06:41 | {"reason":"user_not_found","key":"HGV_7NGAY_NCJQQE9M","uid":"98e95bf02b7feffd","device_id":"98e95bf02b7feffd","game":"com.haegin.playtogether2"}
2026-02-28 19:08:37 | {"reason":"user_not_found","key":"HGV_7NGAY_NCJQQE9M","uid":"98e95bf02b7feffd","device_id":"98e95bf02b7feffd","game":"com.haegin.playtogether2"}
2026-02-28 19:09:31 | {"reason":"user_not_found","key":"HGV_7NGAY_NCJQQE9M","uid":"98e95bf02b7feffd","device_id":"98e95bf02b7feffd","game":"com.haegin.playtogether2"}
2026-02-28 19:10:51 | {"reason":"user_not_found","key":"HGV_7NGAY_NCJQQE9M","uid":"98e95bf02b7feffd","device_id":"98e95bf02b7feffd","game":"com.haegin.playtogether2"}
2026-02-28 19:13:12 | {"reason":"user_not_found","key":"https://fnote.net/notes/L7wQwa","uid":"b82ad507ed572a04","device_id":"b82ad507ed572a04","game":"com.haegin.playtogether2"}
2026-02-28 19:13:13 | {"reason":"user_not_found","key":"https://fnote.net/notes/L7wQwa","uid":"b82ad507ed572a04","device_id":"b82ad507ed572a04","game":"com.haegin.playtogether2"}
2026-02-28 19:13:15 | {"reason":"user_not_found","key":"https://fnote.net/notes/L7wQwa","uid":"b82ad507ed572a04","device_id":"b82ad507ed572a04","game":"com.haegin.playtogether2"}
2026-02-28 19:13:51 | {"reason":"user_not_found","key":"HGV_7NGAY_NCJQQE9M","uid":"98e95bf02b7feffd","device_id":"98e95bf02b7feffd","game":"com.haegin.playtogether2"}
2026-02-28 19:15:50 | {"reason":"user_not_found","key":"https://fnote.net/notes/L7wQwa","uid":"b82ad507ed572a04","device_id":"b82ad507ed572a04","game":"com.haegin.playtogether2"}
2026-02-28 19:16:13 | {"reason":"user_not_found","key":"FREEHGV_S5NSU2QA","uid":"b82ad507ed572a04","device_id":"b82ad507ed572a04","game":"com.haegin.playtogether2"}
2026-02-28 19:16:39 | {"reason":"user_not_found","key":"HGV_7NGAY_NCJQQE9M","uid":"98e95bf02b7feffd","device_id":"98e95bf02b7feffd","game":"com.haegin.playtogether2"}
2026-02-28 19:32:58 | {"reason":"user_not_found","key":"KTVIP_MKZSWQTL","uid":"9d3f333246682520","device_id":"9d3f333246682520","game":"com.haegin.playtogether2"}
2026-02-28 19:34:35 | {"reason":"user_not_found","key":"KTVIP_MKZSWQTL","uid":"9d3f333246682520","device_id":"9d3f333246682520","game":"com.haegin.playtogether2"}
2026-02-28 20:27:05 | {"reason":"user_not_found","key":"adb shell sh /storage/emulated/0/Android/data/moe.shizuku.privileged.api/start.sh","uid":"e63138b90224df7d","device_id":"e63138b90224df7d","game":"com.haegin.playtogether2"}
2026-02-28 20:27:09 | {"reason":"user_not_found","key":"adb shell sh /storage/emulated/0/Android/data/moe.shizuku.privileged.api/start.sh","uid":"e63138b90224df7d","device_id":"e63138b90224df7d","game":"com.haegin.playtogether2"}
2026-02-28 20:27:36 | {"reason":"user_not_found","key":"adb shell sh /storage/emulated/0/Android/data/moe.shizuku.privileged.api/start.sh","uid":"e63138b90224df7d","device_id":"e63138b90224df7d","game":"com.haegin.playtogether2"}
2026-02-28 20:27:48 | {"reason":"user_not_found","key":"adb shell sh /storage/emulated/0/Android/data/moe.shizuku.privileged.api/start.sh","uid":"e63138b90224df7d","device_id":"e63138b90224df7d","game":"com.haegin.playtogether2"}
2026-02-28 20:28:32 | {"reason":"user_not_found","key":"adb shell sh /storage/emulated/0/Android/data/moe.shizuku.privileged.api/start.sh","uid":"e63138b90224df7d","device_id":"e63138b90224df7d","game":"com.haegin.playtogether2"}
2026-02-28 22:42:27 | {"reason":"user_not_found","key":"XO3VHC","uid":"61205519d4eaae42","device_id":"61205519d4eaae42","game":"com.haegin.playtogether2"}
2026-02-28 22:58:40 | {"reason":"uid_mismatch","key":"FreeKey_4ZXY8z","uid":"563182dd0aa90f80","device_id":"563182dd0aa90f80","game":"com.haegin.playtogether2","db_uid":"4e2bca0c2c206219"}
2026-02-28 22:58:44 | {"reason":"uid_mismatch","key":"FreeKey_4ZXY8z","uid":"563182dd0aa90f80","device_id":"563182dd0aa90f80","game":"com.haegin.playtogether2","db_uid":"4e2bca0c2c206219"}
2026-02-28 22:58:59 | {"reason":"uid_mismatch","key":"FreeKey_4ZXY8z","uid":"563182dd0aa90f80","device_id":"563182dd0aa90f80","game":"com.haegin.playtogether2","db_uid":"4e2bca0c2c206219"}
2026-02-28 23:14:15 | {"reason":"user_not_found","key":"LYITSJ","uid":"563182dd0aa90f80","device_id":"563182dd0aa90f80","game":"com.haegin.playtogether2"}
2026-03-01 00:05:15 | {"reason":"user_not_found","key":"key kh\u00f4ng h\u1ee3p l\u1ec7","uid":"874a786394e47b9c","device_id":"874a786394e47b9c","game":"com.haegin.playtogether2"}
2026-03-01 00:28:01 | {"reason":"user_not_found","key":"KTVIP_MKZSWQTL","uid":"a51ff6d60c5a7e23","device_id":"a51ff6d60c5a7e23","game":"com.haegin.playtogether2"}
2026-03-01 00:28:33 | {"reason":"user_not_found","key":"KTVIP_MKZSWQTL","uid":"a51ff6d60c5a7e23","device_id":"a51ff6d60c5a7e23","game":"com.haegin.playtogether2"}
2026-03-01 00:55:49 | {"reason":"uid_mismatch","key":"12345","uid":"b26d0686573da73f","device_id":"b26d0686573da73f","game":"com.haegin.playtogether2","db_uid":"35e4ffdb6950f6ac"}
2026-03-01 01:19:17 | {"reason":"user_not_found","key":"\ud83d\udca5Link c\u00e0i b\u1ea3n m\u1edbi v\u00e0 key test d\u01b0\u1edbi \u0111\u00e2y\\n\\nhttps://www.mediafire.com/file/i50gg2rdc4udify/PLUGINS_V1_1.apk/file\\n\\nKey: BIGBEDM7XRSAPK\\n\\nM\u1ecdi ng\u01b0\u1eddi l\u00e0m theo video \u1edf tr\u00ean n\u1ebfu c\u00f3 l\u1ed7i g\u00ec th\u00ec quay video b\u00e1o cho kh\u1ea7y nha","uid":"60ddff7187233227","device_id":"60ddff7187233227","game":"com.haegin.playtogether2"}
2026-03-01 08:06:35 | {"reason":"user_not_found","key":"https://kissmodkey.online/PLAY_VNG_2.24.1.apk","uid":"87b042c4e9132b81","device_id":"87b042c4e9132b81","game":"com.haegin.playtogether2"}
2026-03-01 08:06:42 | {"reason":"user_not_found","key":"https://kissmodkey.online/PLAY_VNG_2.24.1.apk","uid":"87b042c4e9132b81","device_id":"87b042c4e9132b81","game":"com.haegin.playtogether2"}
2026-03-01 09:19:08 | {"reason":"user_not_found","key":"modzone_testfree","uid":"90974725a5953fab","device_id":"90974725a5953fab","game":"com.haegin.playtogether2"}
2026-03-01 09:21:49 | {"reason":"user_not_found","key":"modzone_testfree","uid":"90974725a5953fab","device_id":"90974725a5953fab","game":"com.haegin.playtogether2"}
2026-03-01 09:30:47 | {"reason":"user_not_found","key":"modzone_testfree","uid":"90974725a5953fab","device_id":"90974725a5953fab","game":"com.haegin.playtogether2"}
2026-03-01 11:13:48 | {"reason":"user_not_found","key":"104232","uid":"468e45b66fd221c3","device_id":"468e45b66fd221c3","game":"com.haegin.playtogether2"}
2026-03-01 11:22:42 | {"reason":"user_not_found","key":"Key \u0111\u00e3 \u0111\u01b0\u1ee3c s\u1eed d\u1ee5ng!","uid":"241600180cdb1019","device_id":"241600180cdb1019","game":"com.haegin.playtogether2"}
2026-03-01 14:24:01 | {"reason":"user_not_found","key":"4FOfOo","uid":"5f11b623714d80c8","device_id":"5f11b623714d80c8","game":"com.haegin.playtogether2"}
2026-03-01 16:39:48 | {"reason":"user_not_found","key":"HVG_TEST","uid":"638b65038c824d44","device_id":"638b65038c824d44","game":"com.haegin.playtogether2"}
2026-03-01 16:40:51 | {"reason":"user_not_found","key":"HGV_TEST","uid":"638b65038c824d44","device_id":"638b65038c824d44","game":"com.haegin.playtogether2"}
2026-03-01 16:41:46 | {"reason":"user_not_found","key":"HGV_TEST","uid":"638b65038c824d44","device_id":"638b65038c824d44","game":"com.haegin.playtogether2"}
2026-03-01 16:45:53 | {"reason":"user_not_found","key":"HGV_TEST","uid":"638b65038c824d44","device_id":"638b65038c824d44","game":"com.haegin.playtogether2"}
2026-03-01 16:58:38 | {"reason":"user_not_found","key":"dankey","uid":"4ef643ae1d4a951b","device_id":"4ef643ae1d4a951b","game":"com.haegin.playtogether2"}
2026-03-01 17:25:02 | {"reason":"user_not_found","key":"SHOP16CC4N7M_MWFTB8FY","uid":"6ecb447490ce5947","device_id":"6ecb447490ce5947","game":"com.haegin.playtogether2"}
2026-03-01 17:25:17 | {"reason":"user_not_found","key":"SHOP16CC4N7M_MWFTB8FY","uid":"6ecb447490ce5947","device_id":"6ecb447490ce5947","game":"com.haegin.playtogether2"}
2026-03-01 17:27:05 | {"reason":"user_not_found","key":"SHOP16CC4N7M_MWFTB8FY","uid":"6ecb447490ce5947","device_id":"6ecb447490ce5947","game":"com.haegin.playtogether2"}
2026-03-01 19:13:52 | {"reason":"user_not_found","key":"IOSVIP-day-uylYLaWxyMyTqf1D","uid":"be1156cfaf04799f","device_id":"be1156cfaf04799f","game":"com.haegin.playtogether2"}
2026-03-01 19:21:25 | {"reason":"user_not_found","key":"IOSVIP-day-uylYLaWxyMyTqf1D","uid":"be1156cfaf04799f","device_id":"be1156cfaf04799f","game":"com.haegin.playtogether2"}
2026-03-01 19:21:30 | {"reason":"user_not_found","key":"IOSVIP-day-uylYLaWxyMyTqf1D","uid":"be1156cfaf04799f","device_id":"be1156cfaf04799f","game":"com.haegin.playtogether2"}
2026-03-01 21:13:55 | {"reason":"user_not_found","key":"SHOP82KCVARA_RL4AEVGL","uid":"842f77c76beacdc3","device_id":"842f77c76beacdc3","game":"com.haegin.playtogether2"}
2026-03-01 21:17:42 | {"reason":"user_not_found","key":"SHOP82KCVARA_RL4AEVGL","uid":"842f77c76beacdc3","device_id":"842f77c76beacdc3","game":"com.haegin.playtogether2"}
2026-03-01 21:20:14 | {"reason":"user_not_found","key":"SHOP82KCVARA_RL4AEVGL","uid":"842f77c76beacdc3","device_id":"842f77c76beacdc3","game":"com.haegin.playtogether2"}
2026-03-01 21:27:19 | {"reason":"user_not_found","key":"SHOP82KCVARA_RL4AEVGL","uid":"842f77c76beacdc3","device_id":"842f77c76beacdc3","game":"com.haegin.playtogether2"}
2026-03-01 21:33:59 | {"reason":"user_not_found","key":"SHOP82KCVARA_RL4AEVGL","uid":"842f77c76beacdc3","device_id":"842f77c76beacdc3","game":"com.haegin.playtogether2"}
2026-03-02 00:41:43 | {"reason":"uid_mismatch","key":"FreeKey_IL1g6K","uid":"88d071d8327f73f1","device_id":"88d071d8327f73f1","game":"com.haegin.playtogether2","db_uid":"d3abb6efef246f12439e25278f67b3eb"}
2026-03-02 00:42:03 | {"reason":"uid_mismatch","key":"FreeKey_IL1g6K","uid":"88d071d8327f73f1","device_id":"88d071d8327f73f1","game":"com.haegin.playtogether2","db_uid":"d3abb6efef246f12439e25278f67b3eb"}
2026-03-02 09:54:14 | {"reason":"user_not_found","key":"ZnBFzuMkRo\\n","uid":"82cebf353317c9a7","device_id":"82cebf353317c9a7","game":"com.haegin.playtogether2"}
2026-03-02 09:54:16 | {"reason":"user_not_found","key":"ZnBFzuMkRo\\n","uid":"82cebf353317c9a7","device_id":"82cebf353317c9a7","game":"com.haegin.playtogether2"}
2026-03-02 09:54:30 | {"reason":"user_not_found","key":"ZnBFzuMkRo\\n","uid":"82cebf353317c9a7","device_id":"82cebf353317c9a7","game":"com.haegin.playtogether2"}
2026-03-02 09:58:53 | {"reason":"user_not_found","key":"ZnBFzuMkRo\\n","uid":"82cebf353317c9a7","device_id":"82cebf353317c9a7","game":"com.haegin.playtogether2"}
2026-03-02 09:58:56 | {"reason":"user_not_found","key":"ZnBFzuMkRo\\n","uid":"82cebf353317c9a7","device_id":"82cebf353317c9a7","game":"com.haegin.playtogether2"}
2026-03-02 09:58:58 | {"reason":"user_not_found","key":"ZnBFzuMkRo\\n","uid":"82cebf353317c9a7","device_id":"82cebf353317c9a7","game":"com.haegin.playtogether2"}
2026-03-02 09:59:00 | {"reason":"user_not_found","key":"ZnBFzuMkRo\\n","uid":"82cebf353317c9a7","device_id":"82cebf353317c9a7","game":"com.haegin.playtogether2"}
2026-03-02 09:59:07 | {"reason":"user_not_found","key":"ZnBFzuMkRo\\n","uid":"82cebf353317c9a7","device_id":"82cebf353317c9a7","game":"com.haegin.playtogether2"}
2026-03-02 12:40:36 | {"reason":"user_not_found","key":"concac","uid":"5d5f5d0d223d34e1","device_id":"5d5f5d0d223d34e1","game":"com.haegin.playtogether2"}
2026-03-02 15:33:17 | {"reason":"user_not_found","key":"quocphongwindy291013@gmail.com","uid":"06bc48b9a9d74299","device_id":"06bc48b9a9d74299","game":"com.haegin.playtogether2"}
2026-03-02 17:10:43 | {"reason":"user_not_found","key":"BIGBEDBZHKH2VV","uid":"46ca61e375bcd931","device_id":"46ca61e375bcd931","game":"com.haegin.playtogether2"}
2026-03-02 17:30:10 | {"reason":"user_not_found","key":"admingtb","uid":"61205519d4eaae42","device_id":"61205519d4eaae42","game":"com.haegin.playtogether2"}
2026-03-02 17:39:35 | {"reason":"user_not_found","key":"{\\","uid":"4847613e65293939","device_id":"4847613e65293939","game":"com.haegin.playtogether2"}
2026-03-02 17:39:57 | {"reason":"user_not_found","key":"{\\","uid":"4847613e65293939","device_id":"4847613e65293939","game":"com.haegin.playtogether2"}
2026-03-02 17:39:58 | {"reason":"user_not_found","key":"{\\","uid":"4847613e65293939","device_id":"4847613e65293939","game":"com.haegin.playtogether2"}
2026-03-02 17:40:01 | {"reason":"user_not_found","key":"{\\","uid":"4847613e65293939","device_id":"4847613e65293939","game":"com.haegin.playtogether2"}
2026-03-02 17:40:03 | {"reason":"user_not_found","key":"{\\","uid":"4847613e65293939","device_id":"4847613e65293939","game":"com.haegin.playtogether2"}
2026-03-02 17:45:19 | {"reason":"user_not_found","key":"admingtb","uid":"61205519d4eaae42","device_id":"61205519d4eaae42","game":"com.haegin.playtogether2"}
2026-03-02 21:09:53 | {"reason":"user_not_found","key":"irJchttz2o","uid":"4e65fd68087852f7","device_id":"4e65fd68087852f7","game":"com.haegin.playtogether2"}
2026-03-02 21:09:54 | {"reason":"user_not_found","key":"irJchttz2o","uid":"4e65fd68087852f7","device_id":"4e65fd68087852f7","game":"com.haegin.playtogether2"}
2026-03-02 21:34:03 | {"reason":"user_not_found","key":"UcBRGgLdTVjfiape","uid":"4e65fd68087852f7","device_id":"4e65fd68087852f7","game":"com.haegin.playtogether2"}
2026-03-02 21:34:06 | {"reason":"user_not_found","key":"UcBRGgLdTVjfiape","uid":"4e65fd68087852f7","device_id":"4e65fd68087852f7","game":"com.haegin.playtogether2"}
2026-03-03 01:21:39 | {"reason":"user_not_found","key":"dyxOI5","uid":"4a62abe53637153d","device_id":"4a62abe53637153d","game":"com.haegin.playtogether2"}
2026-03-03 01:21:41 | {"reason":"user_not_found","key":"dyxOI5","uid":"4a62abe53637153d","device_id":"4a62abe53637153d","game":"com.haegin.playtogether2"}
2026-03-03 01:21:45 | {"reason":"user_not_found","key":"dyxOI5","uid":"4a62abe53637153d","device_id":"4a62abe53637153d","game":"com.haegin.playtogether2"}
2026-03-03 01:21:47 | {"reason":"user_not_found","key":"dyxOI5","uid":"4a62abe53637153d","device_id":"4a62abe53637153d","game":"com.haegin.playtogether2"}
2026-03-03 01:42:34 | {"reason":"uid_mismatch","key":"FreeKey_T7vwCp","uid":"90a78c9169a54c2e","device_id":"90a78c9169a54c2e","game":"com.haegin.playtogether2","db_uid":"25e2abfb768be570"}
2026-03-03 01:42:38 | {"reason":"uid_mismatch","key":"FreeKey_T7vwCp","uid":"90a78c9169a54c2e","device_id":"90a78c9169a54c2e","game":"com.haegin.playtogether2","db_uid":"25e2abfb768be570"}
2026-03-03 01:42:55 | {"reason":"uid_mismatch","key":"FreeKey_T7vwCp","uid":"90a78c9169a54c2e","device_id":"90a78c9169a54c2e","game":"com.haegin.playtogether2","db_uid":"25e2abfb768be570"}
2026-03-03 12:09:01 | {"reason":"user_not_found","key":"TQZvTh4Q","uid":"fbcd6268b24631a7","device_id":"fbcd6268b24631a7","game":"com.haegin.playtogether2"}
2026-03-03 12:09:03 | {"reason":"user_not_found","key":"TQZvTh4Q","uid":"fbcd6268b24631a7","device_id":"fbcd6268b24631a7","game":"com.haegin.playtogether2"}
2026-03-03 13:03:20 | {"reason":"user_not_found","key":"loadstring(game:HttpGet(\\","uid":"688e54c1808afd18","device_id":"688e54c1808afd18","game":"com.haegin.playtogether2"}
2026-03-03 16:19:34 | {"reason":"user_not_found","key":"binhdeptraihoi","uid":"30f9f9aaa5f3e8e8","device_id":"30f9f9aaa5f3e8e8","game":"com.haegin.playtogether2"}
2026-03-03 16:19:46 | {"reason":"user_not_found","key":"binhd","uid":"30f9f9aaa5f3e8e8","device_id":"30f9f9aaa5f3e8e8","game":"com.haegin.playtogether2"}
2026-03-03 16:21:42 | {"reason":"user_not_found","key":"binhd","uid":"30f9f9aaa5f3e8e8","device_id":"30f9f9aaa5f3e8e8","game":"com.haegin.playtogether2"}
2026-03-03 16:21:45 | {"reason":"user_not_found","key":"binhd","uid":"30f9f9aaa5f3e8e8","device_id":"30f9f9aaa5f3e8e8","game":"com.haegin.playtogether2"}
2026-03-03 16:21:47 | {"reason":"user_not_found","key":"binhd","uid":"30f9f9aaa5f3e8e8","device_id":"30f9f9aaa5f3e8e8","game":"com.haegin.playtogether2"}
2026-03-03 16:22:11 | {"reason":"user_not_found","key":"binhd","uid":"30f9f9aaa5f3e8e8","device_id":"30f9f9aaa5f3e8e8","game":"com.haegin.playtogether2"}
2026-03-03 16:22:12 | {"reason":"user_not_found","key":"binhd","uid":"30f9f9aaa5f3e8e8","device_id":"30f9f9aaa5f3e8e8","game":"com.haegin.playtogether2"}
2026-03-03 16:55:17 | {"reason":"user_not_found","key":"User: FreeKey_SPrR4g | Game: PLAYTOGETHER PRIME | H\u1ea1n: 1 ng\u00e0y | Thi\u1ebft b\u1ecb: 0/1","uid":"c722738fa82f409b","device_id":"c722738fa82f409b","game":"com.haegin.playtogether2"}
2026-03-03 16:55:42 | {"reason":"user_not_found","key":"User: FreeKey_SPrR4g | Game: PLAYTOGETHER PRIME | H\u1ea1n: 1 ng\u00e0y | Thi\u1ebft b\u1ecb: 0/1","uid":"c722738fa82f409b","device_id":"c722738fa82f409b","game":"com.haegin.playtogether2"}
2026-03-03 16:55:45 | {"reason":"user_not_found","key":"User: FreeKey_SPrR4g | Game: PLAYTOGETHER PRIME | H\u1ea1n: 1 ng\u00e0y | Thi\u1ebft b\u1ecb: 0/1","uid":"c722738fa82f409b","device_id":"c722738fa82f409b","game":"com.haegin.playtogether2"}
2026-03-03 17:22:17 | {"reason":"user_not_found","key":"FREEHGV_UDRVETQK","uid":"556473ffc24f9083","device_id":"556473ffc24f9083","game":"com.haegin.playtogether2"}
2026-03-03 17:22:19 | {"reason":"user_not_found","key":"FREEHGV_UDRVETQK","uid":"556473ffc24f9083","device_id":"556473ffc24f9083","game":"com.haegin.playtogether2"}
2026-03-03 17:22:20 | {"reason":"user_not_found","key":"FREEHGV_UDRVETQK","uid":"556473ffc24f9083","device_id":"556473ffc24f9083","game":"com.haegin.playtogether2"}
2026-03-03 17:22:22 | {"reason":"user_not_found","key":"FREEHGV_UDRVETQK","uid":"556473ffc24f9083","device_id":"556473ffc24f9083","game":"com.haegin.playtogether2"}
2026-03-03 17:22:30 | {"reason":"user_not_found","key":"FREEHGV_UDRVETQK","uid":"556473ffc24f9083","device_id":"556473ffc24f9083","game":"com.haegin.playtogether2"}
2026-03-03 17:22:32 | {"reason":"user_not_found","key":"FREEHGV_UDRVETQK","uid":"556473ffc24f9083","device_id":"556473ffc24f9083","game":"com.haegin.playtogether2"}
2026-03-03 17:44:04 | {"reason":"user_not_found","key":"FREEHGV_MX1N6O0Q","uid":"556473ffc24f9083","device_id":"556473ffc24f9083","game":"com.haegin.playtogether2"}
2026-03-03 19:31:25 | {"reason":"user_not_found","key":"mihquan0609","uid":"b5341c1956f0672b","device_id":"b5341c1956f0672b","game":"com.haegin.playtogether2"}
2026-03-04 05:48:40 | {"reason":"user_not_found","key":"User: FreeKey_YQsKT3 | Game: PLAYTOGETHER PRIME | H\u1ea1n: 1 ng\u00e0y | Thi\u1ebft b\u1ecb: 0/1","uid":"d27a106ccff21f59","device_id":"d27a106ccff21f59","game":"com.haegin.playtogether2"}
2026-03-05 07:57:09 | {"reason":"uid_mismatch","key":"FreeKey_AqW38X","uid":"d27191adffb642fc","device_id":"d27191adffb642fc","game":"com.haegin.playtogether2","db_uid":"8b02116e2b12b563"}
2026-03-05 10:38:24 | {"reason":"user_not_found","key":"https://kissmodkey.online/PLAY_VNG_2.24.1.apk","uid":"078ddfb178b6d8de","device_id":"078ddfb178b6d8de","game":"com.haegin.playtogether2"}
2026-03-05 10:38:25 | {"reason":"user_not_found","key":"https://kissmodkey.online/PLAY_VNG_2.24.1.apk","uid":"078ddfb178b6d8de","device_id":"078ddfb178b6d8de","game":"com.haegin.playtogether2"}
2026-03-05 11:34:30 | {"reason":"user_not_found","key":"dfsimhd","uid":"320010a877f9ec87","device_id":"320010a877f9ec87","game":"com.haegin.playtogether2"}
2026-03-05 11:34:32 | {"reason":"user_not_found","key":"dfsimhd","uid":"320010a877f9ec87","device_id":"320010a877f9ec87","game":"com.haegin.playtogether2"}
2026-03-05 11:36:04 | {"reason":"user_not_found","key":"1234568990","uid":"320010a877f9ec87","device_id":"320010a877f9ec87","game":"com.haegin.playtogether2"}
2026-03-05 17:06:18 | {"reason":"user_not_found","key":"FREE-104d455eff6276b","uid":"0781705a3773310f","device_id":"0781705a3773310f","game":"com.haegin.playtogether2"}
2026-03-05 17:11:34 | {"reason":"user_not_found","key":"modvip88164","uid":"0781705a3773310f","device_id":"0781705a3773310f","game":"com.haegin.playtogether2"}
2026-03-05 17:11:36 | {"reason":"user_not_found","key":"modvip88164","uid":"0781705a3773310f","device_id":"0781705a3773310f","game":"com.haegin.playtogether2"}
2026-03-05 17:11:37 | {"reason":"user_not_found","key":"modvip88164","uid":"0781705a3773310f","device_id":"0781705a3773310f","game":"com.haegin.playtogether2"}
2026-03-05 17:11:41 | {"reason":"user_not_found","key":"modvip88164","uid":"0781705a3773310f","device_id":"0781705a3773310f","game":"com.haegin.playtogether2"}
2026-03-05 17:11:43 | {"reason":"user_not_found","key":"modvip88164","uid":"0781705a3773310f","device_id":"0781705a3773310f","game":"com.haegin.playtogether2"}
2026-03-05 17:12:19 | {"reason":"user_not_found","key":"modvip88164","uid":"0781705a3773310f","device_id":"0781705a3773310f","game":"com.haegin.playtogether2"}
2026-03-06 17:48:47 | {"reason":"uid_mismatch","key":"12345","uid":"f8c668eca31f0ff6","device_id":"f8c668eca31f0ff6","game":"com.haegin.playtogether2","db_uid":"35e4ffdb6950f6ac"}
2026-03-06 17:48:51 | {"reason":"uid_mismatch","key":"12345","uid":"f8c668eca31f0ff6","device_id":"f8c668eca31f0ff6","game":"com.haegin.playtogether2","db_uid":"35e4ffdb6950f6ac"}
2026-03-06 22:17:35 | {"reason":"user_not_found","key":"https://auth.platorelay.com/a?d=zHSR5FbjQ2WcsMDF1iWTmVHYdRo8qCqsPf5Vc2qDSyw2vS8j5GYoQb2Ikn2XcaNfPwxOp5aYzhvHZWVaBNpenzN1iPrPajOelO5nMQBbIgyDAPRNFjSTlstYDCJi5dpZNmMDib42KocFEyBxM0FaZwqgqEsvOczoKKVYz6GIiTE165L29pVoOWqGB0rwULrYopPXrxgx7mjPLZmgxibNKmyNL2YnN9o","uid":"9b308569bf0d3391","device_id":"9b308569bf0d3391","game":"com.haegin.playtogether2"}
2026-03-07 08:11:28 | {"reason":"user_not_found","key":"minhoa","uid":"98e8093e9afe55d1","device_id":"98e8093e9afe55d1","game":"com.haegin.playtogether2"}
2026-03-07 08:11:48 | {"reason":"user_not_found","key":"HoangPhuLuX","uid":"98e8093e9afe55d1","device_id":"98e8093e9afe55d1","game":"com.haegin.playtogether2"}
2026-03-07 08:11:50 | {"reason":"user_not_found","key":"HoangPhuLuX","uid":"98e8093e9afe55d1","device_id":"98e8093e9afe55d1","game":"com.haegin.playtogether2"}
2026-03-07 10:13:07 | {"reason":"user_not_found","key":"@\u200d \u20a9Edits:@bryce: @\u200d \u20a9Edits: loadstring(game:HttpGet(\\","uid":"d170f1a83f1104e8","device_id":"d170f1a83f1104e8","game":"com.haegin.playtogether2"}
2026-03-07 14:43:58 | {"reason":"user_not_found","key":"keyba","uid":"1a168fbbdebb39e3","device_id":"1a168fbbdebb39e3","game":"com.haegin.playtogether2"}
2026-03-07 14:44:35 | {"reason":"user_not_found","key":"https://kissmodkey.online/Getkey.php?admin=dodainam","uid":"1a168fbbdebb39e3","device_id":"1a168fbbdebb39e3","game":"com.haegin.playtogether2"}
2026-03-07 14:45:10 | {"reason":"user_not_found","key":"https://kissmodkey.online/Getkey.php?admin=dodainam","uid":"1a168fbbdebb39e3","device_id":"1a168fbbdebb39e3","game":"com.haegin.playtogether2"}
2026-03-07 14:45:35 | {"reason":"user_not_found","key":"https://kissmodkey.online/Getkey.php?admin=dodainam","uid":"1a168fbbdebb39e3","device_id":"1a168fbbdebb39e3","game":"com.haegin.playtogether2"}
2026-03-07 14:48:37 | {"reason":"user_not_found","key":"https://kissmodkey.online/Getkey.php?admin=dodainam","uid":"1a168fbbdebb39e3","device_id":"1a168fbbdebb39e3","game":"com.haegin.playtogether2"}
2026-03-07 14:48:39 | {"reason":"user_not_found","key":"https://kissmodkey.online/Getkey.php?admin=dodainam","uid":"1a168fbbdebb39e3","device_id":"1a168fbbdebb39e3","game":"com.haegin.playtogether2"}
2026-03-07 14:48:52 | {"reason":"user_not_found","key":"https://kissmodkey.online/Getkey.php?admin=dodainam","uid":"1a168fbbdebb39e3","device_id":"1a168fbbdebb39e3","game":"com.haegin.playtogether2"}
2026-03-07 14:48:58 | {"reason":"user_not_found","key":"https://kissmodkey.online/Getkey.php?admin=dodainam","uid":"1a168fbbdebb39e3","device_id":"1a168fbbdebb39e3","game":"com.haegin.playtogether2"}
2026-03-07 15:18:03 | {"reason":"user_not_found","key":"PhanHongNgocFiFa4TcSm97acD3EJ7HUy8RO","uid":"6a012de10aa024e1","device_id":"6a012de10aa024e1","game":"com.haegin.playtogether2"}
2026-03-07 15:38:42 | {"reason":"user_not_found","key":"T\u1ea3i Play Together Hack MOD APK Menu VIP, Auto C\u00e2u C\u00e1, H\u01a1n 30+ ...","uid":"b839061ec00d169c","device_id":"b839061ec00d169c","game":"com.haegin.playtogether2"}
2026-03-07 21:45:43 | {"reason":"user_not_found","key":"PhanHongNgocFiFajDl8JrgjjuAcgMtMHqT5","uid":"69546412379dce48","device_id":"69546412379dce48","game":"com.haegin.playtogether2"}
2026-03-08 02:27:46 | {"reason":"user_not_found","key":"https://mineurl.com/2c0416","uid":"fcd6e1921efb111f","device_id":"fcd6e1921efb111f","game":"com.haegin.playtogether2"}
2026-03-08 13:50:17 | {"reason":"user_not_found","key":"9tBsxeIJciEmRgoV","uid":"25fdfa0144b6a5cf","device_id":"25fdfa0144b6a5cf","game":"com.haegin.playtogether2"}
2026-03-08 13:50:21 | {"reason":"user_not_found","key":"9tBsxeIJciEmRgoV","uid":"25fdfa0144b6a5cf","device_id":"25fdfa0144b6a5cf","game":"com.haegin.playtogether2"}
2026-03-08 13:50:36 | {"reason":"user_not_found","key":"9tBsxeIJciEmRgoV","uid":"25fdfa0144b6a5cf","device_id":"25fdfa0144b6a5cf","game":"com.haegin.playtogether2"}
2026-03-08 13:50:37 | {"reason":"user_not_found","key":"9tBsxeIJciEmRgoV","uid":"25fdfa0144b6a5cf","device_id":"25fdfa0144b6a5cf","game":"com.haegin.playtogether2"}
2026-03-08 13:50:37 | {"reason":"user_not_found","key":"9tBsxeIJciEmRgoV","uid":"25fdfa0144b6a5cf","device_id":"25fdfa0144b6a5cf","game":"com.haegin.playtogether2"}
2026-03-08 13:50:38 | {"reason":"user_not_found","key":"9tBsxeIJciEmRgoV","uid":"25fdfa0144b6a5cf","device_id":"25fdfa0144b6a5cf","game":"com.haegin.playtogether2"}
2026-03-08 13:50:38 | {"reason":"user_not_found","key":"9tBsxeIJciEmRgoV","uid":"25fdfa0144b6a5cf","device_id":"25fdfa0144b6a5cf","game":"com.haegin.playtogether2"}
2026-03-08 13:50:39 | {"reason":"user_not_found","key":"9tBsxeIJciEmRgoV","uid":"25fdfa0144b6a5cf","device_id":"25fdfa0144b6a5cf","game":"com.haegin.playtogether2"}
2026-03-08 13:50:44 | {"reason":"user_not_found","key":"9tBsxeIJciEmRgoV","uid":"25fdfa0144b6a5cf","device_id":"25fdfa0144b6a5cf","game":"com.haegin.playtogether2"}
2026-03-08 13:50:45 | {"reason":"user_not_found","key":"9tBsxeIJciEmRgoV","uid":"25fdfa0144b6a5cf","device_id":"25fdfa0144b6a5cf","game":"com.haegin.playtogether2"}
2026-03-08 13:50:46 | {"reason":"user_not_found","key":"9tBsxeIJciEmRgoV","uid":"25fdfa0144b6a5cf","device_id":"25fdfa0144b6a5cf","game":"com.haegin.playtogether2"}
2026-03-08 13:50:46 | {"reason":"user_not_found","key":"9tBsxeIJciEmRgoV","uid":"25fdfa0144b6a5cf","device_id":"25fdfa0144b6a5cf","game":"com.haegin.playtogether2"}
2026-03-08 13:50:47 | {"reason":"user_not_found","key":"9tBsxeIJciEmRgoV","uid":"25fdfa0144b6a5cf","device_id":"25fdfa0144b6a5cf","game":"com.haegin.playtogether2"}
2026-03-08 14:08:44 | {"reason":"user_not_found","key":"SHOP16CC4N7M_KS99LXEN","uid":"25fdfa0144b6a5cf","device_id":"25fdfa0144b6a5cf","game":"com.haegin.playtogether2"}
2026-03-08 14:44:01 | {"reason":"user_not_found","key":"prime","uid":"674d5282b57657bd","device_id":"674d5282b57657bd","game":"com.haegin.playtogether2"}
2026-03-08 14:47:03 | {"reason":"user_not_found","key":"VDPLAY_HUEMSLGF","uid":"5e88e4d3503eceed","device_id":"5e88e4d3503eceed","game":"com.haegin.playtogether2"}
2026-03-08 14:52:35 | {"reason":"user_not_found","key":"https://battlecatsarchive.blogspot.com/p/setup-link-terminal.html?request=eyJhIjoiMTAiLCJ0IjoiaHR0cHMlM0ElMkYlMkZtZWdhLm56JTJGZmlsZSUyRmpNVXdpUXpBJTIzcjBHcF9Fc0RMNWdsVzJqNjlYOWJMbU5yTUctcVJtVXpHZi1DX3pCdjdGQSJ9","uid":"b8dce092c93770e8","device_id":"b8dce092c93770e8","game":"com.haegin.playtogether2"}
2026-03-08 15:06:57 | {"reason":"user_not_found","key":"VDPLAY_HUEMSLGF","uid":"5e88e4d3503eceed","device_id":"5e88e4d3503eceed","game":"com.haegin.playtogether2"}
2026-03-08 22:03:04 | {"reason":"user_not_found","key":"tC6gYKyoJDM0EBAs","uid":"33117ee6d69f5f32","device_id":"33117ee6d69f5f32","game":"com.haegin.playtogether2"}
2026-03-08 22:03:14 | {"reason":"user_not_found","key":"tC6gYKyoJDM0EBAs","uid":"33117ee6d69f5f32","device_id":"33117ee6d69f5f32","game":"com.haegin.playtogether2"}
2026-03-09 08:45:43 | {"reason":"user_not_found","key":"\\","uid":"5108e34fb26caffe","device_id":"5108e34fb26caffe","game":"com.haegin.playtogether2"}
2026-03-10 10:59:56 | {"reason":"user_not_found","key":"AcFyMz","uid":"fc83a40219cae73c","device_id":"fc83a40219cae73c","game":"com.haegin.playtogether2"}
2026-03-10 11:00:01 | {"reason":"user_not_found","key":"tuichiurui","uid":"b61ebf4866103829","device_id":"b61ebf4866103829","game":"com.haegin.playtogether2"}
2026-03-10 11:00:19 | {"reason":"user_not_found","key":"tuichiurui","uid":"b61ebf4866103829","device_id":"b61ebf4866103829","game":"com.haegin.playtogether2"}
2026-03-10 11:00:22 | {"reason":"user_not_found","key":"thang","uid":"b61ebf4866103829","device_id":"b61ebf4866103829","game":"com.haegin.playtogether2"}
2026-03-10 11:00:24 | {"reason":"user_not_found","key":"thang","uid":"b61ebf4866103829","device_id":"b61ebf4866103829","game":"com.haegin.playtogether2"}
2026-03-10 12:02:10 | {"reason":"user_not_found","key":"lq82YVvAF8FKQ","uid":"ef18e62e076cea27","device_id":"ef18e62e076cea27","game":"com.haegin.playtogether2"}
2026-03-10 12:02:13 | {"reason":"user_not_found","key":"lq82YVvAF8FKQ","uid":"ef18e62e076cea27","device_id":"ef18e62e076cea27","game":"com.haegin.playtogether2"}
2026-03-10 12:02:46 | {"reason":"user_not_found","key":"lq82YVvAF8FKQ","uid":"ef18e62e076cea27","device_id":"ef18e62e076cea27","game":"com.haegin.playtogether2"}
2026-03-10 12:02:52 | {"reason":"user_not_found","key":"lq82YVvAF8FKQ","uid":"ef18e62e076cea27","device_id":"ef18e62e076cea27","game":"com.haegin.playtogether2"}
2026-03-10 12:02:54 | {"reason":"user_not_found","key":"lq82YVvAF8FKQ","uid":"ef18e62e076cea27","device_id":"ef18e62e076cea27","game":"com.haegin.playtogether2"}
2026-03-10 12:03:27 | {"reason":"user_not_found","key":"lq82YVvAF8FKQ","uid":"ef18e62e076cea27","device_id":"ef18e62e076cea27","game":"com.haegin.playtogether2"}
2026-03-10 13:14:36 | {"reason":"user_not_found","key":"@Ng\u1ecdc B\u1ed5ng Gaming:Link T\u1ea3i: https://discord.gg/MmNsHNDf43","uid":"3392730040dbd47b","device_id":"3392730040dbd47b","game":"com.haegin.playtogether2"}
2026-03-10 13:14:40 | {"reason":"user_not_found","key":"@Ng\u1ecdc B\u1ed5ng Gaming:Link T\u1ea3i: https://discord.gg/MmNsHNDf43","uid":"3392730040dbd47b","device_id":"3392730040dbd47b","game":"com.haegin.playtogether2"}
2026-03-10 22:30:39 | {"reason":"user_not_found","key":"t4tS9s","uid":"a6958082dec6554d","device_id":"a6958082dec6554d","game":"com.haegin.playtogether2"}
2026-03-10 22:30:44 | {"reason":"user_not_found","key":"t4tS9s","uid":"a6958082dec6554d","device_id":"a6958082dec6554d","game":"com.haegin.playtogether2"}
2026-03-10 22:30:49 | {"reason":"user_not_found","key":"t4tS9s","uid":"a6958082dec6554d","device_id":"a6958082dec6554d","game":"com.haegin.playtogether2"}
2026-03-10 22:30:52 | {"reason":"user_not_found","key":"t4tS9s","uid":"a6958082dec6554d","device_id":"a6958082dec6554d","game":"com.haegin.playtogether2"}
2026-03-10 22:31:06 | {"reason":"user_not_found","key":"t4tS9s","uid":"a6958082dec6554d","device_id":"a6958082dec6554d","game":"com.haegin.playtogether2"}
2026-03-10 22:31:44 | {"reason":"user_not_found","key":"t4tS9s","uid":"a6958082dec6554d","device_id":"a6958082dec6554d","game":"com.haegin.playtogether2"}
2026-03-10 22:31:46 | {"reason":"user_not_found","key":"t4tS9s","uid":"a6958082dec6554d","device_id":"a6958082dec6554d","game":"com.haegin.playtogether2"}
2026-03-11 08:45:59 | {"reason":"user_not_found","key":"User: FreeKey_lKBrfd | Game: PLAYTOGETHER PRIME | H\u1ea1n: 1 ng\u00e0y | Thi\u1ebft b\u1ecb: 0/1","uid":"f4175ffed527fe93","device_id":"f4175ffed527fe93","game":"com.haegin.playtogether2"}
2026-03-12 16:48:00 | {"reason":"user_not_found","key":"14TzVSp8","uid":"93d09485f714e68c","device_id":"93d09485f714e68c","game":"com.haegin.playtogether2"}
2026-03-12 22:40:07 | {"reason":"user_not_found","key":"xx-.-45","uid":"ba5ccaaafe1d7c36","device_id":"ba5ccaaafe1d7c36","game":"com.haegin.playtogether2"}
2026-03-13 08:09:32 | {"reason":"user_not_found","key":"https://www.ngocbonggaming.com/2026/02/tai-play-together-hack-mod-apk-menu-vip.html","uid":"0edc157dab7cab70","device_id":"0edc157dab7cab70","game":"com.haegin.playtogether2"}
2026-03-13 18:08:25 | {"reason":"user_not_found","key":"https://kissmodkey.online/keyactived.php?activekey=505a323754434d6244566251596d6b786356344f6c745363686163746950667454366662504a6d75326a66415a4d572f7478524b454c7047756755374b50694f5955765774745930642b4556414f6c446c4a413975513d3d","uid":"b95d6201ab5aae58","device_id":"b95d6201ab5aae58","game":"com.haegin.playtogether2"}
2026-03-13 18:14:17 | {"reason":"user_not_found","key":"https://kissmodkey.online/keyactived.php?activekey=505a323754434d6244566251596d6b786356344f6c745363686163746950667454366662504a6d75326a66415a4d572f7478524b454c7047756755374b50694f5955765774745930642b4556414f6c446c4a413975513d3d","uid":"b95d6201ab5aae58","device_id":"b95d6201ab5aae58","game":"com.haegin.playtogether2"}
2026-03-13 18:14:18 | {"reason":"user_not_found","key":"https://kissmodkey.online/keyactived.php?activekey=505a323754434d6244566251596d6b786356344f6c745363686163746950667454366662504a6d75326a66415a4d572f7478524b454c7047756755374b50694f5955765774745930642b4556414f6c446c4a413975513d3d","uid":"b95d6201ab5aae58","device_id":"b95d6201ab5aae58","game":"com.haegin.playtogether2"}
2026-03-13 18:14:20 | {"reason":"user_not_found","key":"https://kissmodkey.online/keyactived.php?activekey=505a323754434d6244566251596d6b786356344f6c745363686163746950667454366662504a6d75326a66415a4d572f7478524b454c7047756755374b50694f5955765774745930642b4556414f6c446c4a413975513d3d","uid":"b95d6201ab5aae58","device_id":"b95d6201ab5aae58","game":"com.haegin.playtogether2"}
2026-03-13 18:15:00 | {"reason":"user_not_found","key":"https://kissmodkey.online/keyactived.php?activekey=505a323754434d6244566251596d6b786356344f6c745363686163746950667454366662504a6d75326a66415a4d572f7478524b454c7047756755374b50694f5955765774745930642b4556414f6c446c4a413975513d3d","uid":"b95d6201ab5aae58","device_id":"b95d6201ab5aae58","game":"com.haegin.playtogether2"}
2026-03-13 22:36:05 | {"reason":"user_not_found","key":"duyguku","uid":"d3155c351d163254","device_id":"d3155c351d163254","game":"com.haegin.playtogether2"}
2026-03-14 06:09:15 | {"reason":"user_not_found","key":"https://auth.platorelay.com/a?d=1k0kn1uEQgYqrzjl1GuG6CW7V0gaBRa1XFZOPjfFdWmZbNkGXfFI1JMJaua2Xts60DHqQQ8yj0fQPuBHyh8oBc3OqVvVqVpUrtjoCX79YTSvvhfjc4h19nSAfCaXxOIFFdgQCBUcZaeL89fe4GSLlvJQnrJHtDDLQ3fYOBwAmGJvnfVBI3WpfcXhHUD8nTRk6dH1t0pem37RuRyoMlofT8n6E8WYQyl","uid":"f0b5167e686b2a6c","device_id":"f0b5167e686b2a6c","game":"com.haegin.playtogether2"}
2026-03-14 06:09:15 | {"reason":"user_not_found","key":"https://auth.platorelay.com/a?d=1k0kn1uEQgYqrzjl1GuG6CW7V0gaBRa1XFZOPjfFdWmZbNkGXfFI1JMJaua2Xts60DHqQQ8yj0fQPuBHyh8oBc3OqVvVqVpUrtjoCX79YTSvvhfjc4h19nSAfCaXxOIFFdgQCBUcZaeL89fe4GSLlvJQnrJHtDDLQ3fYOBwAmGJvnfVBI3WpfcXhHUD8nTRk6dH1t0pem37RuRyoMlofT8n6E8WYQyl","uid":"f0b5167e686b2a6c","device_id":"f0b5167e686b2a6c","game":"com.haegin.playtogether2"}
2026-03-14 06:09:16 | {"reason":"user_not_found","key":"https://auth.platorelay.com/a?d=1k0kn1uEQgYqrzjl1GuG6CW7V0gaBRa1XFZOPjfFdWmZbNkGXfFI1JMJaua2Xts60DHqQQ8yj0fQPuBHyh8oBc3OqVvVqVpUrtjoCX79YTSvvhfjc4h19nSAfCaXxOIFFdgQCBUcZaeL89fe4GSLlvJQnrJHtDDLQ3fYOBwAmGJvnfVBI3WpfcXhHUD8nTRk6dH1t0pem37RuRyoMlofT8n6E8WYQyl","uid":"f0b5167e686b2a6c","device_id":"f0b5167e686b2a6c","game":"com.haegin.playtogether2"}
2026-03-14 06:09:16 | {"reason":"user_not_found","key":"https://auth.platorelay.com/a?d=1k0kn1uEQgYqrzjl1GuG6CW7V0gaBRa1XFZOPjfFdWmZbNkGXfFI1JMJaua2Xts60DHqQQ8yj0fQPuBHyh8oBc3OqVvVqVpUrtjoCX79YTSvvhfjc4h19nSAfCaXxOIFFdgQCBUcZaeL89fe4GSLlvJQnrJHtDDLQ3fYOBwAmGJvnfVBI3WpfcXhHUD8nTRk6dH1t0pem37RuRyoMlofT8n6E8WYQyl","uid":"f0b5167e686b2a6c","device_id":"f0b5167e686b2a6c","game":"com.haegin.playtogether2"}
2026-03-14 16:07:52 | {"reason":"user_not_found","key":"Dq4hazLAcsQ5Ffjn","uid":"2e7b5bfb2a4e2c66","device_id":"2e7b5bfb2a4e2c66","game":"com.haegin.playtogether2"}
2026-03-14 16:07:56 | {"reason":"user_not_found","key":"Dq4hazLAcsQ5Ffjn","uid":"2e7b5bfb2a4e2c66","device_id":"2e7b5bfb2a4e2c66","game":"com.haegin.playtogether2"}
2026-03-14 16:07:57 | {"reason":"user_not_found","key":"Dq4hazLAcsQ5Ffjn","uid":"2e7b5bfb2a4e2c66","device_id":"2e7b5bfb2a4e2c66","game":"com.haegin.playtogether2"}
2026-03-14 16:07:58 | {"reason":"user_not_found","key":"Dq4hazLAcsQ5Ffjn","uid":"2e7b5bfb2a4e2c66","device_id":"2e7b5bfb2a4e2c66","game":"com.haegin.playtogether2"}
2026-03-14 16:07:58 | {"reason":"user_not_found","key":"Dq4hazLAcsQ5Ffjn","uid":"2e7b5bfb2a4e2c66","device_id":"2e7b5bfb2a4e2c66","game":"com.haegin.playtogether2"}
2026-03-14 16:08:04 | {"reason":"user_not_found","key":"Dq4hazLAcsQ5Ffjn","uid":"2e7b5bfb2a4e2c66","device_id":"2e7b5bfb2a4e2c66","game":"com.haegin.playtogether2"}
